Component: ARM Compiler 5.06 update 5 (build 528) Tool: armlink [4d35e2]

==============================================================================

Section Cross References

    startup_stm32f10x_md.o(RESET) refers to startup_stm32f10x_md.o(STACK) for __initial_sp
    startup_stm32f10x_md.o(RESET) refers to startup_stm32f10x_md.o(.text) for Reset_Handler
    startup_stm32f10x_md.o(RESET) refers to stm32f10x_it.o(.text) for NMI_Handler
    startup_stm32f10x_md.o(RESET) refers to os_cpu_a.o(.text) for PendSV_Handler
    startup_stm32f10x_md.o(.text) refers to system_stm32f10x.o(.text) for SystemInit
    startup_stm32f10x_md.o(.text) refers to entry.o(.ARM.Collect$$$$00000000) for __main
    system_stm32f10x.o(.text) refers to system_stm32f10x.o(.data) for .data
    stm32f10x_gpio.o(.text) refers to stm32f10x_rcc.o(.text) for RCC_APB2PeriphResetCmd
    stm32f10x_rcc.o(.text) refers to stm32f10x_rcc.o(.data) for .data
    stm32f10x_spi.o(.text) refers to stm32f10x_rcc.o(.text) for RCC_APB1PeriphResetCmd
    stm32f10x_usart.o(.text) refers to stm32f10x_rcc.o(.text) for RCC_APB1PeriphResetCmd
    stm32f10x_tim.o(.text) refers to stm32f10x_rcc.o(.text) for RCC_APB2PeriphResetCmd
    stm32f10x_adc.o(.text) refers to stm32f10x_rcc.o(.text) for RCC_APB2PeriphResetCmd
    bsp_led.o(.text) refers to stm32f10x_rcc.o(.text) for RCC_APB2PeriphClockCmd
    bsp_led.o(.text) refers to stm32f10x_gpio.o(.text) for GPIO_Init
    bsp_systick.o(.text) refers to misc.o(.text) for SysTick_CLKSourceConfig
    bsp_systick.o(.text) refers to os_time.o(.text) for OSTimeDly
    bsp_systick.o(.text) refers to system_stm32f10x.o(.data) for SystemCoreClock
    bsp_systick.o(.text) refers to bsp_systick.o(.data) for .data
    bsp_systick.o(.text) refers to os_core.o(.data) for OSRunning
    bsp_usart.o(.text) refers to stm32f10x_rcc.o(.text) for RCC_APB2PeriphClockCmd
    bsp_usart.o(.text) refers to stm32f10x_gpio.o(.text) for GPIO_Init
    bsp_usart.o(.text) refers to stm32f10x_usart.o(.text) for USART_Init
    bsp_usart.o(.text) refers to fmul.o(.text) for __aeabi_fmul
    bsp_usart.o(.text) refers to ffixi.o(.text) for __aeabi_f2iz
    bsp_enc28j60.o(.text) refers to stm32f10x_gpio.o(.text) for GPIO_ResetBits
    bsp_enc28j60.o(.text) refers to bsp_spi.o(.text) for spi_rw
    bsp_enc28j60.o(.text) refers to stm32f10x_rcc.o(.text) for RCC_APB2PeriphClockCmd
    bsp_enc28j60.o(.text) refers to bsp_enc28j60.o(.data) for .data
    bsp_spi.o(.text) refers to stm32f10x_rcc.o(.text) for RCC_APB2PeriphClockCmd
    bsp_spi.o(.text) refers to stm32f10x_gpio.o(.text) for GPIO_Init
    bsp_spi.o(.text) refers to stm32f10x_spi.o(.text) for SPI_Cmd
    bsp_pwm.o(.text) refers to stm32f10x_rcc.o(.text) for RCC_APB2PeriphClockCmd
    bsp_pwm.o(.text) refers to stm32f10x_gpio.o(.text) for GPIO_Init
    bsp_pwm.o(.text) refers to stm32f10x_tim.o(.text) for TIM_DeInit
    bsp_pwm.o(.text) refers to bsp_pwm.o(.data) for .data
    bsp_sw.o(.text) refers to stm32f10x_gpio.o(.text) for GPIO_ResetBits
    bsp_sw.o(.text) refers to stm32f10x_rcc.o(.text) for RCC_APB2PeriphClockCmd
    bsp_logic.o(.text) refers to stm32f10x_rcc.o(.text) for RCC_APB2PeriphClockCmd
    bsp_logic.o(.text) refers to stm32f10x_gpio.o(.text) for GPIO_Init
    bsp_logic.o(.text) refers to bsp_74hc595.o(.text) for _74hc595_send_n_char
    bsp_temp.o(.text) refers to stm32f10x_rcc.o(.text) for RCC_APB2PeriphClockCmd
    bsp_temp.o(.text) refers to stm32f10x_adc.o(.text) for ADC_DeInit
    bsp_temp.o(.text) refers to dflti.o(.text) for __aeabi_i2d
    bsp_temp.o(.text) refers to ddiv.o(.text) for __aeabi_ddiv
    bsp_temp.o(.text) refers to dadd.o(.text) for __aeabi_dadd
    bsp_temp.o(.text) refers to dmul.o(.text) for __aeabi_dmul
    bsp_temp.o(.text) refers to dfixi.o(.text) for __aeabi_d2iz
    bsp_temp.o(.text) refers to bsp_temp.o(.data) for .data
    os_cpu_a.o(.text) refers to os_core.o(.data) for OSRunning
    os_cpu_a.o(.text) refers to os_cpu_c.o(.text) for OSTaskSwHook
    os_core.o(.text) refers to os_cpu_a.o(.text) for OS_CPU_SR_Save
    os_core.o(.text) refers to os_cpu_c.o(.text) for OSTaskIdleHook
    os_core.o(.text) refers to os_core.o(.data) for .data
    os_core.o(.text) refers to os_core.o(.constdata) for .constdata
    os_core.o(.text) refers to os_core.o(.bss) for .bss
    os_core.o(.text) refers to os_q.o(.text) for OS_QInit
    os_core.o(.text) refers to os_task.o(.text) for OSTaskCreateExt
    os_q.o(.text) refers to os_cpu_a.o(.text) for OS_CPU_SR_Save
    os_q.o(.text) refers to os_core.o(.text) for OS_EventWaitListInit
    os_q.o(.text) refers to os_core.o(.data) for OSIntNesting
    os_q.o(.text) refers to os_core.o(.data) for OSQFreeList
    os_q.o(.text) refers to os_core.o(.bss) for OSQTbl
    os_sem.o(.text) refers to os_cpu_a.o(.text) for OS_CPU_SR_Save
    os_sem.o(.text) refers to os_core.o(.text) for OS_EventWaitListInit
[...]
    ../clib/microlib/init/entry.s            0x00000000   Number         0  entry9a.o ABSOLUTE
    ../clib/microlib/init/entry.s            0x00000000   Number         0  entry9b.o ABSOLUTE
    ../clib/microlib/init/entry.s            0x00000000   Number         0  entry10a.o ABSOLUTE
    ../clib/microlib/init/entry.s            0x00000000   Number         0  entry10b.o ABSOLUTE
    ../clib/microlib/init/entry.s            0x00000000   Number         0  entry11a.o ABSOLUTE
    ../clib/microlib/init/entry.s            0x00000000   Number         0  entry11b.o ABSOLUTE
    ../clib/microlib/init/entry.s            0x00000000   Number         0  entry.o ABSOLUTE
    ../clib/microlib/init/entry.s            0x00000000   Number         0  entry2.o ABSOLUTE
    ../clib/microlib/init/entry.s            0x00000000   Number         0  entry7a.o ABSOLUTE
    ../clib/microlib/init/entry.s            0x00000000   Number         0  entry7b.o ABSOLUTE
    ../clib/microlib/init/entry.s            0x00000000   Number         0  entry8a.o ABSOLUTE
    ../clib/microlib/init/entry.s            0x00000000   Number         0  entry8b.o ABSOLUTE
    ../clib/microlib/longlong.c              0x00000000   Number         0  llsshr.o ABSOLUTE
    ../clib/microlib/longlong.c              0x00000000   Number         0  llushr.o ABSOLUTE
    ../clib/microlib/longlong.c              0x00000000   Number         0  llshl.o ABSOLUTE
    ../clib/microlib/printf/printf.c         0x00000000   Number         0  printf4.o ABSOLUTE
    ../clib/microlib/printf/printf.c         0x00000000   Number         0  printf1.o ABSOLUTE
    ../clib/microlib/printf/printf.c         0x00000000   Number         0  printf2.o ABSOLUTE
    ../clib/microlib/printf/printf.c         0x00000000   Number         0  printf3.o ABSOLUTE
    ../clib/microlib/printf/printf.c         0x00000000   Number         0  printf7.o ABSOLUTE
    ../clib/microlib/printf/printf.c         0x00000000   Number         0  printfa.o ABSOLUTE
    ../clib/microlib/printf/printf.c         0x00000000   Number         0  printf8.o ABSOLUTE
    ../clib/microlib/printf/printf.c         0x00000000   Number         0  printf5.o ABSOLUTE
    ../clib/microlib/printf/printf.c         0x00000000   Number         0  printf0.o ABSOLUTE
    ../clib/microlib/printf/printf.c         0x00000000   Number         0  printf6.o ABSOLUTE
    ../clib/microlib/printf/printf.c         0x00000000   Number         0  printfb.o ABSOLUTE
    ../clib/microlib/stdio/streams.c         0x00000000   Number         0  stdout.o ABSOLUTE
    ../clib/microlib/string/memcmp.c         0x00000000   Number         0  memcmp.o ABSOLUTE
    ../clib/microlib/string/memcpy.c         0x00000000   Number         0  memcpyb.o ABSOLUTE
    ../clib/microlib/string/memcpy.c         0x00000000   Number         0  memcpya.o ABSOLUTE
    ../clib/microlib/string/memset.c         0x00000000   Number         0  memseta.o ABSOLUTE
    ../clib/microlib/string/strcat.c         0x00000000   Number         0  strcat.o ABSOLUTE
    ../clib/microlib/string/strcpy.c         0x00000000   Number         0  strcpy.o ABSOLUTE
    ../clib/microlib/string/strlen.c         0x00000000   Number         0  strlen.o ABSOLUTE
    ../clib/microlib/stubs.s                 0x00000000   Number         0  iusefp.o ABSOLUTE
    ../fplib/microlib/fpadd.c                0x00000000   Number         0  dadd.o ABSOLUTE
    ../fplib/microlib/fpdiv.c                0x00000000   Number         0  ddiv.o ABSOLUTE
    ../fplib/microlib/fpepilogue.c           0x00000000   Number         0  depilogue.o ABSOLUTE
    ../fplib/microlib/fpfix.c                0x00000000   Number         0  dfixi.o ABSOLUTE
    ../fplib/microlib/fpfix.c                0x00000000   Number         0  ffixi.o ABSOLUTE
    ../fplib/microlib/fpfix.c                0x00000000   Number         0  dfixul.o ABSOLUTE
    ../fplib/microlib/fpflt.c                0x00000000   Number         0  dflti.o ABSOLUTE
    ../fplib/microlib/fpmul.c                0x00000000   Number         0  fmul.o ABSOLUTE
    ../fplib/microlib/fpmul.c                0x00000000   Number         0  dmul.o ABSOLUTE
    ..\\cmsis\\CoreSupport\\core_cm3.c       0x00000000   Number         0  core_cm3.o ABSOLUTE
    ..\bsp\bsp_74hc595.c                     0x00000000   Number         0  bsp_74hc595.o ABSOLUTE
    ..\bsp\bsp_enc28j60.c                    0x00000000   Number         0  bsp_enc28j60.o ABSOLUTE
    ..\bsp\bsp_led.c                         0x00000000   Number         0  bsp_led.o ABSOLUTE
    ..\bsp\bsp_logic.c                       0x00000000   Number         0  bsp_logic.o ABSOLUTE
    ..\bsp\bsp_pwm.c                         0x00000000   Number         0  bsp_pwm.o ABSOLUTE
    ..\bsp\bsp_spi.c                         0x00000000   Number         0  bsp_spi.o ABSOLUTE
    ..\bsp\bsp_sw.c                          0x00000000   Number         0  bsp_sw.o ABSOLUTE
    ..\bsp\bsp_systick.c                     0x00000000   Number         0  bsp_systick.o ABSOLUTE
    ..\bsp\bsp_temp.c                        0x00000000   Number         0  bsp_temp.o ABSOLUTE
    ..\bsp\bsp_usart.c                       0x00000000   Number         0  bsp_usart.o ABSOLUTE
    ..\cmsis\CoreSupport\core_cm3.c          0x00000000   Number         0  core_cm3.o ABSOLUTE
    ..\cmsis\DeviceSupport\ST\STM32F10x\system_stm32f10x.c 0x00000000   Number         0  system_stm32f10x.o ABSOLUTE
    ..\library\src\misc.c                    0x00000000   Number         0  misc.o ABSOLUTE
    ..\library\src\stm32f10x_adc.c           0x00000000   Number         0  stm32f10x_adc.o ABSOLUTE
    ..\library\src\stm32f10x_dma.c           0x00000000   Number         0  stm32f10x_dma.o ABSOLUTE
    ..\library\src\stm32f10x_gpio.c          0x00000000   Number         0  stm32f10x_gpio.o ABSOLUTE
    ..\library\src\stm32f10x_rcc.c           0x00000000   Number         0  stm32f10x_rcc.o ABSOLUTE
    ..\library\src\stm32f10x_spi.c           0x00000000   Number         0  stm32f10x_spi.o ABSOLUTE
    ..\library\src\stm32f10x_tim.c           0x00000000   Number         0  stm32f10x_tim.o ABSOLUTE
    ..\library\src\stm32f10x_usart.c         0x00000000   Number         0  stm32f10x_usart.o ABSOLUTE
    ..\os\core\os_core.c                     0x00000000   Number         0  os_core.o ABSOLUTE
    ..\os\core\os_flag.c                     0x00000000   Number         0  os_flag.o ABSOLUTE
    ..\os\core\os_mbox.c                     0x00000000   Number         0  os_mbox.o ABSOLUTE
    ..\os\core\os_mem.c                      0x00000000   Number         0  os_mem.o ABSOLUTE
    ..\os\core\os_mutex.c                    0x00000000   Number         0  os_mutex.o ABSOLUTE
    ..\os\core\os_q.c                        0x00000000   Number         0  os_q.o ABSOLUTE
    ..\os\core\os_sem.c                      0x00000000   Number         0  os_sem.o ABSOLUTE
    ..\os\core\os_task.c                     0x00000000   Number         0  os_task.o ABSOLUTE
    ..\os\core\os_time.c                     0x00000000   Number         0  os_time.o ABSOLUTE
    ..\os\core\os_tmr.c                      0x00000000   Number         0  os_tmr.o ABSOLUTE
    ..\os\ports\os_cpu_a.asm                 0x00000000   Number         0  os_cpu_a.o ABSOLUTE
    ..\os\ports\os_cpu_c.c                   0x00000000   Number         0  os_cpu_c.o ABSOLUTE
    ..\os\ports\os_dbg.c                     0x00000000   Number         0  os_dbg.o ABSOLUTE
    ..\os_app\app_mian.c                     0x00000000   Number         0  app_mian.o ABSOLUTE
    ..\startup\startup_stm32f10x_md.s        0x00000000   Number         0  startup_stm32f10x_md.o ABSOLUTE
    ..\uip-1.0\uip\psock.c                   0x00000000   Number         0  psock.o ABSOLUTE
    ..\uip-1.0\uip\uip-fw.c                  0x00000000   Number         0  uip-fw.o ABSOLUTE
    ..\uip-1.0\uip\uip-neighbor.c            0x00000000   Number         0  uip-neighbor.o ABSOLUTE
    ..\uip-1.0\uip\uip-split.c               0x00000000   Number         0  uip-split.o ABSOLUTE
    ..\uip-1.0\uip\uip.c                     0x00000000   Number         0  uip.o ABSOLUTE
    ..\uip-1.0\uip\uip_arp.c                 0x00000000   Number         0  uip_arp.o ABSOLUTE
    ..\uip-1.0\uip\uiplib.c                  0x00000000   Number         0  uiplib.o ABSOLUTE
    ..\uip-app\tapdev.c                      0x00000000   Number         0  tapdev.o ABSOLUTE
    ..\uip-app\timer.c                       0x00000000   Number         0  timer.o ABSOLUTE
    ..\uip-app\uip_user_call.c               0x00000000   Number         0  uip_user_call.o ABSOLUTE
    ..\user\get_arg.c                        0x00000000   Number         0  get_arg.o ABSOLUTE
    ..\user\main.c                           0x00000000   Number         0  main.o ABSOLUTE
    ..\user\stm32f10x_it.c                   0x00000000   Number         0  stm32f10x_it.o ABSOLUTE
    cdrcmple.s                               0x00000000   Number         0  cdrcmple.o ABSOLUTE
    dc.s                                     0x00000000   Number         0  dc.o ABSOLUTE
    handlers.s                               0x00000000   Number         0  handlers.o ABSOLUTE
    init.s                                   0x00000000   Number         0  init.o ABSOLUTE
    RESET                                    0x08000000   Section      236  startup_stm32f10x_md.o(RESET)
    .ARM.Collect$$$$00000000                 0x080000ec   Section        0  entry.o(.ARM.Collect$$$$00000000)
    .ARM.Collect$$$$00000001                 0x080000ec   Section        4  entry2.o(.ARM.Collect$$$$00000001)
    .ARM.Collect$$$$00000004                 0x080000f0   Section        4  entry5.o(.ARM.Collect$$$$00000004)
    .ARM.Collect$$$$00000008                 0x080000f4   Section        0  entry7b.o(.ARM.Collect$$$$00000008)
    .ARM.Collect$$$$0000000A                 0x080000f4   Section        0  entry8b.o(.ARM.Collect$$$$0000000A)
    .ARM.Collect$$$$0000000B                 0x080000f4   Section        8  entry9a.o(.ARM.Collect$$$$0000000B)
    .ARM.Collect$$$$0000000D                 0x080000fc   Section        0  entry10a.o(.ARM.Collect$$$$0000000D)
    .ARM.Collect$$$$0000000F                 0x080000fc   Section        0  entry11a.o(.ARM.Collect$$$$0000000F)
    .ARM.Collect$$$$00002712                 0x080000fc   Section        4  entry2.o(.ARM.Collect$$$$00002712)
    __lit__00000000                          0x080000fc   Data           4  entry2.o(.ARM.Collect$$$$00002712)
    .text                                    0x08000100   Section       36  startup_stm32f10x_md.o(.text)
    .text                                    0x08000124   Section        0  system_stm32f10x.o(.text)
    .text                                    0x0800027c   Section        0  misc.o(.text)
    .text                                    0x08000340   Section        0  stm32f10x_gpio.o(.text)
    .text                                    0x08000610   Section        0  stm32f10x_rcc.o(.text)
    .text                                    0x080008e8   Section        0  stm32f10x_spi.o(.text)
    .text                                    0x08000b98   Section        0  stm32f10x_usart.o(.text)
    .text                                    0x08000ef4   Section        0  stm32f10x_tim.o(.text)
    TI2_Config                               0x080013e7   Thumb Code   124  stm32f10x_tim.o(.text)
    TI1_Config                               0x08001b75   Thumb Code   122  stm32f10x_tim.o(.text)
    .text                                    0x08001bf0   Section        0  stm32f10x_adc.o(.text)
    .text                                    0x08001f70   Section        0  bsp_led.o(.text)
    .text                                    0x08001fbc   Section        0  bsp_systick.o(.text)
    .text                                    0x0800208c   Section        0  bsp_usart.o(.text)
    .text                                    0x080022f0   Section        0  bsp_enc28j60.o(.text)
    .text                                    0x08002938   Section        0  bsp_spi.o(.text)
    .text                                    0x08002a14   Section        0  bsp_pwm.o(.text)
    .text                                    0x08002bbc   Section        0  bsp_sw.o(.text)
    .text                                    0x08002c5c   Section        0  bsp_74hc595.o(.text)
    .text                                    0x08002da0   Section        0  bsp_logic.o(.text)
    .text                                    0x08002de4   Section        0  bsp_temp.o(.text)
    .text                                    0x08002eec   Section      164  os_cpu_a.o(.text)
    .text                                    0x08002f90   Section        0  os_cpu_c.o(.text)
    .text                                    0x08003018   Section        0  os_core.o(.text)
    .text                                    0x08003990   Section        0  os_q.o(.text)
    .text                                    0x08003edc   Section        0  os_sem.o(.text)
    .text                                    0x08004208   Section        0  os_task.o(.text)
    .text                                    0x08004628   Section        0  os_time.o(.text)
    .text                                    0x080047bc   Section        0  app_mian.o(.text)
    sig_process_status                       0x080047bd   Thumb Code   140  app_mian.o(.text)
    .text                                    0x08004be8   Section        0  uip.o(.text)
    uip_add_rcv_nxt                          0x08004e59   Thumb Code    38  uip.o(.text)
    chksum                                   0x080057a5   Thumb Code    62  uip.o(.text)
    .text                                    0x080057ec   Section        0  uip_arp.o(.text)
    uip_arp_update                           0x08005851   Thumb Code   198  uip_arp.o(.text)
    .text                                    0x08005b14   Section        0  tapdev.o(.text)
    .text                                    0x08005b70   Section        0  timer.o(.text)
    .text                                    0x08005bb4   Section        0  uip_user_call.o(.text)
    .text                                    0x08005dec   Section        0  main.o(.text)
    .text                                    0x08005e98   Section        0  stm32f10x_it.o(.text)
    .text                                    0x08005ecc   Section        0  get_arg.o(.text)
    .text                                    0x08005f8e   Section        0  memcpya.o(.text)
    .text                                    0x08005fb2   Section        0  memseta.o(.text)
    .text                                    0x08005fd6   Section        0  strcat.o(.text)
    .text                                    0x08005fee   Section        0  strlen.o(.text)
    .text                                    0x08005ffc   Section        0  memcmp.o(.text)
    .text                                    0x08006016   Section        0  strcpy.o(.text)
    .text                                    0x08006028   Section        0  fmul.o(.text)
    .text                                    0x0800608c   Section        0  dadd.o(.text)
    .text                                    0x080061da   Section        0  dmul.o(.text)
    .text                                    0x080062be   Section        0  ddiv.o(.text)
    .text                                    0x0800639c   Section        0  dflti.o(.text)
    .text                                    0x080063be   Section        0  ffixi.o(.text)
    .text                                    0x080063f0   Section        0  dfixi.o(.text)
    .text                                    0x0800642e   Section        0  llshl.o(.text)
    .text                                    0x0800644c   Section        0  llushr.o(.text)
    .text                                    0x0800646c   Section        0  llsshr.o(.text)
    .text                                    0x08006490   Section        0  iusefp.o(.text)
    .text                                    0x08006490   Section        0  depilogue.o(.text)
    .text                                    0x0800654c   Section       36  init.o(.text)
    i.__ARM_common_memclr4_6                 0x08006570   Section        0  uip_arp.o(i.__ARM_common_memclr4_6)
    i.__ARM_common_memset4_6                 0x08006578   Section        0  uip_arp.o(i.__ARM_common_memset4_6)
    i.__scatterload_copy                     0x08006588   Section       14  handlers.o(i.__scatterload_copy)
    i.__scatterload_null                     0x08006596   Section        2  handlers.o(i.__scatterload_null)
    i.__scatterload_zeroinit                 0x08006598   Section       14  handlers.o(i.__scatterload_zeroinit)
    .constdata                               0x080065a6   Section      256  os_core.o(.constdata)
    .constdata                               0x080066a6   Section        6  uip_arp.o(.constdata)
    broadcast_ethaddr                        0x080066a6   Data           6  uip_arp.o(.constdata)
    .data                                    0x20000000   Section       20  system_stm32f10x.o(.data)
    .data                                    0x20000014   Section       20  stm32f10x_rcc.o(.data)
    ADCPrescTable                            0x20000014   Data           4  stm32f10x_rcc.o(.data)
    APBAHBPrescTable                         0x20000018   Data          16  stm32f10x_rcc.o(.data)
    .data                                    0x20000028   Section        4  bsp_systick.o(.data)
    fac_us                                   0x20000028   Data           1  bsp_systick.o(.data)
    fac_ms                                   0x2000002a   Data           2  bsp_systick.o(.data)
    .data                                    0x2000002c   Section        4  bsp_enc28j60.o(.data)
    enc28j60_bank                            0x2000002c   Data           1  bsp_enc28j60.o(.data)
    next_pkt                                 0x2000002e   Data           2  bsp_enc28j60.o(.data)
    .data                                    0x20000030   Section        2  bsp_pwm.o(.data)
    pwm_freq                                 0x20000030   Data           2  bsp_pwm.o(.data)
    .data                                    0x20000032   Section        2  bsp_temp.o(.data)
    .data                                    0x20000034   Section        8  bsp_temp.o(.data)
    .data                                    0x2000003c   Section       44  os_core.o(.data)
    .data                                    0x20000068   Section        4  os_core.o(.data)
    .data                                    0x2000006c   Section       26  app_mian.o(.data)
    .data                                    0x20000086   Section        6  uip.o(.data)
    .data                                    0x2000008c   Section       40  uip.o(.data)
    c                                        0x2000008d   Data           1  uip.o(.data)
    opt                                      0x2000008e   Data           1  uip.o(.data)
    ipid                                     0x20000094   Data           2  uip.o(.data)
    lastport                                 0x20000096   Data           2  uip.o(.data)
    tmp16                                    0x20000098   Data           2  uip.o(.data)
    iss                                      0x200000ac   Data           4  uip.o(.data)
    .data                                    0x200000b4   Section        4  uip.o(.data)
    .data                                    0x200000b8   Section        4  uip.o(.data)
    .data                                    0x200000bc   Section        8  uip_arp.o(.data)
    i                                        0x200000bc   Data           1  uip_arp.o(.data)
    c                                        0x200000bd   Data           1  uip_arp.o(.data)
    arptime                                  0x200000be   Data           1  uip_arp.o(.data)
    tmpage                                   0x200000bf   Data           1  uip_arp.o(.data)
    ipaddr                                   0x200000c0   Data           4  uip_arp.o(.data)
    .data                                    0x200000c4   Section       12  tapdev.o(.data)
    ethernet_mac                             0x200000c4   Data           6  tapdev.o(.data)
    .data                                    0x200000d0   Section        4  timer.o(.data)
    .data                                    0x200000d4   Section       20  uip_user_call.o(.data)
    i                                        0x200000d5   Data           1  uip_user_call.o(.data)
    periodic_timer                           0x200000d8   Data           8  uip_user_call.o(.data)
    arp_timer                                0x200000e0   Data           8  uip_user_call.o(.data)
    .bss                                     0x200000e8   Section     4104  os_core.o(.bss)
    .bss                                     0x200010f0   Section       96  os_core.o(.bss)
    .bss                                     0x20001150   Section      256  app_mian.o(.bss)
    .bss                                     0x20001250   Section    12544  app_mian.o(.bss)
    .bss                                     0x20004350   Section      304  uip.o(.bss)
    .bss                                     0x20004480   Section       96  uip_arp.o(.bss)
    arp_table                                0x20004480   Data          96  uip_arp.o(.bss)
    .bss                                     0x200044e0   Section      256  uip_user_call.o(.bss)
    .bss                                     0x200045e0   Section      128  get_arg.o(.bss)
    STACK                                    0x20004660   Section     1024  startup_stm32f10x_md.o(STACK)

    Global Symbols

    Symbol Name                              Value     Ov Type        Size  Object(Section)

    BuildAttributes$$THM_ISAv4$P$D$K$B$S$PE$A:L22UL41UL21$X:L11$S22US41US21$IEEE1$IW$USESV6$~STKCKD$USESV7$~SHL$OTIME$ROPI$EBA8$MICROLIB$REQ8$PRES8$EABIv2 0x00000000   Number         0  anon$$obj.o ABSOLUTE
    __ARM_use_no_argv                        0x00000000   Number         0  main.o ABSOLUTE
    __cpp_initialize__aeabi_                  - Undefined Weak Reference
    __cxa_finalize                            - Undefined Weak Reference
    __decompress                              - Undefined Weak Reference
    _clock_init                               - Undefined Weak Reference
    _microlib_exit                            - Undefined Weak Reference
    __Vectors_Size                           0x000000ec   Number         0  startup_stm32f10x_md.o ABSOLUTE
    __Vectors                                0x08000000   Data           4  startup_stm32f10x_md.o(RESET)
    __Vectors_End                            0x080000ec   Data           0  startup_stm32f10x_md.o(RESET)
    __main                                   0x080000ed   Thumb Code     0  entry.o(.ARM.Collect$$$$00000000)
    _main_stk                                0x080000ed   Thumb Code     0  entry2.o(.ARM.Collect$$$$00000001)
    _main_scatterload                        0x080000f1   Thumb Code     0  entry5.o(.ARM.Collect$$$$00000004)
    __main_after_scatterload                 0x080000f5   Thumb Code     0  entry5.o(.ARM.Collect$$$$00000004)
    _main_clock                              0x080000f5   Thumb Code     0  entry7b.o(.ARM.Collect$$$$00000008)
    _main_cpp_init                           0x080000f5   Thumb Code     0  entry8b.o(.ARM.Collect$$$$0000000A)
    _main_init                               0x080000f5   Thumb Code     0  entry9a.o(.ARM.Collect$$$$0000000B)
    __rt_final_cpp                           0x080000fd   Thumb Code     0  entry10a.o(.ARM.Collect$$$$0000000D)
    __rt_final_exit                          0x080000fd   Thumb Code     0  entry11a.o(.ARM.Collect$$$$0000000F)
    Reset_Handler                            0x08000101   Thumb Code     8  startup_stm32f10x_md.o(.text)
    ADC1_2_IRQHandler                        0x0800011b   Thumb Code     0  startup_stm32f10x_md.o(.text)
    CAN1_RX1_IRQHandler                      0x0800011b   Thumb Code     0  startup_stm32f10x_md.o(.text)
    CAN1_SCE_IRQHandler                      0x0800011b   Thumb Code     0  startup_stm32f10x_md.o(.text)
    DMA1_Channel1_IRQHandler                 0x0800011b   Thumb Code     0  startup_stm32f10x_md.o(.text)
    DMA1_Channel2_IRQHandler                 0x0800011b   Thumb Code     0  startup_stm32f10x_md.o(.text)
    DMA1_Channel3_IRQHandler                 0x0800011b   Thumb Code     0  startup_stm32f10x_md.o(.text)
    DMA1_Channel4_IRQHandler                 0x0800011b   Thumb Code     0  startup_stm32f10x_md.o(.text)
    DMA1_Channel5_IRQHandler                 0x0800011b   Thumb Code     0  startup_stm32f10x_md.o(.text)
    DMA1_Channel6_IRQHandler                 0x0800011b   Thumb Code     0  startup_stm32f10x_md.o(.text)
    DMA1_Channel7_IRQHandler                 0x0800011b   Thumb Code     0  startup_stm32f10x_md.o(.text)
    EXTI0_IRQHandler                         0x0800011b   Thumb Code     0  startup_stm32f10x_md.o(.text)
    EXTI15_10_IRQHandler                     0x0800011b   Thumb Code     0  startup_stm32f10x_md.o(.text)
    EXTI1_IRQHandler                         0x0800011b   Thumb Code     0  startup_stm32f10x_md.o(.text)
    EXTI2_IRQHandler                         0x0800011b   Thumb Code     0  startup_stm32f10x_md.o(.text)
    EXTI3_IRQHandler                         0x0800011b   Thumb Code     0  startup_stm32f10x_md.o(.text)
    EXTI4_IRQHandler                         0x0800011b   Thumb Code     0  startup_stm32f10x_md.o(.text)
    EXTI9_5_IRQHandler                       0x0800011b   Thumb Code     0  startup_stm32f10x_md.o(.text)
    FLASH_IRQHandler                         0x0800011b   Thumb Code     0  startup_stm32f10x_md.o(.text)
    I2C1_ER_IRQHandler                       0x0800011b   Thumb Code     0  startup_stm32f10x_md.o(.text)
    I2C1_EV_IRQHandler                       0x0800011b   Thumb Code     0  startup_stm32f10x_md.o(.text)
    I2C2_ER_IRQHandler                       0x0800011b   Thumb Code     0  startup_stm32f10x_md.o(.text)
    I2C2_EV_IRQHandler                       0x0800011b   Thumb Code     0  startup_stm32f10x_md.o(.text)
    PVD_IRQHandler                           0x0800011b   Thumb Code     0  startup_stm32f10x_md.o(.text)
    RCC_IRQHandler                           0x0800011b   Thumb Code     0  startup_stm32f10x_md.o(.text)
    RTCAlarm_IRQHandler                      0x0800011b   Thumb Code     0  startup_stm32f10x_md.o(.text)
    RTC_IRQHandler                           0x0800011b   Thumb Code     0  startup_stm32f10x_md.o(.text)
    SPI1_IRQHandler                          0x0800011b   Thumb Code     0  startup_stm32f10x_md.o(.text)
    SPI2_IRQHandler                          0x0800011b   Thumb Code     0  startup_stm32f10x_md.o(.text)
    TAMPER_IRQHandler                        0x0800011b   Thumb Code     0  startup_stm32f10x_md.o(.text)
    TIM1_BRK_IRQHandler                      0x0800011b   Thumb Code     0  startup_stm32f10x_md.o(.text)
    TIM1_CC_IRQHandler                       0x0800011b   Thumb Code     0  startup_stm32f10x_md.o(.text)
    TIM1_TRG_COM_IRQHandler                  0x0800011b   Thumb Code     0  startup_stm32f10x_md.o(.text)
    TIM1_UP_IRQHandler                       0x0800011b   Thumb Code     0  startup_stm32f10x_md.o(.text)
    TIM2_IRQHandler                          0x0800011b   Thumb Code     0  startup_stm32f10x_md.o(.text)
    TIM3_IRQHandler                          0x0800011b   Thumb Code     0  startup_stm32f10x_md.o(.text)
    TIM4_IRQHandler                          0x0800011b   Thumb Code     0  startup_stm32f10x_md.o(.text)
    USART1_IRQHandler                        0x0800011b   Thumb Code     0  startup_stm32f10x_md.o(.text)
    USART2_IRQHandler                        0x0800011b   Thumb Code     0  startup_stm32f10x_md.o(.text)
    USART3_IRQHandler                        0x0800011b   Thumb Code     0  startup_stm32f10x_md.o(.text)
    USBWakeUp_IRQHandler                     0x0800011b   Thumb Code     0  startup_stm32f10x_md.o(.text)
    USB_HP_CAN1_TX_IRQHandler                0x0800011b   Thumb Code     0  startup_stm32f10x_md.o(.text)
    USB_LP_CAN1_RX0_IRQHandler               0x0800011b   Thumb Code     0  startup_stm32f10x_md.o(.text)
    WWDG_IRQHandler                          0x0800011b   Thumb Code     0  startup_stm32f10x_md.o(.text)
    SystemInit                               0x08000125   Thumb Code   222  system_stm32f10x.o(.text)
    SystemCoreClockUpdate                    0x08000203   Thumb Code    90  system_stm32f10x.o(.text)
    NVIC_PriorityGroupConfig                 0x0800027d   Thumb Code    14  misc.o(.text)
    NVIC_Init                                0x0800028b   Thumb Code   114  misc.o(.text)
    NVIC_SetVectorTable                      0x080002fd   Thumb Code    16  misc.o(.text)
    NVIC_SystemLPConfig                      0x0800030d   Thumb Code    18  misc.o(.text)
    SysTick_CLKSourceConfig                  0x0800031f   Thumb Code    22  misc.o(.text)
    GPIO_DeInit                              0x08000341   Thumb Code   216  stm32f10x_gpio.o(.text)
    GPIO_AFIODeInit                          0x08000419   Thumb Code    22  stm32f10x_gpio.o(.text)
    GPIO_Init                                0x0800042f   Thumb Code   192  stm32f10x_gpio.o(.text)
    GPIO_StructInit                          0x080004ef   Thumb Code    16  stm32f10x_gpio.o(.text)
    GPIO_ReadInputDataBit                    0x080004ff   Thumb Code    14  stm32f10x_gpio.o(.text)
    GPIO_ReadInputData                       0x0800050d   Thumb Code     6  stm32f10x_gpio.o(.text)
    GPIO_ReadOutputDataBit                   0x08000513   Thumb Code    14  stm32f10x_gpio.o(.text)
    GPIO_ReadOutputData                      0x08000521   Thumb Code     6  stm32f10x_gpio.o(.text)
    GPIO_SetBits                             0x08000527   Thumb Code     4  stm32f10x_gpio.o(.text)
    GPIO_ResetBits                           0x0800052b   Thumb Code     4  stm32f10x_gpio.o(.text)
    GPIO_WriteBit                            0x0800052f   Thumb Code    10  stm32f10x_gpio.o(.text)
    GPIO_Write                               0x08000539   Thumb Code     4  stm32f10x_gpio.o(.text)
    GPIO_PinLockConfig                       0x0800053d   Thumb Code    16  stm32f10x_gpio.o(.text)
    GPIO_EventOutputConfig                   0x0800054d   Thumb Code    22  stm32f10x_gpio.o(.text)
    GPIO_EventOutputCmd                      0x08000563   Thumb Code     6  stm32f10x_gpio.o(.text)
    GPIO_PinRemapConfig                      0x08000569   Thumb Code   112  stm32f10x_gpio.o(.text)
    GPIO_EXTILineConfig                      0x080005d9   Thumb Code    40  stm32f10x_gpio.o(.text)
    GPIO_ETH_MediaInterfaceConfig            0x08000601   Thumb Code     8  stm32f10x_gpio.o(.text)
    RCC_DeInit                               0x08000611   Thumb Code    54  stm32f10x_rcc.o(.text)
    RCC_HSEConfig                            0x08000647   Thumb Code    50  stm32f10x_rcc.o(.text)
    RCC_GetFlagStatus                        0x08000679   Thumb Code    42  stm32f10x_rcc.o(.text)
    RCC_WaitForHSEStartUp                    0x080006a3   Thumb Code    50  stm32f10x_rcc.o(.text)
    RCC_AdjustHSICalibrationValue            0x080006d5   Thumb Code    16  stm32f10x_rcc.o(.text)
    RCC_HSICmd                               0x080006e5   Thumb Code     6  stm32f10x_rcc.o(.text)
    RCC_PLLConfig                            0x080006eb   Thumb Code    16  stm32f10x_rcc.o(.text)
    RCC_PLLCmd                               0x080006fb   Thumb Code     6  stm32f10x_rcc.o(.text)
    RCC_SYSCLKConfig                         0x08000701   Thumb Code    14  stm32f10x_rcc.o(.text)
    RCC_GetSYSCLKSource                      0x0800070f   Thumb Code    10  stm32f10x_rcc.o(.text)
    RCC_HCLKConfig                           0x08000719   Thumb Code    14  stm32f10x_rcc.o(.text)
    RCC_PCLK1Config                          0x08000727   Thumb Code    14  stm32f10x_rcc.o(.text)
    RCC_PCLK2Config                          0x08000735   Thumb Code    16  stm32f10x_rcc.o(.text)
    RCC_ITConfig                             0x08000745   Thumb Code    18  stm32f10x_rcc.o(.text)
    RCC_USBCLKConfig                         0x08000757   Thumb Code     8  stm32f10x_rcc.o(.text)
    RCC_ADCCLKConfig                         0x0800075f   Thumb Code    14  stm32f10x_rcc.o(.text)
    RCC_LSEConfig                            0x0800076d   Thumb Code    30  stm32f10x_rcc.o(.text)
    RCC_LSICmd                               0x0800078b   Thumb Code     6  stm32f10x_rcc.o(.text)
    RCC_RTCCLKConfig                         0x08000791   Thumb Code    10  stm32f10x_rcc.o(.text)
    RCC_RTCCLKCmd                            0x0800079b   Thumb Code     6  stm32f10x_rcc.o(.text)
    RCC_GetClocksFreq                        0x080007a1   Thumb Code   150  stm32f10x_rcc.o(.text)
    RCC_AHBPeriphClockCmd                    0x08000837   Thumb Code    18  stm32f10x_rcc.o(.text)
    RCC_APB2PeriphClockCmd                   0x08000849   Thumb Code    18  stm32f10x_rcc.o(.text)
    RCC_APB1PeriphClockCmd                   0x0800085b   Thumb Code    18  stm32f10x_rcc.o(.text)
    RCC_APB2PeriphResetCmd                   0x0800086d   Thumb Code    18  stm32f10x_rcc.o(.text)
    RCC_APB1PeriphResetCmd                   0x0800087f   Thumb Code    18  stm32f10x_rcc.o(.text)
    RCC_BackupResetCmd                       0x08000891   Thumb Code     6  stm32f10x_rcc.o(.text)
    RCC_ClockSecuritySystemCmd               0x08000897   Thumb Code     6  stm32f10x_rcc.o(.text)
    RCC_MCOConfig                            0x0800089d   Thumb Code     6  stm32f10x_rcc.o(.text)
    RCC_ClearFlag                            0x080008a3   Thumb Code    12  stm32f10x_rcc.o(.text)
    RCC_GetITStatus                          0x080008af   Thumb Code    16  stm32f10x_rcc.o(.text)
    RCC_ClearITPendingBit                    0x080008bf   Thumb Code     6  stm32f10x_rcc.o(.text)
    SPI_I2S_DeInit                           0x080008e9   Thumb Code   100  stm32f10x_spi.o(.text)
    SPI_Init                                 0x0800094d   Thumb Code    84  stm32f10x_spi.o(.text)
    I2S_Init                                 0x080009a1   Thumb Code   172  stm32f10x_spi.o(.text)
    SPI_StructInit                           0x08000a4d   Thumb Code    24  stm32f10x_spi.o(.text)
    I2S_StructInit                           0x08000a65   Thumb Code    18  stm32f10x_spi.o(.text)
    SPI_Cmd                                  0x08000a77   Thumb Code    18  stm32f10x_spi.o(.text)
    I2S_Cmd                                  0x08000a89   Thumb Code    18  stm32f10x_spi.o(.text)
    SPI_I2S_ITConfig                         0x08000a9b   Thumb Code    26  stm32f10x_spi.o(.text)
    SPI_I2S_DMACmd                           0x08000ab5   Thumb Code    16  stm32f10x_spi.o(.text)
    SPI_I2S_SendData                         0x08000ac5   Thumb Code     4  stm32f10x_spi.o(.text)
    SPI_I2S_ReceiveData                      0x08000ac9   Thumb Code     4  stm32f10x_spi.o(.text)
    SPI_NSSInternalSoftwareConfig            0x08000acd   Thumb Code    22  stm32f10x_spi.o(.text)
    SPI_SSOutputCmd                          0x08000ae3   Thumb Code    18  stm32f10x_spi.o(.text)
    SPI_DataSizeConfig                       0x08000af5   Thumb Code    16  stm32f10x_spi.o(.text)
    SPI_TransmitCRC                          0x08000b05   Thumb Code    10  stm32f10x_spi.o(.text)
    SPI_CalculateCRC                         0x08000b0f   Thumb Code    18  stm32f10x_spi.o(.text)
    SPI_GetCRC                               0x08000b21   Thumb Code    10  stm32f10x_spi.o(.text)
    SPI_GetCRCPolynomial                     0x08000b2b   Thumb Code     4  stm32f10x_spi.o(.text)
    SPI_BiDirectionalLineConfig              0x08000b2f   Thumb Code    20  stm32f10x_spi.o(.text)
    SPI_I2S_GetFlagStatus                    0x08000b43   Thumb Code    14  stm32f10x_spi.o(.text)
    SPI_I2S_ClearFlag                        0x08000b51   Thumb Code     6  stm32f10x_spi.o(.text)
    SPI_I2S_GetITStatus                      0x08000b57   Thumb Code    46  stm32f10x_spi.o(.text)
    SPI_I2S_ClearITPendingBit                0x08000b85   Thumb Code    16  stm32f10x_spi.o(.text)
    USART_DeInit                             0x08000b99   Thumb Code   164  stm32f10x_usart.o(.text)
    USART_Init                               0x08000c3d   Thumb Code   174  stm32f10x_usart.o(.text)
    USART_StructInit                         0x08000ceb   Thumb Code    22  stm32f10x_usart.o(.text)
    USART_ClockInit                          0x08000d01   Thumb Code    36  stm32f10x_usart.o(.text)
    USART_ClockStructInit                    0x08000d25   Thumb Code    12  stm32f10x_usart.o(.text)
    USART_Cmd                                0x08000d31   Thumb Code    18  stm32f10x_usart.o(.text)
    USART_ITConfig                           0x08000d43   Thumb Code    48  stm32f10x_usart.o(.text)
    USART_DMACmd                             0x08000d73   Thumb Code    16  stm32f10x_usart.o(.text)
    USART_SetAddress                         0x08000d83   Thumb Code    16  stm32f10x_usart.o(.text)
    USART_WakeUpConfig                       0x08000d93   Thumb Code    16  stm32f10x_usart.o(.text)
    USART_ReceiverWakeUpCmd                  0x08000da3   Thumb Code    18  stm32f10x_usart.o(.text)
    USART_LINBreakDetectLengthConfig         0x08000db5   Thumb Code    16  stm32f10x_usart.o(.text)
    USART_LINCmd                             0x08000dc5   Thumb Code    18  stm32f10x_usart.o(.text)
    USART_SendData                           0x08000dd7   Thumb Code     8  stm32f10x_usart.o(.text)
    USART_ReceiveData                        0x08000ddf   Thumb Code     8  stm32f10x_usart.o(.text)
    USART_SendBreak                          0x08000de7   Thumb Code    10  stm32f10x_usart.o(.text)
    USART_SetGuardTime                       0x08000df1   Thumb Code    16  stm32f10x_usart.o(.text)
    USART_SetPrescaler                       0x08000e01   Thumb Code    16  stm32f10x_usart.o(.text)
    USART_SmartCardCmd                       0x08000e11   Thumb Code    18  stm32f10x_usart.o(.text)
    USART_SmartCardNACKCmd                   0x08000e23   Thumb Code    18  stm32f10x_usart.o(.text)
    USART_HalfDuplexCmd                      0x08000e35   Thumb Code    18  stm32f10x_usart.o(.text)
    USART_OverSampling8Cmd                   0x08000e47   Thumb Code    18  stm32f10x_usart.o(.text)
    USART_OneBitMethodCmd                    0x08000e59   Thumb Code    18  stm32f10x_usart.o(.text)
    USART_IrDAConfig                         0x08000e6b   Thumb Code    16  stm32f10x_usart.o(.text)
    USART_IrDACmd                            0x08000e7b   Thumb Code    18  stm32f10x_usart.o(.text)
    USART_GetFlagStatus                      0x08000e8d   Thumb Code    14  stm32f10x_usart.o(.text)
    USART_ClearFlag                          0x08000e9b   Thumb Code     6  stm32f10x_usart.o(.text)
    USART_GetITStatus                        0x08000ea1   Thumb Code    66  stm32f10x_usart.o(.text)
    USART_ClearITPendingBit                  0x08000ee3   Thumb Code    14  stm32f10x_usart.o(.text)
    TIM_DeInit                               0x08000ef5   Thumb Code   550  stm32f10x_tim.o(.text)
    TIM_TimeBaseInit                         0x0800111b   Thumb Code   148  stm32f10x_tim.o(.text)
    TIM_OC1Init                              0x080011af   Thumb Code   132  stm32f10x_tim.o(.text)
    TIM_OC2Init                              0x08001233   Thumb Code   134  stm32f10x_tim.o(.text)
    TIM_OC3Init                              0x080012b9   Thumb Code   132  stm32f10x_tim.o(.text)
    TIM_OC4Init                              0x0800133d   Thumb Code   106  stm32f10x_tim.o(.text)
    TIM_SetIC4Prescaler                      0x080013a7   Thumb Code    24  stm32f10x_tim.o(.text)
    TIM_SetIC3Prescaler                      0x080013bf   Thumb Code    16  stm32f10x_tim.o(.text)
    TIM_SetIC2Prescaler                      0x080013cf   Thumb Code    24  stm32f10x_tim.o(.text)
    TIM_SetIC1Prescaler                      0x08001463   Thumb Code    16  stm32f10x_tim.o(.text)
    TIM_ICInit                               0x08001473   Thumb Code   332  stm32f10x_tim.o(.text)
    TIM_PWMIConfig                           0x080015bf   Thumb Code   158  stm32f10x_tim.o(.text)
    TIM_BDTRConfig                           0x0800165d   Thumb Code    36  stm32f10x_tim.o(.text)
    TIM_TimeBaseStructInit                   0x08001681   Thumb Code    18  stm32f10x_tim.o(.text)
    TIM_OCStructInit                         0x08001693   Thumb Code    20  stm32f10x_tim.o(.text)
    TIM_ICStructInit                         0x080016a7   Thumb Code    16  stm32f10x_tim.o(.text)
    TIM_BDTRStructInit                       0x080016b7   Thumb Code    18  stm32f10x_tim.o(.text)
    TIM_Cmd                                  0x080016c9   Thumb Code    18  stm32f10x_tim.o(.text)
    TIM_CtrlPWMOutputs                       0x080016db   Thumb Code    22  stm32f10x_tim.o(.text)
    TIM_ITConfig                             0x080016f1   Thumb Code    16  stm32f10x_tim.o(.text)
    TIM_GenerateEvent                        0x08001701   Thumb Code     4  stm32f10x_tim.o(.text)
    TIM_DMAConfig                            0x08001705   Thumb Code     8  stm32f10x_tim.o(.text)
    TIM_DMACmd                               0x0800170d   Thumb Code    16  stm32f10x_tim.o(.text)
    TIM_InternalClockConfig                  0x0800171d   Thumb Code    10  stm32f10x_tim.o(.text)
    TIM_SelectInputTrigger                   0x08001727   Thumb Code    12  stm32f10x_tim.o(.text)
    TIM_ITRxExternalClockConfig              0x08001733   Thumb Code    20  stm32f10x_tim.o(.text)
    TIM_TIxExternalClockConfig               0x08001747   Thumb Code    48  stm32f10x_tim.o(.text)
    TIM_ETRConfig                            0x08001777   Thumb Code    32  stm32f10x_tim.o(.text)
    TIM_ETRClockMode1Config                  0x08001797   Thumb Code    40  stm32f10x_tim.o(.text)
    TIM_ETRClockMode2Config                  0x080017bf   Thumb Code    40  stm32f10x_tim.o(.text)
    TIM_PrescalerConfig                      0x080017e7   Thumb Code     6  stm32f10x_tim.o(.text)
    TIM_CounterModeConfig                    0x080017ed   Thumb Code    12  stm32f10x_tim.o(.text)
    TIM_EncoderInterfaceConfig               0x080017f9   Thumb Code    60  stm32f10x_tim.o(.text)
    TIM_ForcedOC1Config                      0x08001835   Thumb Code    12  stm32f10x_tim.o(.text)
    TIM_ForcedOC2Config                      0x08001841   Thumb Code    20  stm32f10x_tim.o(.text)
    TIM_ForcedOC3Config                      0x08001855   Thumb Code    12  stm32f10x_tim.o(.text)
    TIM_ForcedOC4Config                      0x08001861   Thumb Code    20  stm32f10x_tim.o(.text)
    TIM_ARRPreloadConfig                     0x08001875   Thumb Code    18  stm32f10x_tim.o(.text)
    TIM_SelectCOM                            0x08001887   Thumb Code    18  stm32f10x_tim.o(.text)
    TIM_SelectCCDMA                          0x08001899   Thumb Code    18  stm32f10x_tim.o(.text)
    TIM_CCPreloadControl                     0x080018ab   Thumb Code    18  stm32f10x_tim.o(.text)
    TIM_OC1PreloadConfig                     0x080018bd   Thumb Code    12  stm32f10x_tim.o(.text)
    TIM_OC2PreloadConfig                     0x080018c9   Thumb Code    20  stm32f10x_tim.o(.text)
    TIM_OC3PreloadConfig                     0x080018dd   Thumb Code    12  stm32f10x_tim.o(.text)
    TIM_OC4PreloadConfig                     0x080018e9   Thumb Code    20  stm32f10x_tim.o(.text)
    TIM_OC1FastConfig                        0x080018fd   Thumb Code    12  stm32f10x_tim.o(.text)
    TIM_OC2FastConfig                        0x08001909   Thumb Code    20  stm32f10x_tim.o(.text)
    TIM_OC3FastConfig                        0x0800191d   Thumb Code    12  stm32f10x_tim.o(.text)
    TIM_OC4FastConfig                        0x08001929   Thumb Code    20  stm32f10x_tim.o(.text)
    TIM_ClearOC1Ref                          0x0800193d   Thumb Code    12  stm32f10x_tim.o(.text)
    TIM_ClearOC2Ref                          0x08001949   Thumb Code    20  stm32f10x_tim.o(.text)
    TIM_ClearOC3Ref                          0x0800195d   Thumb Code    12  stm32f10x_tim.o(.text)
    TIM_ClearOC4Ref                          0x08001969   Thumb Code    20  stm32f10x_tim.o(.text)
    TIM_OC1PolarityConfig                    0x0800197d   Thumb Code    12  stm32f10x_tim.o(.text)
    TIM_OC1NPolarityConfig                   0x08001989   Thumb Code    12  stm32f10x_tim.o(.text)
    TIM_OC2PolarityConfig                    0x08001995   Thumb Code    20  stm32f10x_tim.o(.text)
    TIM_OC2NPolarityConfig                   0x080019a9   Thumb Code    20  stm32f10x_tim.o(.text)
    TIM_OC3PolarityConfig                    0x080019bd   Thumb Code    20  stm32f10x_tim.o(.text)
    TIM_OC3NPolarityConfig                   0x080019d1   Thumb Code    20  stm32f10x_tim.o(.text)
    TIM_OC4PolarityConfig                    0x080019e5   Thumb Code    20  stm32f10x_tim.o(.text)
    TIM_CCxCmd                               0x080019f9   Thumb Code    26  stm32f10x_tim.o(.text)
    TIM_CCxNCmd                              0x08001a13   Thumb Code    26  stm32f10x_tim.o(.text)
    TIM_SelectOCxM                           0x08001a2d   Thumb Code    94  stm32f10x_tim.o(.text)
    TIM_UpdateDisableConfig                  0x08001a8b   Thumb Code    18  stm32f10x_tim.o(.text)
    TIM_UpdateRequestConfig                  0x08001a9d   Thumb Code    18  stm32f10x_tim.o(.text)
    TIM_SelectHallSensor                     0x08001aaf   Thumb Code    18  stm32f10x_tim.o(.text)
    TIM_SelectOnePulseMode                   0x08001ac1   Thumb Code    16  stm32f10x_tim.o(.text)
    TIM_SelectOutputTrigger                  0x08001ad1   Thumb Code    16  stm32f10x_tim.o(.text)
    TIM_SelectSlaveMode                      0x08001ae1   Thumb Code    16  stm32f10x_tim.o(.text)
    TIM_SelectMasterSlaveMode                0x08001af1   Thumb Code    16  stm32f10x_tim.o(.text)
    TIM_SetCounter                           0x08001b01   Thumb Code     4  stm32f10x_tim.o(.text)
    TIM_SetAutoreload                        0x08001b05   Thumb Code     4  stm32f10x_tim.o(.text)
    TIM_SetCompare1                          0x08001b09   Thumb Code     4  stm32f10x_tim.o(.text)
    TIM_SetCompare2                          0x08001b0d   Thumb Code     4  stm32f10x_tim.o(.text)
    TIM_SetCompare3                          0x08001b11   Thumb Code     4  stm32f10x_tim.o(.text)
    TIM_SetCompare4                          0x08001b15   Thumb Code     6  stm32f10x_tim.o(.text)
    TIM_SetClockDivision                     0x08001b1b   Thumb Code    16  stm32f10x_tim.o(.text)
    TIM_GetCapture1                          0x08001b2b   Thumb Code     4  stm32f10x_tim.o(.text)
    TIM_GetCapture2                          0x08001b2f   Thumb Code     4  stm32f10x_tim.o(.text)
    TIM_GetCapture3                          0x08001b33   Thumb Code     4  stm32f10x_tim.o(.text)
    TIM_GetCapture4                          0x08001b37   Thumb Code     6  stm32f10x_tim.o(.text)
    TIM_GetCounter                           0x08001b3d   Thumb Code     4  stm32f10x_tim.o(.text)
    TIM_GetPrescaler                         0x08001b41   Thumb Code     4  stm32f10x_tim.o(.text)
    TIM_GetFlagStatus                        0x08001b45   Thumb Code    14  stm32f10x_tim.o(.text)
    TIM_ClearFlag                            0x08001b53   Thumb Code     6  stm32f10x_tim.o(.text)
    TIM_GetITStatus                          0x08001b59   Thumb Code    22  stm32f10x_tim.o(.text)
    TIM_ClearITPendingBit                    0x08001b6f   Thumb Code     6  stm32f10x_tim.o(.text)
    ADC_DeInit                               0x08001bf1   Thumb Code   100  stm32f10x_adc.o(.text)
    ADC_Init                                 0x08001c55   Thumb Code    70  stm32f10x_adc.o(.text)
    ADC_StructInit                           0x08001c9b   Thumb Code    18  stm32f10x_adc.o(.text)
    ADC_Cmd                                  0x08001cad   Thumb Code    18  stm32f10x_adc.o(.text)
    ADC_DMACmd                               0x08001cbf   Thumb Code    18  stm32f10x_adc.o(.text)
    ADC_ITConfig                             0x08001cd1   Thumb Code    18  stm32f10x_adc.o(.text)
    ADC_ResetCalibration                     0x08001ce3   Thumb Code    10  stm32f10x_adc.o(.text)
    ADC_GetResetCalibrationStatus            0x08001ced   Thumb Code    16  stm32f10x_adc.o(.text)
    ADC_StartCalibration                     0x08001cfd   Thumb Code    10  stm32f10x_adc.o(.text)
    ADC_GetCalibrationStatus                 0x08001d07   Thumb Code    16  stm32f10x_adc.o(.text)
    ADC_SoftwareStartConvCmd                 0x08001d17   Thumb Code    18  stm32f10x_adc.o(.text)
    ADC_GetSoftwareStartConvStatus           0x08001d29   Thumb Code    16  stm32f10x_adc.o(.text)
    ADC_DiscModeChannelCountConfig           0x08001d39   Thumb Code    16  stm32f10x_adc.o(.text)
    ADC_DiscModeCmd                          0x08001d49   Thumb Code    18  stm32f10x_adc.o(.text)
    ADC_RegularChannelConfig                 0x08001d5b   Thumb Code   144  stm32f10x_adc.o(.text)
    ADC_ExternalTrigConvCmd                  0x08001deb   Thumb Code    18  stm32f10x_adc.o(.text)
    ADC_GetConversionValue                   0x08001dfd   Thumb Code     6  stm32f10x_adc.o(.text)
    ADC_GetDualModeConversionValue           0x08001e03   Thumb Code     6  stm32f10x_adc.o(.text)
    ADC_AutoInjectedConvCmd                  0x08001e09   Thumb Code    18  stm32f10x_adc.o(.text)
    ADC_InjectedDiscModeCmd                  0x08001e1b   Thumb Code    18  stm32f10x_adc.o(.text)
    ADC_ExternalTrigInjectedConvConfig       0x08001e2d   Thumb Code    12  stm32f10x_adc.o(.text)
    ADC_ExternalTrigInjectedConvCmd          0x08001e39   Thumb Code    18  stm32f10x_adc.o(.text)
    ADC_SoftwareStartInjectedConvCmd         0x08001e4b   Thumb Code    18  stm32f10x_adc.o(.text)
    ADC_GetSoftwareStartInjectedConvCmdStatus 0x08001e5d   Thumb Code    16  stm32f10x_adc.o(.text)
    ADC_InjectedChannelConfig                0x08001e6d   Thumb Code    92  stm32f10x_adc.o(.text)
    ADC_InjectedSequencerLengthConfig        0x08001ec9   Thumb Code    16  stm32f10x_adc.o(.text)
    ADC_SetInjectedOffset                    0x08001ed9   Thumb Code    12  stm32f10x_adc.o(.text)
    ADC_GetInjectedConversionValue           0x08001ee5   Thumb Code    16  stm32f10x_adc.o(.text)
    ADC_AnalogWatchdogCmd                    0x08001ef5   Thumb Code    16  stm32f10x_adc.o(.text)
    ADC_AnalogWatchdogThresholdsConfig       0x08001f05   Thumb Code     6  stm32f10x_adc.o(.text)
    ADC_AnalogWatchdogSingleChannelConfig    0x08001f0b   Thumb Code    12  stm32f10x_adc.o(.text)
    ADC_TempSensorVrefintCmd                 0x08001f17   Thumb Code    20  stm32f10x_adc.o(.text)
    ADC_GetFlagStatus                        0x08001f2b   Thumb Code    14  stm32f10x_adc.o(.text)
    ADC_ClearFlag                            0x08001f39   Thumb Code     6  stm32f10x_adc.o(.text)
    ADC_GetITStatus                          0x08001f3f   Thumb Code    28  stm32f10x_adc.o(.text)
    ADC_ClearITPendingBit                    0x08001f5b   Thumb Code     8  stm32f10x_adc.o(.text)
    led_init                                 0x08001f71   Thumb Code    50  bsp_led.o(.text)
    led_on                                   0x08001fa3   Thumb Code    10  bsp_led.o(.text)
    led_off                                  0x08001fad   Thumb Code    10  bsp_led.o(.text)
    systick_config                           0x08001fbd   Thumb Code    56  bsp_systick.o(.text)
    delay_us                                 0x08001ff5   Thumb Code    46  bsp_systick.o(.text)
    delay_ms                                 0x08002023   Thumb Code    88  bsp_systick.o(.text)
    usart1_config                            0x0800208d   Thumb Code   122  bsp_usart.o(.text)
    fputc                                    0x08002107   Thumb Code    30  bsp_usart.o(.text)
    print_byte                               0x08002125   Thumb Code    30  bsp_usart.o(.text)
    print_str                                0x08002143   Thumb Code    44  bsp_usart.o(.text)
    print_n_byte                             0x0800216f   Thumb Code    44  bsp_usart.o(.text)
    print_int                                0x0800219b   Thumb Code   176  bsp_usart.o(.text)
    print_float                              0x0800224b   Thumb Code    50  bsp_usart.o(.text)
    print_arg                                0x0800227d   Thumb Code    78  bsp_usart.o(.text)
    enc28j60_readop                          0x080022f1   Thumb Code    60  bsp_enc28j60.o(.text)
    enc28j60_writeop                         0x0800232d   Thumb Code    48  bsp_enc28j60.o(.text)
    enc28j60_readbuf                         0x0800235d   Thumb Code    54  bsp_enc28j60.o(.text)
    enc28j60_writebuf                        0x08002393   Thumb Code    52  bsp_enc28j60.o(.text)
    enc28j60_setbank                         0x080023c7   Thumb Code    44  bsp_enc28j60.o(.text)
    enc28j60_read                            0x080023f3   Thumb Code    18  bsp_enc28j60.o(.text)
    enc28j60_write                           0x08002405   Thumb Code    22  bsp_enc28j60.o(.text)
    enc28j60_writephy                        0x0800241b   Thumb Code    88  bsp_enc28j60.o(.text)
    enc28j60_init                            0x08002473   Thumb Code   712  bsp_enc28j60.o(.text)
    enc28j60_packet_send                     0x0800273b   Thumb Code   226  bsp_enc28j60.o(.text)
    enc28j60_packet_receive                  0x0800281d   Thumb Code   276  bsp_enc28j60.o(.text)
    spi1_config                              0x08002939   Thumb Code   158  bsp_spi.o(.text)
    spi_rw                                   0x080029d7   Thumb Code    48  bsp_spi.o(.text)
    pwm_config                               0x08002a15   Thumb Code   320  bsp_pwm.o(.text)
    sync_pwm                                 0x08002b55   Thumb Code    82  bsp_pwm.o(.text)
    sync_sw                                  0x08002bbd   Thumb Code    62  bsp_sw.o(.text)
    sw_config                                0x08002bfb   Thumb Code    90  bsp_sw.o(.text)
    _74hc595_config                          0x08002c5d   Thumb Code    96  bsp_74hc595.o(.text)
    _74hc595_send_n_char                     0x08002cbd   Thumb Code   220  bsp_74hc595.o(.text)
    logic_config                             0x08002da1   Thumb Code    60  bsp_logic.o(.text)
    sync_logic                               0x08002ddd   Thumb Code     4  bsp_logic.o(.text)
    internal_temp_config                     0x08002de5   Thumb Code   124  bsp_temp.o(.text)
    get_temp                                 0x08002e61   Thumb Code   118  bsp_temp.o(.text)
    OS_CPU_SR_Save                           0x08002eed   Thumb Code     0  os_cpu_a.o(.text)
    OS_CPU_SR_Restore                        0x08002ef5   Thumb Code     0  os_cpu_a.o(.text)
    OSStartHighRdy                           0x08002efb   Thumb Code     0  os_cpu_a.o(.text)
    OSCtxSw                                  0x08002f1b   Thumb Code     0  os_cpu_a.o(.text)
    OSIntCtxSw                               0x08002f25   Thumb Code     0  os_cpu_a.o(.text)
    PendSV_Handler                           0x08002f2f   Thumb Code     0  os_cpu_a.o(.text)
    OSInitHookBegin                          0x08002f91   Thumb Code     2  os_cpu_c.o(.text)
    OSInitHookEnd                            0x08002f93   Thumb Code     2  os_cpu_c.o(.text)
    OSTaskCreateHook                         0x08002f95   Thumb Code     2  os_cpu_c.o(.text)
    OSTaskDelHook                            0x08002f97   Thumb Code     2  os_cpu_c.o(.text)
    OSTaskIdleHook                           0x08002f99   Thumb Code     2  os_cpu_c.o(.text)
    OSTaskStatHook                           0x08002f9b   Thumb Code     2  os_cpu_c.o(.text)
    OSTaskStkInit                            0x08002f9d   Thumb Code   116  os_cpu_c.o(.text)
    OSTaskSwHook                             0x08003011   Thumb Code     2  os_cpu_c.o(.text)
    OSTCBInitHook                            0x08003013   Thumb Code     2  os_cpu_c.o(.text)
    OSTimeTickHook                           0x08003015   Thumb Code     2  os_cpu_c.o(.text)
    OS_StrCopy                               0x08003019   Thumb Code    30  os_core.o(.text)
    OSEventNameGet                           0x08003037   Thumb Code   102  os_core.o(.text)
    OS_StrLen                                0x0800309d   Thumb Code    22  os_core.o(.text)
    OSEventNameSet                           0x080030b3   Thumb Code   128  os_core.o(.text)
    OS_EventTaskRemoveMulti                  0x08003133   Thumb Code    54  os_core.o(.text)
    OS_Sched                                 0x08003169   Thumb Code    82  os_core.o(.text)
    OS_EventTaskWaitMulti                    0x080031bb   Thumb Code   104  os_core.o(.text)
    OSEventPendMulti                         0x08003223   Thumb Code   466  os_core.o(.text)
    OS_TaskIdle                              0x080033f5   Thumb Code    22  os_core.o(.text)
    OS_MemClr                                0x0800340b   Thumb Code    38  os_core.o(.text)
    OSInit                                   0x08003431   Thumb Code   262  os_core.o(.text)
    OSIntEnter                               0x08003537   Thumb Code    22  os_core.o(.text)
    OSIntExit                                0x0800354d   Thumb Code    96  os_core.o(.text)
    OSSchedLock                              0x080035ad   Thumb Code    38  os_core.o(.text)
    OSSchedUnlock                            0x080035d3   Thumb Code    54  os_core.o(.text)
    OSStart                                  0x08003609   Thumb Code    46  os_core.o(.text)
    OSTimeTick                               0x08003637   Thumb Code   176  os_core.o(.text)
    OSVersion                                0x080036e7   Thumb Code     6  os_core.o(.text)
    OS_EventTaskRemove                       0x080036ed   Thumb Code    36  os_core.o(.text)
    OS_EventTaskRdy                          0x08003711   Thumb Code   138  os_core.o(.text)
    OS_EventTaskWait                         0x0800379b   Thumb Code    88  os_core.o(.text)
    OS_EventWaitListInit                     0x080037f3   Thumb Code    24  os_core.o(.text)
    OS_MemCopy                               0x0800380b   Thumb Code    70  os_core.o(.text)
    OS_TaskStatStkChk                        0x08003851   Thumb Code    58  os_core.o(.text)
    OS_TCBInit                               0x0800388b   Thumb Code   248  os_core.o(.text)
    OSQAccept                                0x08003991   Thumb Code    78  os_q.o(.text)
    OSQCreate                                0x080039df   Thumb Code   134  os_q.o(.text)
    OSQDel                                   0x08003a65   Thumb Code   224  os_q.o(.text)
    OSQFlush                                 0x08003b45   Thumb Code    32  os_q.o(.text)
    OSQPend                                  0x08003b65   Thumb Code   218  os_q.o(.text)
    OSQPendAbort                             0x08003c3f   Thumb Code   114  os_q.o(.text)
    OSQPost                                  0x08003cb1   Thumb Code   106  os_q.o(.text)
    OSQPostFront                             0x08003d1b   Thumb Code   106  os_q.o(.text)
    OSQPostOpt                               0x08003d85   Thumb Code   198  os_q.o(.text)
    OSQQuery                                 0x08003e4b   Thumb Code    92  os_q.o(.text)
    OS_QInit                                 0x08003ea7   Thumb Code    44  os_q.o(.text)
    OSSemAccept                              0x08003edd   Thumb Code    34  os_sem.o(.text)
    OSSemCreate                              0x08003eff   Thumb Code    66  os_sem.o(.text)
    OSSemDel                                 0x08003f41   Thumb Code   198  os_sem.o(.text)
    OSSemPend                                0x08004007   Thumb Code   184  os_sem.o(.text)
    OSSemPendAbort                           0x080040bf   Thumb Code   114  os_sem.o(.text)
    OSSemPost                                0x08004131   Thumb Code    82  os_sem.o(.text)
    OSSemQuery                               0x08004183   Thumb Code    60  os_sem.o(.text)
    OSSemSet                                 0x080041bf   Thumb Code    58  os_sem.o(.text)
    OSTaskCreate                             0x08004209   Thumb Code   136  os_task.o(.text)
    OS_TaskStkClr                            0x08004291   Thumb Code    30  os_task.o(.text)
    OSTaskCreateExt                          0x080042af   Thumb Code   172  os_task.o(.text)
    OSTaskNameGet                            0x0800435b   Thumb Code   100  os_task.o(.text)
    OSTaskNameSet                            0x080043bf   Thumb Code   116  os_task.o(.text)
    OSTaskResume                             0x08004433   Thumb Code   144  os_task.o(.text)
    OSTaskStkChk                             0x080044c3   Thumb Code   126  os_task.o(.text)
    OSTaskSuspend                            0x08004541   Thumb Code   134  os_task.o(.text)
    OSTaskQuery                              0x080045c7   Thumb Code    98  os_task.o(.text)
    OSTimeDly                                0x08004629   Thumb Code    78  os_time.o(.text)
    OSTimeDlyHMSM                            0x08004677   Thumb Code   100  os_time.o(.text)
    OSTimeDlyResume                          0x080046db   Thumb Code   162  os_time.o(.text)
    OSTimeGet                                0x0800477d   Thumb Code    18  os_time.o(.text)
    OSTimeSet                                0x0800478f   Thumb Code    20  os_time.o(.text)
    sig_process_task                         0x08004849   Thumb Code   578  app_mian.o(.text)
    status_led_task                          0x08004a8b   Thumb Code    24  app_mian.o(.text)
    eth_task                                 0x08004aa3   Thumb Code    62  app_mian.o(.text)
    start_task                               0x08004ae1   Thumb Code   100  app_mian.o(.text)
    uip_setipid                              0x08004be9   Thumb Code     6  uip.o(.text)
    uip_add32                                0x08004bef   Thumb Code   108  uip.o(.text)
    htons                                    0x08004c5b   Thumb Code    10  uip.o(.text)
    uip_chksum                               0x08004c65   Thumb Code    22  uip.o(.text)
    uip_ipchksum                             0x08004c7b   Thumb Code    32  uip.o(.text)
    uip_tcpchksum                            0x08004c9b   Thumb Code    64  uip.o(.text)
    uip_init                                 0x08004cdb   Thumb Code    60  uip.o(.text)
    uip_connect                              0x08004d17   Thumb Code   238  uip.o(.text)
    uip_unlisten                             0x08004e05   Thumb Code    44  uip.o(.text)
    uip_listen                               0x08004e31   Thumb Code    40  uip.o(.text)
    uip_process                              0x08004e7f   Thumb Code  2314  uip.o(.text)
    uip_send                                 0x08005789   Thumb Code    28  uip.o(.text)
    uip_arp_init                             0x080057ed   Thumb Code    34  uip_arp.o(.text)
    uip_arp_timer                            0x0800580f   Thumb Code    66  uip_arp.o(.text)
    uip_arp_arpin                            0x08005917   Thumb Code   152  uip_arp.o(.text)
    uip_arp_out                              0x080059af   Thumb Code   304  uip_arp.o(.text)
    tapdev_init                              0x08005b15   Thumb Code    54  tapdev.o(.text)
    tapdev_read                              0x08005b4b   Thumb Code    10  tapdev.o(.text)
    tapdev_send                              0x08005b55   Thumb Code    10  tapdev.o(.text)
    timer_config                             0x08005b71   Thumb Code     8  timer.o(.text)
    clock_time                               0x08005b79   Thumb Code     6  timer.o(.text)
    timer_set                                0x08005b7f   Thumb Code    10  timer.o(.text)
    timer_reset                              0x08005b89   Thumb Code    10  timer.o(.text)
    timer_restart                            0x08005b93   Thumb Code     8  timer.o(.text)
    timer_expired                            0x08005b9b   Thumb Code    20  timer.o(.text)
    uip_log                                  0x08005bb5   Thumb Code     2  uip_user_call.o(.text)
    tcp_server_init                          0x08005bb7   Thumb Code    86  uip_user_call.o(.text)
    uip_polling                              0x08005c0d   Thumb Code   198  uip_user_call.o(.text)
    tcp_sever_call                           0x08005cd3   Thumb Code   214  uip_user_call.o(.text)
    __delay                                  0x08005ded   Thumb Code    20  main.o(.text)
    main                                     0x08005e01   Thumb Code   118  main.o(.text)
    NMI_Handler                              0x08005e99   Thumb Code     2  stm32f10x_it.o(.text)
    HardFault_Handler                        0x08005e9b   Thumb Code     2  stm32f10x_it.o(.text)
    MemManage_Handler                        0x08005e9d   Thumb Code     2  stm32f10x_it.o(.text)
    BusFault_Handler                         0x08005e9f   Thumb Code     2  stm32f10x_it.o(.text)
    UsageFault_Handler                       0x08005ea1   Thumb Code     2  stm32f10x_it.o(.text)
    SVC_Handler                              0x08005ea3   Thumb Code     2  stm32f10x_it.o(.text)
    DebugMon_Handler                         0x08005ea5   Thumb Code     2  stm32f10x_it.o(.text)
    SysTick_Handler                          0x08005ea7   Thumb Code    26  stm32f10x_it.o(.text)
    NVIC_Config                              0x08005ec1   Thumb Code     8  stm32f10x_it.o(.text)
    get_all_args                             0x08005ecd   Thumb Code   172  get_arg.o(.text)
    put_all_args                             0x08005f79   Thumb Code    22  get_arg.o(.text)
    __aeabi_memcpy                           0x08005f8f   Thumb Code    36  memcpya.o(.text)
    __aeabi_memcpy4                          0x08005f8f   Thumb Code     0  memcpya.o(.text)
    __aeabi_memcpy8                          0x08005f8f   Thumb Code     0  memcpya.o(.text)
    __aeabi_memset                           0x08005fb3   Thumb Code    14  memseta.o(.text)
    __aeabi_memset4                          0x08005fb3   Thumb Code     0  memseta.o(.text)
    __aeabi_memset8                          0x08005fb3   Thumb Code     0  memseta.o(.text)
    __aeabi_memclr                           0x08005fc1   Thumb Code     4  memseta.o(.text)
    __aeabi_memclr4                          0x08005fc1   Thumb Code     0  memseta.o(.text)
    __aeabi_memclr8                          0x08005fc1   Thumb Code     0  memseta.o(.text)
    _memset$wrapper                          0x08005fc5   Thumb Code    18  memseta.o(.text)
    strcat                                   0x08005fd7   Thumb Code    24  strcat.o(.text)
    strlen                                   0x08005fef   Thumb Code    14  strlen.o(.text)
    memcmp                                   0x08005ffd   Thumb Code    26  memcmp.o(.text)
    strcpy                                   0x08006017   Thumb Code    18  strcpy.o(.text)
    __aeabi_fmul                             0x08006029   Thumb Code   100  fmul.o(.text)
    __aeabi_dadd                             0x0800608d   Thumb Code   322  dadd.o(.text)
    __aeabi_dsub                             0x080061cf   Thumb Code     6  dadd.o(.text)
    __aeabi_drsub                            0x080061d5   Thumb Code     6  dadd.o(.text)
    __aeabi_dmul                             0x080061db   Thumb Code   228  dmul.o(.text)
    __aeabi_ddiv                             0x080062bf   Thumb Code   222  ddiv.o(.text)
    __aeabi_i2d                              0x0800639d   Thumb Code    34  dflti.o(.text)
    __aeabi_f2iz                             0x080063bf   Thumb Code    50  ffixi.o(.text)
    __aeabi_d2iz                             0x080063f1   Thumb Code    62  dfixi.o(.text)
    __aeabi_llsl                             0x0800642f   Thumb Code    30  llshl.o(.text)
    _ll_shift_l                              0x0800642f   Thumb Code     0  llshl.o(.text)
    __aeabi_llsr                             0x0800644d   Thumb Code    32  llushr.o(.text)
    _ll_ushift_r                             0x0800644d   Thumb Code     0  llushr.o(.text)
    __aeabi_lasr                             0x0800646d   Thumb Code    36  llsshr.o(.text)
    _ll_sshift_r                             0x0800646d   Thumb Code     0  llsshr.o(.text)
    __I$use$fp                               0x08006491   Thumb Code     0  iusefp.o(.text)
    _double_round                            0x08006491   Thumb Code    30  depilogue.o(.text)
    _double_epilogue                         0x080064af   Thumb Code   156  depilogue.o(.text)
    __scatterload                            0x0800654d   Thumb Code    28  init.o(.text)
    __scatterload_rt2                        0x0800654d   Thumb Code     0  init.o(.text)
    __ARM_common_memclr4_6                   0x08006571   Thumb Code     8  uip_arp.o(i.__ARM_common_memclr4_6)
    __ARM_common_memset4_6                   0x08006579   Thumb Code    16  uip_arp.o(i.__ARM_common_memset4_6)
    __scatterload_copy                       0x08006589   Thumb Code    14  handlers.o(i.__scatterload_copy)
    __scatterload_null                       0x08006597   Thumb Code     2  handlers.o(i.__scatterload_null)
    __scatterload_zeroinit                   0x08006599   Thumb Code    14  handlers.o(i.__scatterload_zeroinit)
    OSUnMapTbl                               0x080065a6   Data         256  os_core.o(.constdata)
    Region$$Table$$Base                      0x080066ac   Number         0  anon$$obj.o(Region$$Table)
    Region$$Table$$Limit                     0x080066cc   Number         0  anon$$obj.o(Region$$Table)
    SystemCoreClock                          0x20000000   Data           4  system_stm32f10x.o(.data)
    AHBPrescTable                            0x20000004   Data          16  system_stm32f10x.o(.data)
    g_temp                                   0x20000032   Data           2  bsp_temp.o(.data)
    g_adc_value                              0x20000034   Data           8  bsp_temp.o(.data)
    OSIntNesting                             0x2000003c   Data           1  os_core.o(.data)
    OSLockNesting                            0x2000003d   Data           1  os_core.o(.data)
    OSPrioCur                                0x2000003e   Data           1  os_core.o(.data)
    OSPrioHighRdy                            0x2000003f   Data           1  os_core.o(.data)
    OSRdyGrp                                 0x20000040   Data           1  os_core.o(.data)
    OSRunning                                0x20000041   Data           1  os_core.o(.data)
    OSTaskCtr                                0x20000042   Data           1  os_core.o(.data)
    OSTickStepState                          0x20000043   Data           1  os_core.o(.data)
    OSCtxSwCtr                               0x20000044   Data           4  os_core.o(.data)
    OSEventFreeList                          0x20000048   Data           4  os_core.o(.data)
    OSRdyTbl                                 0x2000004c   Data           4  os_core.o(.data)
    OSIdleCtr                                0x20000050   Data           4  os_core.o(.data)
    OSTCBCur                                 0x20000054   Data           4  os_core.o(.data)
    OSTCBFreeList                            0x20000058   Data           4  os_core.o(.data)
    OSTCBHighRdy                             0x2000005c   Data           4  os_core.o(.data)
    OSTCBList                                0x20000060   Data           4  os_core.o(.data)
    OSTime                                   0x20000064   Data           4  os_core.o(.data)
    OSQFreeList                              0x20000068   Data           4  os_core.o(.data)
    sem_err                                  0x2000006c   Data           1  app_mian.o(.data)
    logic_len                                0x2000006d   Data           1  app_mian.o(.data)
    logic_i                                  0x2000006e   Data           1  app_mian.o(.data)
    cpu_sr                                   0x20000070   Data           4  app_mian.o(.data)
    sig_msg_to_process                       0x20000074   Data           4  app_mian.o(.data)
    sig_msg_process_complete                 0x20000078   Data           4  app_mian.o(.data)
    g_str_temp                               0x2000007c   Data           5  app_mian.o(.data)
    logic_tmp                                0x20000081   Data           5  app_mian.o(.data)
    uip_ethaddr                              0x20000086   Data           6  uip.o(.data)
    uip_flags                                0x2000008c   Data           1  uip.o(.data)
    uip_len                                  0x20000090   Data           2  uip.o(.data)
    uip_slen                                 0x20000092   Data           2  uip.o(.data)
    uip_hostaddr                             0x2000009a   Data           4  uip.o(.data)
    uip_appdata                              0x200000a0   Data           4  uip.o(.data)
    uip_sappdata                             0x200000a4   Data           4  uip.o(.data)
    uip_conn                                 0x200000a8   Data           4  uip.o(.data)
    uip_acc32                                0x200000b0   Data           4  uip.o(.data)
    uip_draddr                               0x200000b4   Data           4  uip.o(.data)
    uip_netmask                              0x200000b8   Data           4  uip.o(.data)
    uip_mac                                  0x200000ca   Data           6  tapdev.o(.data)
    g_current_clock                          0x200000d0   Data           4  timer.o(.data)
    g_tcp_server_state                       0x200000d4   Data           1  uip_user_call.o(.data)
    OSEventTbl                               0x200000e8   Data         240  os_core.o(.bss)
    OSTaskIdleStk                            0x200001d8   Data         512  os_core.o(.bss)
    OSTCBPrioTbl                             0x200003d8   Data         128  os_core.o(.bss)
    OSTCBTbl                                 0x20000458   Data        3224  os_core.o(.bss)
    OSQTbl                                   0x200010f0   Data          96  os_core.o(.bss)
    Start_Task_STK                           0x20001150   Data         256  app_mian.o(.bss)
    LED_Task_STK                             0x20001250   Data         256  app_mian.o(.bss)
    Eth_Task_STK                             0x20001350   Data        8192  app_mian.o(.bss)
    Sig_Pro_Task_STK                         0x20003350   Data        4096  app_mian.o(.bss)
    uip_buf                                  0x20004350   Data         130  uip.o(.bss)
    uip_conns                                0x200043d4   Data         160  uip.o(.bss)
    uip_listenports                          0x20004474   Data          12  uip.o(.bss)
    tcp_sever_send_data_buff                 0x200044e0   Data         128  uip_user_call.o(.bss)
    tcp_sever_receive_data_buff              0x20004560   Data         128  uip_user_call.o(.bss)
    g_arg                                    0x200045e0   Data         128  get_arg.o(.bss)
    __initial_sp                             0x20004a60   Data           0  startup_stm32f10x_md.o(STACK)



==============================================================================

Memory Map of the image

  Image Entry point : 0x080000ed

  Load Region LR_IROM1 (Base: 0x08000000, Size: 0x000067b4, Max: 0x00020000, ABSOLUTE)

    Execution Region ER_IROM1 (Exec base: 0x08000000, Load base: 0x08000000, Size: 0x000066cc, Max: 0x00020000, ABSOLUTE)

    Exec Addr    Load Addr    Size         Type   Attr      Idx    E Section Name        Object

    0x08000000   0x08000000   0x000000ec   Data   RO            3    RESET               startup_stm32f10x_md.o
    0x080000ec   0x080000ec   0x00000000   Code   RO           83  * .ARM.Collect$$$$00000000  mc_w.l(entry.o)
    0x080000ec   0x080000ec   0x00000004   Code   RO          230    .ARM.Collect$$$$00000001  mc_w.l(entry2.o)
    0x080000f0   0x080000f0   0x00000004   Code   RO          233    .ARM.Collect$$$$00000004  mc_w.l(entry5.o)
    0x080000f4   0x080000f4   0x00000000   Code   RO          235    .ARM.Collect$$$$00000008  mc_w.l(entry7b.o)
    0x080000f4   0x080000f4   0x00000000   Code   RO          237    .ARM.Collect$$$$0000000A  mc_w.l(entry8b.o)
    0x080000f4   0x080000f4   0x00000008   Code   RO          238    .ARM.Collect$$$$0000000B  mc_w.l(entry9a.o)
    0x080000fc   0x080000fc   0x00000000   Code   RO          240    .ARM.Collect$$$$0000000D  mc_w.l(entry10a.o)
    0x080000fc   0x080000fc   0x00000000   Code   RO          242    .ARM.Collect$$$$0000000F  mc_w.l(entry11a.o)
    0x080000fc   0x080000fc   0x00000004   Code   RO          231    .ARM.Collect$$$$00002712  mc_w.l(entry2.o)
    0x08000100   0x08000100   0x00000024   Code   RO            4    .text               startup_stm32f10x_md.o
    0x08000124   0x08000124   0x00000158   Code   RO            6    .text               system_stm32f10x.o
    0x0800027c   0x0800027c   0x000000c4   Code   RO            8    .text               misc.o
    0x08000340   0x08000340   0x000002d0   Code   RO            9    .text               stm32f10x_gpio.o
    0x08000610   0x08000610   0x000002d8   Code   RO           10    .text               stm32f10x_rcc.o
    0x080008e8   0x080008e8   0x000002b0   Code   RO           12    .text               stm32f10x_spi.o
    0x08000b98   0x08000b98   0x0000035c   Code   RO           13    .text               stm32f10x_usart.o
    0x08000ef4   0x08000ef4   0x00000cfa   Code   RO           14    .text               stm32f10x_tim.o
    0x08001bee   0x08001bee   0x00000002   PAD
    0x08001bf0   0x08001bf0   0x00000380   Code   RO           15    .text               stm32f10x_adc.o
    0x08001f70   0x08001f70   0x0000004c   Code   RO           17    .text               bsp_led.o
    0x08001fbc   0x08001fbc   0x000000d0   Code   RO           18    .text               bsp_systick.o
    0x0800208c   0x0800208c   0x00000264   Code   RO           20    .text               bsp_usart.o
    0x080022f0   0x080022f0   0x00000648   Code   RO           21    .text               bsp_enc28j60.o
    0x08002938   0x08002938   0x000000dc   Code   RO           23    .text               bsp_spi.o
    0x08002a14   0x08002a14   0x000001a8   Code   RO           24    .text               bsp_pwm.o
    0x08002bbc   0x08002bbc   0x000000a0   Code   RO           26    .text               bsp_sw.o
    0x08002c5c   0x08002c5c   0x00000144   Code   RO           27    .text               bsp_74hc595.o
    0x08002da0   0x08002da0   0x00000044   Code   RO           28    .text               bsp_logic.o
    0x08002de4   0x08002de4   0x00000108   Code   RO           29    .text               bsp_temp.o
    0x08002eec   0x08002eec   0x000000a4   Code   RO           32    .text               os_cpu_a.o
    0x08002f90   0x08002f90   0x00000086   Code   RO           33    .text               os_cpu_c.o
    0x08003016   0x08003016   0x00000002   PAD
    0x08003018   0x08003018   0x00000978   Code   RO           35    .text               os_core.o
    0x08003990   0x08003990   0x0000054c   Code   RO           41    .text               os_q.o
    0x08003edc   0x08003edc   0x0000032c   Code   RO           42    .text               os_sem.o
    0x08004208   0x08004208   0x00000420   Code   RO           43    .text               os_task.o
    0x08004628   0x08004628   0x00000194   Code   RO           44    .text               os_time.o
    0x080047bc   0x080047bc   0x0000042c   Code   RO           45    .text               app_mian.o
    0x08004be8   0x08004be8   0x00000c04   Code   RO           50    .text               uip.o
    0x080057ec   0x080057ec   0x00000328   Code   RO           57    .text               uip_arp.o
    0x08005b14   0x08005b14   0x0000005c   Code   RO           72    .text               tapdev.o
    0x08005b70   0x08005b70   0x00000044   Code   RO           74    .text               timer.o
    0x08005bb4   0x08005bb4   0x00000238   Code   RO           76    .text               uip_user_call.o
    0x08005dec   0x08005dec   0x000000ac   Code   RO           79    .text               main.o
    0x08005e98   0x08005e98   0x00000034   Code   RO           80    .text               stm32f10x_it.o
    0x08005ecc   0x08005ecc   0x000000c2   Code   RO           81    .text               get_arg.o
    0x08005f8e   0x08005f8e   0x00000024   Code   RO           86    .text               mc_w.l(memcpya.o)
    0x08005fb2   0x08005fb2   0x00000024   Code   RO           87    .text               mc_w.l(memseta.o)
    0x08005fd6   0x08005fd6   0x00000018   Code   RO           88    .text               mc_w.l(strcat.o)
    0x08005fee   0x08005fee   0x0000000e   Code   RO           89    .text               mc_w.l(strlen.o)
    0x08005ffc   0x08005ffc   0x0000001a   Code   RO           90    .text               mc_w.l(memcmp.o)
    0x08006016   0x08006016   0x00000012   Code   RO           91    .text               mc_w.l(strcpy.o)
    0x08006028   0x08006028   0x00000064   Code   RO          223    .text               mf_w.l(fmul.o)
    0x0800608c   0x0800608c   0x0000014e   Code   RO          224    .text               mf_w.l(dadd.o)
    0x080061da   0x080061da   0x000000e4   Code   RO          225    .text               mf_w.l(dmul.o)
    0x080062be   0x080062be   0x000000de   Code   RO          226    .text               mf_w.l(ddiv.o)
    0x0800639c   0x0800639c   0x00000022   Code   RO          227    .text               mf_w.l(dflti.o)
    0x080063be   0x080063be   0x00000032   Code   RO          228    .text               mf_w.l(ffixi.o)
    0x080063f0   0x080063f0   0x0000003e   Code   RO          229    .text               mf_w.l(dfixi.o)
    0x0800642e   0x0800642e   0x0000001e   Code   RO          247    .text               mc_w.l(llshl.o)
    0x0800644c   0x0800644c   0x00000020   Code   RO          248    .text               mc_w.l(llushr.o)
    0x0800646c   0x0800646c   0x00000024   Code   RO          249    .text               mc_w.l(llsshr.o)
    0x08006490   0x08006490   0x00000000   Code   RO          250    .text               mc_w.l(iusefp.o)
    0x08006490   0x08006490   0x000000ba   Code   RO          251    .text               mf_w.l(depilogue.o)
    0x0800654a   0x0800654a   0x00000002   PAD
    0x0800654c   0x0800654c   0x00000024   Code   RO          254    .text               mc_w.l(init.o)
    0x08006570   0x08006570   0x00000008   Code   RO           63    i.__ARM_common_memclr4_6  uip_arp.o
    0x08006578   0x08006578   0x00000010   Code   RO           64    i.__ARM_common_memset4_6  uip_arp.o
    0x08006588   0x08006588   0x0000000e   Code   RO          257    i.__scatterload_copy  mc_w.l(handlers.o)
    0x08006596   0x08006596   0x00000002   Code   RO          258    i.__scatterload_null  mc_w.l(handlers.o)
    0x08006598   0x08006598   0x0000000e   Code   RO          259    i.__scatterload_zeroinit  mc_w.l(handlers.o)
    0x080065a6   0x080065a6   0x00000100   Data   RO           38    .constdata          os_core.o
    0x080066a6   0x080066a6   0x00000006   Data   RO           59    .constdata          uip_arp.o
    0x080066ac   0x080066ac   0x00000020   Data   RO          255    Region$$Table       anon$$obj.o


    Execution Region RW_IRAM1 (Exec base: 0x20000000, Load base: 0x080066cc, Size: 0x00004a60, Max: 0x00005000, ABSOLUTE)

    Exec Addr    Load Addr    Size         Type   Attr      Idx    E Section Name        Object

    0x20000000   0x080066cc   0x00000014   Data   RW            7    .data               system_stm32f10x.o
    0x20000014   0x080066e0   0x00000014   Data   RW           11    .data               stm32f10x_rcc.o
    0x20000028   0x080066f4   0x00000004   Data   RW           19    .data               bsp_systick.o
    0x2000002c   0x080066f8   0x00000004   Data   RW           22    .data               bsp_enc28j60.o
    0x20000030   0x080066fc   0x00000002   Data   RW           25    .data               bsp_pwm.o
    0x20000032   0x080066fe   0x00000002   Data   RW           30    .data               bsp_temp.o
    0x20000034   0x08006700   0x00000008   Data   RW           31    .data               bsp_temp.o
    0x2000003c   0x08006708   0x0000002c   Data   RW           39    .data               os_core.o
    0x20000068   0x08006734   0x00000004   Data   RW           40    .data               os_core.o
    0x2000006c   0x08006738   0x0000001a   Data   RW           48    .data               app_mian.o
    0x20000086   0x08006752   0x00000006   Data   RW           53    .data               uip.o
    0x2000008c   0x08006758   0x00000028   Data   RW           54    .data               uip.o
    0x200000b4   0x08006780   0x00000004   Data   RW           55    .data               uip.o
    0x200000b8   0x08006784   0x00000004   Data   RW           56    .data               uip.o
    0x200000bc   0x08006788   0x00000008   Data   RW           61    .data               uip_arp.o
    0x200000c4   0x08006790   0x0000000c   Data   RW           73    .data               tapdev.o
    0x200000d0   0x0800679c   0x00000004   Data   RW           75    .data               timer.o
    0x200000d4   0x080067a0   0x00000014   Data   RW           78    .data               uip_user_call.o
    0x200000e8        -       0x00001008   Zero   RW           36    .bss                os_core.o
    0x200010f0        -       0x00000060   Zero   RW           37    .bss                os_core.o
    0x20001150        -       0x00000100   Zero   RW           46    .bss                app_mian.o
    0x20001250        -       0x00003100   Zero   RW           47    .bss                app_mian.o
    0x20004350        -       0x00000130   Zero   RW           51    .bss                uip.o
    0x20004480        -       0x00000060   Zero   RW           58    .bss                uip_arp.o
    0x200044e0        -       0x00000100   Zero   RW           77    .bss                uip_user_call.o
    0x200045e0        -       0x00000080   Zero   RW           82    .bss                get_arg.o
    0x20004660        -       0x00000400   Zero   RW            1    STACK               startup_stm32f10x_md.o


==============================================================================

Image component sizes


      Code (inc. data)   RO Data    RW Data    ZI Data      Debug   Object Name

      1068        164          0         26      12800          0   app_mian.o
       324          8          0          0          0          0   bsp_74hc595.o
      1608         16          0          4          0          0   bsp_enc28j60.o
        76          6          0          0          0          0   bsp_led.o
        68          4          0          0          0          0   bsp_logic.o
       424         28          0          2          0          0   bsp_pwm.o
       220         14          0          0          0          0   bsp_spi.o
       160          8          0          0          0          0   bsp_sw.o
       208         18          0          4          0          0   bsp_systick.o
       264         22          0         10          0          0   bsp_temp.o
       612         38          0          0          0          0   bsp_usart.o
       194          0          0          0        128          0   get_arg.o
       172         34          0          0          0          0   main.o
       196         12          0          0          0          0   misc.o
      2424         76        256         48       4200          0   os_core.o
       164         32          0          0          0          0   os_cpu_a.o
       134          0          0          0          0          0   os_cpu_c.o
      1356         30          0          0          0          0   os_q.o
       812         16          0          0          0          0   os_sem.o
      1056         24          0          0          0          0   os_task.o
       404         26          0          0          0          0   os_time.o
        36          8        236          0       1024          0   startup_stm32f10x_md.o
       896         14          0          0          0          0   stm32f10x_adc.o
       720          8          0          0          0          0   stm32f10x_gpio.o
        52          4          0          0          0          0   stm32f10x_it.o
       728         36          0         20          0          0   stm32f10x_rcc.o
       688          4          0          0          0          0   stm32f10x_spi.o
      3322         22          0          0          0          0   stm32f10x_tim.o
       860          4          0          0          0          0   stm32f10x_usart.o
       344         32          0         20          0          0   system_stm32f10x.o
        92         18          0         12          0          0   tapdev.o
        68          6          0          4          0          0   timer.o
      3076         96          0         54        304          0   uip.o
       832         54          6          8         96          0   uip_arp.o
       568         68          0         20        256          0   uip_user_call.o

    ----------------------------------------------------------------------
     24230        950        530        232      18808          0   Object Totals
         0          0         32          0          0          0   (incl. Generated)
         4          0          0          0          0          0   (incl. Padding)

    ----------------------------------------------------------------------

      Code (inc. data)   RO Data    RW Data    ZI Data      Debug   Library Member Name

         0          0          0          0          0          0   entry.o
         0          0          0          0          0          0   entry10a.o
         0          0          0          0          0          0   entry11a.o
         8          4          0          0          0          0   entry2.o
         4          0          0          0          0          0   entry5.o
         0          0          0          0          0          0   entry7b.o
         0          0          0          0          0          0   entry8b.o
         8          4          0          0          0          0   entry9a.o
        30          0          0          0          0          0   handlers.o
        36          8          0          0          0          0   init.o
         0          0          0          0          0          0   iusefp.o
        30          0          0          0          0          0   llshl.o
        36          0          0          0          0          0   llsshr.o
        32          0          0          0          0          0   llushr.o
        26          0          0          0          0          0   memcmp.o
        36          0          0          0          0          0   memcpya.o
        36          0          0          0          0          0   memseta.o
        24          0          0          0          0          0   strcat.o
        18          0          0          0          0          0   strcpy.o
        14          0          0          0          0          0   strlen.o
       334          0          0          0          0          0   dadd.o
       222          0          0          0          0          0   ddiv.o
       186          0          0          0          0          0   depilogue.o
        62          0          0          0          0          0   dfixi.o
        34          0          0          0          0          0   dflti.o
       228          0          0          0          0          0   dmul.o
        50          0          0          0          0          0   ffixi.o
       100          0          0          0          0          0   fmul.o

    ----------------------------------------------------------------------
      1556         16          0          0          0          0   Library Totals
         2          0          0          0          0          0   (incl. Padding)

    ----------------------------------------------------------------------

      Code (inc. data)   RO Data    RW Data    ZI Data      Debug   Library Name

       338         16          0          0          0          0   mc_w.l
      1216          0          0          0          0          0   mf_w.l

    ----------------------------------------------------------------------
      1556         16          0          0          0          0   Library Totals

    ----------------------------------------------------------------------

==============================================================================


      Code (inc. data)   RO Data    RW Data    ZI Data      Debug   

     25786        966        530        232      18808          0   Grand Totals
     25786        966        530        232      18808          0   ELF Image Totals
     25786        966        530        232          0          0   ROM Totals

==============================================================================

    Total RO  Size (Code + RO Data)                26316 (  25.70kB)
    Total RW  Size (RW Data + ZI Data)             19040 (  18.59kB)
    Total ROM Size (Code + RO Data + RW Data)      26548 (  25.93kB)

==============================================================================

