<!doctype html public "-//w3c//dtd html 4.0 transitional//en">
<html><head>
<title>Static Call Graph - [.\ucos2_uip_tcp_udp.axf]</title></head>
<body><HR>
<H1>Static Call Graph for image .\ucos2_uip_tcp_udp.axf</H1><HR>
<BR><P>#&#060CALLGRAPH&#062# ARM Linker, 5060528: Last Updated: Sun Aug 13 22:56:12 2017
<BR><P>
<H3>Maximum Stack Usage =          0 bytes + Unknown(Cycles, Untraceable Function Pointers)</H3><H3>
Call chain for Maximum Stack Depth:</H3>

<P>
<H3>
Mutually Recursive functions
</H3> <LI><a href="#[1c]">ADC1_2_IRQHandler</a>&nbsp;&nbsp;&nbsp;&rArr;&nbsp;&nbsp;&nbsp;<a href="#[1c]">ADC1_2_IRQHandler</a><BR>
 <LI><a href="#[ed]">status_led_task</a>&nbsp;&nbsp;&nbsp;&rArr;&nbsp;&nbsp;&nbsp;<a href="#[ed]">status_led_task</a><BR>
 <LI><a href="#[2]">HardFault_Handler</a>&nbsp;&nbsp;&nbsp;&rArr;&nbsp;&nbsp;&nbsp;<a href="#[2]">HardFault_Handler</a><BR>
 <LI><a href="#[3]">MemManage_Handler</a>&nbsp;&nbsp;&nbsp;&rArr;&nbsp;&nbsp;&nbsp;<a href="#[3]">MemManage_Handler</a><BR>
 <LI><a href="#[4]">BusFault_Handler</a>&nbsp;&nbsp;&nbsp;&rArr;&nbsp;&nbsp;&nbsp;<a href="#[4]">BusFault_Handler</a><BR>
 <LI><a href="#[5]">UsageFault_Handler</a>&nbsp;&nbsp;&nbsp;&rArr;&nbsp;&nbsp;&nbsp;<a href="#[5]">UsageFault_Handler</a><BR>
</UL>
<P>
<H3>
Function Pointers
</H3><UL>
 <LI><a href="#[1c]">ADC1_2_IRQHandler</a> from startup_stm32f10x_md.o(.text) referenced from startup_stm32f10x_md.o(RESET)
 <LI><a href="#[4]">BusFault_Handler</a> from stm32f10x_it.o(.text) referenced from startup_stm32f10x_md.o(RESET)
 <LI><a href="#[1f]">CAN1_RX1_IRQHandler</a> from startup_stm32f10x_md.o(.text) referenced from startup_stm32f10x_md.o(RESET)
 <LI><a href="#[20]">CAN1_SCE_IRQHandler</a> from startup_stm32f10x_md.o(.text) referenced from startup_stm32f10x_md.o(RESET)
 <LI><a href="#[15]">DMA1_Channel1_IRQHandler</a> from startup_stm32f10x_md.o(.text) referenced from startup_stm32f10x_md.o(RESET)
 <LI><a href="#[16]">DMA1_Channel2_IRQHandler</a> from startup_stm32f10x_md.o(.text) referenced from startup_stm32f10x_md.o(RESET)
 <LI><a href="#[17]">DMA1_Channel3_IRQHandler</a> from startup_stm32f10x_md.o(.text) referenced from startup_stm32f10x_md.o(RESET)
 <LI><a href="#[18]">DMA1_Channel4_IRQHandler</a> from startup_stm32f10x_md.o(.text) referenced from startup_stm32f10x_md.o(RESET)
 <LI><a href="#[19]">DMA1_Channel5_IRQHandler</a> from startup_stm32f10x_md.o(.text) referenced from startup_stm32f10x_md.o(RESET)
 <LI><a href="#[1a]">DMA1_Channel6_IRQHandler</a> from startup_stm32f10x_md.o(.text) referenced from startup_stm32f10x_md.o(RESET)
 <LI><a href="#[1b]">DMA1_Channel7_IRQHandler</a> from startup_stm32f10x_md.o(.text) referenced from startup_stm32f10x_md.o(RESET)
 <LI><a href="#[7]">DebugMon_Handler</a> from stm32f10x_it.o(.text) referenced from startup_stm32f10x_md.o(RESET)
 <LI><a href="#[10]">EXTI0_IRQHandler</a> from startup_stm32f10x_md.o(.text) referenced from startup_stm32f10x_md.o(RESET)
 <LI><a href="#[32]">EXTI15_10_IRQHandler</a> from startup_stm32f10x_md.o(.text) referenced from startup_stm32f10x_md.o(RESET)
 <LI><a href="#[11]">EXTI1_IRQHandler</a> from startup_stm32f10x_md.o(.text) referenced from startup_stm32f10x_md.o(RESET)
 <LI><a href="#[12]">EXTI2_IRQHandler</a> from startup_stm32f10x_md.o(.text) referenced from startup_stm32f10x_md.o(RESET)
 <LI><a href="#[13]">EXTI3_IRQHandler</a> from startup_stm32f10x_md.o(.text) referenced from startup_stm32f10x_md.o(RESET)
 <LI><a href="#[14]">EXTI4_IRQHandler</a> from startup_stm32f10x_md.o(.text) referenced from startup_stm32f10x_md.o(RESET)
 <LI><a href="#[21]">EXTI9_5_IRQHandler</a> from startup_stm32f10x_md.o(.text) referenced from startup_stm32f10x_md.o(RESET)
 <LI><a href="#[e]">FLASH_IRQHandler</a> from startup_stm32f10x_md.o(.text) referenced from startup_stm32f10x_md.o(RESET)
 <LI><a href="#[2]">HardFault_Handler</a> from stm32f10x_it.o(.text) referenced from startup_stm32f10x_md.o(RESET)
 <LI><a href="#[2a]">I2C1_ER_IRQHandler</a> from startup_stm32f10x_md.o(.text) referenced from startup_stm32f10x_md.o(RESET)
 <LI><a href="#[29]">I2C1_EV_IRQHandler</a> from startup_stm32f10x_md.o(.text) referenced from startup_stm32f10x_md.o(RESET)
 <LI><a href="#[2c]">I2C2_ER_IRQHandler</a> from startup_stm32f10x_md.o(.text) referenced from startup_stm32f10x_md.o(RESET)
 <LI><a href="#[2b]">I2C2_EV_IRQHandler</a> from startup_stm32f10x_md.o(.text) referenced from startup_stm32f10x_md.o(RESET)
 <LI><a href="#[3]">MemManage_Handler</a> from stm32f10x_it.o(.text) referenced from startup_stm32f10x_md.o(RESET)
 <LI><a href="#[1]">NMI_Handler</a> from stm32f10x_it.o(.text) referenced from startup_stm32f10x_md.o(RESET)
 <LI><a href="#[38]">OSTaskSwHook</a> from os_cpu_c.o(.text) referenced from os_cpu_a.o(.text)
 <LI><a href="#[ac]">OS_TaskIdle</a> from os_core.o(.text) referenced from os_core.o(.text)
 <LI><a href="#[b]">PVD_IRQHandler</a> from startup_stm32f10x_md.o(.text) referenced from startup_stm32f10x_md.o(RESET)
 <LI><a href="#[8]">PendSV_Handler</a> from os_cpu_a.o(.text) referenced from startup_stm32f10x_md.o(RESET)
 <LI><a href="#[f]">RCC_IRQHandler</a> from startup_stm32f10x_md.o(.text) referenced from startup_stm32f10x_md.o(RESET)
 <LI><a href="#[33]">RTCAlarm_IRQHandler</a> from startup_stm32f10x_md.o(.text) referenced from startup_stm32f10x_md.o(RESET)
 <LI><a href="#[d]">RTC_IRQHandler</a> from startup_stm32f10x_md.o(.text) referenced from startup_stm32f10x_md.o(RESET)
 <LI><a href="#[0]">Reset_Handler</a> from startup_stm32f10x_md.o(.text) referenced from startup_stm32f10x_md.o(RESET)
 <LI><a href="#[2d]">SPI1_IRQHandler</a> from startup_stm32f10x_md.o(.text) referenced from startup_stm32f10x_md.o(RESET)
 <LI><a href="#[2e]">SPI2_IRQHandler</a> from startup_stm32f10x_md.o(.text) referenced from startup_stm32f10x_md.o(RESET)
 <LI><a href="#[6]">SVC_Handler</a> from stm32f10x_it.o(.text) referenced from startup_stm32f10x_md.o(RESET)
 <LI><a href="#[9]">SysTick_Handler</a> from stm32f10x_it.o(.text) referenced from startup_stm32f10x_md.o(RESET)
 <LI><a href="#[36]">SystemInit</a> from system_stm32f10x.o(.text) referenced from startup_stm32f10x_md.o(.text)
 <LI><a href="#[c]">TAMPER_IRQHandler</a> from startup_stm32f10x_md.o(.text) referenced from startup_stm32f10x_md.o(RESET)
 <LI><a href="#[22]">TIM1_BRK_IRQHandler</a> from startup_stm32f10x_md.o(.text) referenced from startup_stm32f10x_md.o(RESET)
 <LI><a href="#[25]">TIM1_CC_IRQHandler</a> from startup_stm32f10x_md.o(.text) referenced from startup_stm32f10x_md.o(RESET)
 <LI><a href="#[24]">TIM1_TRG_COM_IRQHandler</a> from startup_stm32f10x_md.o(.text) referenced from startup_stm32f10x_md.o(RESET)
 <LI><a href="#[23]">TIM1_UP_IRQHandler</a> from startup_stm32f10x_md.o(.text) referenced from startup_stm32f10x_md.o(RESET)
 <LI><a href="#[26]">TIM2_IRQHandler</a> from startup_stm32f10x_md.o(.text) referenced from startup_stm32f10x_md.o(RESET)
 <LI><a href="#[27]">TIM3_IRQHandler</a> from startup_stm32f10x_md.o(.text) referenced from startup_stm32f10x_md.o(RESET)
 <LI><a href="#[28]">TIM4_IRQHandler</a> from startup_stm32f10x_md.o(.text) referenced from startup_stm32f10x_md.o(RESET)
 <LI><a href="#[2f]">USART1_IRQHandler</a> from startup_stm32f10x_md.o(.text) referenced from startup_stm32f10x_md.o(RESET)
 <LI><a href="#[30]">USART2_IRQHandler</a> from startup_stm32f10x_md.o(.text) referenced from startup_stm32f10x_md.o(RESET)
 <LI><a href="#[31]">USART3_IRQHandler</a> from startup_stm32f10x_md.o(.text) referenced from startup_stm32f10x_md.o(RESET)
 <LI><a href="#[34]">USBWakeUp_IRQHandler</a> from startup_stm32f10x_md.o(.text) referenced from startup_stm32f10x_md.o(RESET)
 <LI><a href="#[1d]">USB_HP_CAN1_TX_IRQHandler</a> from startup_stm32f10x_md.o(.text) referenced from startup_stm32f10x_md.o(RESET)
 <LI><a href="#[1e]">USB_LP_CAN1_RX0_IRQHandler</a> from startup_stm32f10x_md.o(.text) referenced from startup_stm32f10x_md.o(RESET)
 <LI><a href="#[5]">UsageFault_Handler</a> from stm32f10x_it.o(.text) referenced from startup_stm32f10x_md.o(RESET)
 <LI><a href="#[a]">WWDG_IRQHandler</a> from startup_stm32f10x_md.o(.text) referenced from startup_stm32f10x_md.o(RESET)
 <LI><a href="#[37]">__main</a> from entry.o(.ARM.Collect$$$$00000000) referenced from startup_stm32f10x_md.o(.text)
 <LI><a href="#[ee]">eth_task</a> from app_mian.o(.text) referenced from app_mian.o(.text)
 <LI><a href="#[35]">main</a> from main.o(.text) referenced from entry9a.o(.ARM.Collect$$$$0000000B)
 <LI><a href="#[e8]">sig_process_task</a> from app_mian.o(.text) referenced from app_mian.o(.text)
 <LI><a href="#[39]">start_task</a> from app_mian.o(.text) referenced from main.o(.text)
 <LI><a href="#[ed]">status_led_task</a> from app_mian.o(.text) referenced from app_mian.o(.text)
</UL>
<P>
<H3>
Global Symbols
</H3>
<P><STRONG><a name="[37]"></a>__main</STRONG> (Thumb, 0 bytes, Stack size 0 bytes, entry.o(.ARM.Collect$$$$00000000))
<BR>[Address Reference Count : 1]<UL><LI> startup_stm32f10x_md.o(.text)
</UL>
<P><STRONG><a name="[3a]"></a>_main_scatterload</STRONG> (Thumb, 0 bytes, Stack size 0 bytes, entry5.o(.ARM.Collect$$$$00000004))
<BR><BR>[Calls]<UL><LI><a href="#[3b]">&gt;&gt;</a>&nbsp;&nbsp;&nbsp;__scatterload
</UL>

<P><STRONG><a name="[118]"></a>__main_after_scatterload</STRONG> (Thumb, 0 bytes, Stack size 0 bytes, entry5.o(.ARM.Collect$$$$00000004))
<BR><BR>[Called By]<UL><LI><a href="#[3b]">&gt;&gt;</a>&nbsp;&nbsp;&nbsp;__scatterload
</UL>

<P><STRONG><a name="[0]"></a>Reset_Handler</STRONG> (Thumb, 8 bytes, Stack size 0 bytes, startup_stm32f10x_md.o(.text))
<BR>[Address Reference Count : 1]<UL><LI> startup_stm32f10x_md.o(RESET)
</UL>
<P><STRONG><a name="[1c]"></a>ADC1_2_IRQHandler</STRONG> (Thumb, 0 bytes, Stack size 0 bytes, startup_stm32f10x_md.o(.text))
<BR><BR>[Calls]<UL><LI><a href="#[1c]">&gt;&gt;</a>&nbsp;&nbsp;&nbsp;ADC1_2_IRQHandler
</UL>
<BR>[Called By]<UL><LI><a href="#[1c]">&gt;&gt;</a>&nbsp;&nbsp;&nbsp;ADC1_2_IRQHandler
</UL>
<BR>[Address Reference Count : 1]<UL><LI> startup_stm32f10x_md.o(RESET)
</UL>
<P><STRONG><a name="[1f]"></a>CAN1_RX1_IRQHandler</STRONG> (Thumb, 0 bytes, Stack size 0 bytes, startup_stm32f10x_md.o(.text))
<BR>[Address Reference Count : 1]<UL><LI> startup_stm32f10x_md.o(RESET)
</UL>
<P><STRONG><a name="[20]"></a>CAN1_SCE_IRQHandler</STRONG> (Thumb, 0 bytes, Stack size 0 bytes, startup_stm32f10x_md.o(.text))
<BR>[Address Reference Count : 1]<UL><LI> startup_stm32f10x_md.o(RESET)
</UL>
<P><STRONG><a name="[15]"></a>DMA1_Channel1_IRQHandler</STRONG> (Thumb, 0 bytes, Stack size 0 bytes, startup_stm32f10x_md.o(.text))
<BR>[Address Reference Count : 1]<UL><LI> startup_stm32f10x_md.o(RESET)
</UL>
<P><STRONG><a name="[16]"></a>DMA1_Channel2_IRQHandler</STRONG> (Thumb, 0 bytes, Stack size 0 bytes, startup_stm32f10x_md.o(.text))
<BR>[Address Reference Count : 1]<UL><LI> startup_stm32f10x_md.o(RESET)
</UL>
<P><STRONG><a name="[17]"></a>DMA1_Channel3_IRQHandler</STRONG> (Thumb, 0 bytes, Stack size 0 bytes, startup_stm32f10x_md.o(.text))
<BR>[Address Reference Count : 1]<UL><LI> startup_stm32f10x_md.o(RESET)
</UL>
<P><STRONG><a name="[18]"></a>DMA1_Channel4_IRQHandler</STRONG> (Thumb, 0 bytes, Stack size 0 bytes, startup_stm32f10x_md.o(.text))
<BR>[Address Reference Count : 1]<UL><LI> startup_stm32f10x_md.o(RESET)
</UL>
<P><STRONG><a name="[19]"></a>DMA1_Channel5_IRQHandler</STRONG> (Thumb, 0 bytes, Stack size 0 bytes, startup_stm32f10x_md.o(.text))
<BR>[Address Reference Count : 1]<UL><LI> startup_stm32f10x_md.o(RESET)
</UL>
<P><STRONG><a name="[1a]"></a>DMA1_Channel6_IRQHandler</STRONG> (Thumb, 0 bytes, Stack size 0 bytes, startup_stm32f10x_md.o(.text))
<BR>[Address Reference Count : 1]<UL><LI> startup_stm32f10x_md.o(RESET)
</UL>
<P><STRONG><a name="[1b]"></a>DMA1_Channel7_IRQHandler</STRONG> (Thumb, 0 bytes, Stack size 0 bytes, startup_stm32f10x_md.o(.text))
<BR>[Address Reference Count : 1]<UL><LI> startup_stm32f10x_md.o(RESET)
</UL>
<P><STRONG><a name="[10]"></a>EXTI0_IRQHandler</STRONG> (Thumb, 0 bytes, Stack size 0 bytes, startup_stm32f10x_md.o(.text))
<BR>[Address Reference Count : 1]<UL><LI> startup_stm32f10x_md.o(RESET)
</UL>
<P><STRONG><a name="[32]"></a>EXTI15_10_IRQHandler</STRONG> (Thumb, 0 bytes, Stack size 0 bytes, startup_stm32f10x_md.o(.text))
<BR>[Address Reference Count : 1]<UL><LI> startup_stm32f10x_md.o(RESET)
</UL>
<P><STRONG><a name="[11]"></a>EXTI1_IRQHandler</STRONG> (Thumb, 0 bytes, Stack size 0 bytes, startup_stm32f10x_md.o(.text))
<BR>[Address Reference Count : 1]<UL><LI> startup_stm32f10x_md.o(RESET)
</UL>
<P><STRONG><a name="[12]"></a>EXTI2_IRQHandler</STRONG> (Thumb, 0 bytes, Stack size 0 bytes, startup_stm32f10x_md.o(.text))
<BR>[Address Reference Count : 1]<UL><LI> startup_stm32f10x_md.o(RESET)
</UL>
<P><STRONG><a name="[13]"></a>EXTI3_IRQHandler</STRONG> (Thumb, 0 bytes, Stack size 0 bytes, startup_stm32f10x_md.o(.text))
<BR>[Address Reference Count : 1]<UL><LI> startup_stm32f10x_md.o(RESET)
</UL>
<P><STRONG><a name="[14]"></a>EXTI4_IRQHandler</STRONG> (Thumb, 0 bytes, Stack size 0 bytes, startup_stm32f10x_md.o(.text))
<BR>[Address Reference Count : 1]<UL><LI> startup_stm32f10x_md.o(RESET)
</UL>
<P><STRONG><a name="[21]"></a>EXTI9_5_IRQHandler</STRONG> (Thumb, 0 bytes, Stack size 0 bytes, startup_stm32f10x_md.o(.text))
<BR>[Address Reference Count : 1]<UL><LI> startup_stm32f10x_md.o(RESET)
</UL>
<P><STRONG><a name="[e]"></a>FLASH_IRQHandler</STRONG> (Thumb, 0 bytes, Stack size 0 bytes, startup_stm32f10x_md.o(.text))
<BR>[Address Reference Count : 1]<UL><LI> startup_stm32f10x_md.o(RESET)
</UL>
<P><STRONG><a name="[2a]"></a>I2C1_ER_IRQHandler</STRONG> (Thumb, 0 bytes, Stack size 0 bytes, startup_stm32f10x_md.o(.text))
<BR>[Address Reference Count : 1]<UL><LI> startup_stm32f10x_md.o(RESET)
</UL>
<P><STRONG><a name="[29]"></a>I2C1_EV_IRQHandler</STRONG> (Thumb, 0 bytes, Stack size 0 bytes, startup_stm32f10x_md.o(.text))
<BR>[Address Reference Count : 1]<UL><LI> startup_stm32f10x_md.o(RESET)
</UL>
<P><STRONG><a name="[2c]"></a>I2C2_ER_IRQHandler</STRONG> (Thumb, 0 bytes, Stack size 0 bytes, startup_stm32f10x_md.o(.text))
<BR>[Address Reference Count : 1]<UL><LI> startup_stm32f10x_md.o(RESET)
</UL>
<P><STRONG><a name="[2b]"></a>I2C2_EV_IRQHandler</STRONG> (Thumb, 0 bytes, Stack size 0 bytes, startup_stm32f10x_md.o(.text))
<BR>[Address Reference Count : 1]<UL><LI> startup_stm32f10x_md.o(RESET)
</UL>
<P><STRONG><a name="[b]"></a>PVD_IRQHandler</STRONG> (Thumb, 0 bytes, Stack size 0 bytes, startup_stm32f10x_md.o(.text))
<BR>[Address Reference Count : 1]<UL><LI> startup_stm32f10x_md.o(RESET)
</UL>
<P><STRONG><a name="[f]"></a>RCC_IRQHandler</STRONG> (Thumb, 0 bytes, Stack size 0 bytes, startup_stm32f10x_md.o(.text))
<BR>[Address Reference Count : 1]<UL><LI> startup_stm32f10x_md.o(RESET)
</UL>
<P><STRONG><a name="[33]"></a>RTCAlarm_IRQHandler</STRONG> (Thumb, 0 bytes, Stack size 0 bytes, startup_stm32f10x_md.o(.text))
<BR>[Address Reference Count : 1]<UL><LI> startup_stm32f10x_md.o(RESET)
</UL>
<P><STRONG><a name="[d]"></a>RTC_IRQHandler</STRONG> (Thumb, 0 bytes, Stack size 0 bytes, startup_stm32f10x_md.o(.text))
<BR>[Address Reference Count : 1]<UL><LI> startup_stm32f10x_md.o(RESET)
</UL>
<P><STRONG><a name="[2d]"></a>SPI1_IRQHandler</STRONG> (Thumb, 0 bytes, Stack size 0 bytes, startup_stm32f10x_md.o(.text))
<BR>[Address Reference Count : 1]<UL><LI> startup_stm32f10x_md.o(RESET)
</UL>
<P><STRONG><a name="[2e]"></a>SPI2_IRQHandler</STRONG> (Thumb, 0 bytes, Stack size 0 bytes, startup_stm32f10x_md.o(.text))
<BR>[Address Reference Count : 1]<UL><LI> startup_stm32f10x_md.o(RESET)
</UL>
<P><STRONG><a name="[c]"></a>TAMPER_IRQHandler</STRONG> (Thumb, 0 bytes, Stack size 0 bytes, startup_stm32f10x_md.o(.text))
<BR>[Address Reference Count : 1]<UL><LI> startup_stm32f10x_md.o(RESET)
</UL>
<P><STRONG><a name="[22]"></a>TIM1_BRK_IRQHandler</STRONG> (Thumb, 0 bytes, Stack size 0 bytes, startup_stm32f10x_md.o(.text))
<BR>[Address Reference Count : 1]<UL><LI> startup_stm32f10x_md.o(RESET)
</UL>
<P><STRONG><a name="[25]"></a>TIM1_CC_IRQHandler</STRONG> (Thumb, 0 bytes, Stack size 0 bytes, startup_stm32f10x_md.o(.text))
<BR>[Address Reference Count : 1]<UL><LI> startup_stm32f10x_md.o(RESET)
</UL>
<P><STRONG><a name="[24]"></a>TIM1_TRG_COM_IRQHandler</STRONG> (Thumb, 0 bytes, Stack size 0 bytes, startup_stm32f10x_md.o(.text))
<BR>[Address Reference Count : 1]<UL><LI> startup_stm32f10x_md.o(RESET)
</UL>
<P><STRONG><a name="[23]"></a>TIM1_UP_IRQHandler</STRONG> (Thumb, 0 bytes, Stack size 0 bytes, startup_stm32f10x_md.o(.text))
<BR>[Address Reference Count : 1]<UL><LI> startup_stm32f10x_md.o(RESET)
</UL>
<P><STRONG><a name="[26]"></a>TIM2_IRQHandler</STRONG> (Thumb, 0 bytes, Stack size 0 bytes, startup_stm32f10x_md.o(.text))
<BR>[Address Reference Count : 1]<UL><LI> startup_stm32f10x_md.o(RESET)
</UL>
<P><STRONG><a name="[27]"></a>TIM3_IRQHandler</STRONG> (Thumb, 0 bytes, Stack size 0 bytes, startup_stm32f10x_md.o(.text))
<BR>[Address Reference Count : 1]<UL><LI> startup_stm32f10x_md.o(RESET)
</UL>
<P><STRONG><a name="[28]"></a>TIM4_IRQHandler</STRONG> (Thumb, 0 bytes, Stack size 0 bytes, startup_stm32f10x_md.o(.text))
<BR>[Address Reference Count : 1]<UL><LI> startup_stm32f10x_md.o(RESET)
</UL>
<P><STRONG><a name="[2f]"></a>USART1_IRQHandler</STRONG> (Thumb, 0 bytes, Stack size 0 bytes, startup_stm32f10x_md.o(.text))
<BR>[Address Reference Count : 1]<UL><LI> startup_stm32f10x_md.o(RESET)
</UL>
<P><STRONG><a name="[30]"></a>USART2_IRQHandler</STRONG> (Thumb, 0 bytes, Stack size 0 bytes, startup_stm32f10x_md.o(.text))
<BR>[Address Reference Count : 1]<UL><LI> startup_stm32f10x_md.o(RESET)
</UL>
<P><STRONG><a name="[31]"></a>USART3_IRQHandler</STRONG> (Thumb, 0 bytes, Stack size 0 bytes, startup_stm32f10x_md.o(.text))
<BR>[Address Reference Count : 1]<UL><LI> startup_stm32f10x_md.o(RESET)
</UL>
<P><STRONG><a name="[34]"></a>USBWakeUp_IRQHandler</STRONG> (Thumb, 0 bytes, Stack size 0 bytes, startup_stm32f10x_md.o(.text))
<BR>[Address Reference Count : 1]<UL><LI> startup_stm32f10x_md.o(RESET)
</UL>
<P><STRONG><a name="[1d]"></a>USB_HP_CAN1_TX_IRQHandler</STRONG> (Thumb, 0 bytes, Stack size 0 bytes, startup_stm32f10x_md.o(.text))
<BR>[Address Reference Count : 1]<UL><LI> startup_stm32f10x_md.o(RESET)
</UL>
<P><STRONG><a name="[1e]"></a>USB_LP_CAN1_RX0_IRQHandler</STRONG> (Thumb, 0 bytes, Stack size 0 bytes, startup_stm32f10x_md.o(.text))
<BR>[Address Reference Count : 1]<UL><LI> startup_stm32f10x_md.o(RESET)
</UL>
<P><STRONG><a name="[a]"></a>WWDG_IRQHandler</STRONG> (Thumb, 0 bytes, Stack size 0 bytes, startup_stm32f10x_md.o(.text))
<BR>[Address Reference Count : 1]<UL><LI> startup_stm32f10x_md.o(RESET)
</UL>
<P><STRONG><a name="[36]"></a>SystemInit</STRONG> (Thumb, 222 bytes, Stack size 0 bytes, system_stm32f10x.o(.text))
<BR>[Address Reference Count : 1]<UL><LI> startup_stm32f10x_md.o(.text)
</UL>
<P><STRONG><a name="[10e]"></a>NVIC_PriorityGroupConfig</STRONG> (Thumb, 14 bytes, Stack size 0 bytes, misc.o(.text))
<BR><BR>[Called By]<UL><LI><a href="#[10c]">&gt;&gt;</a>&nbsp;&nbsp;&nbsp;NVIC_Config
</UL>

<P><STRONG><a name="[56]"></a>SysTick_CLKSourceConfig</STRONG> (Thumb, 22 bytes, Stack size 0 bytes, misc.o(.text))
<BR><BR>[Called By]<UL><LI><a href="#[55]">&gt;&gt;</a>&nbsp;&nbsp;&nbsp;systick_config
</UL>

<P><STRONG><a name="[3c]"></a>GPIO_DeInit</STRONG> (Thumb, 216 bytes, Stack size 0 bytes, stm32f10x_gpio.o(.text), UNUSED)
<BR><BR>[Calls]<UL><LI><a href="#[3d]">&gt;&gt;</a>&nbsp;&nbsp;&nbsp;RCC_APB2PeriphResetCmd
</UL>

<P><STRONG><a name="[3e]"></a>GPIO_AFIODeInit</STRONG> (Thumb, 22 bytes, Stack size 0 bytes, stm32f10x_gpio.o(.text), UNUSED)
<BR><BR>[Calls]<UL><LI><a href="#[3d]">&gt;&gt;</a>&nbsp;&nbsp;&nbsp;RCC_APB2PeriphResetCmd
</UL>

<P><STRONG><a name="[50]"></a>GPIO_Init</STRONG> (Thumb, 192 bytes, Stack size 0 bytes, stm32f10x_gpio.o(.text))
<BR><BR>[Called By]<UL><LI><a href="#[8e]">&gt;&gt;</a>&nbsp;&nbsp;&nbsp;logic_config
<LI><a href="#[8d]">&gt;&gt;</a>&nbsp;&nbsp;&nbsp;sw_config
<LI><a href="#[79]">&gt;&gt;</a>&nbsp;&nbsp;&nbsp;pwm_config
<LI><a href="#[72]">&gt;&gt;</a>&nbsp;&nbsp;&nbsp;spi1_config
<LI><a href="#[6f]">&gt;&gt;</a>&nbsp;&nbsp;&nbsp;enc28j60_init
<LI><a href="#[59]">&gt;&gt;</a>&nbsp;&nbsp;&nbsp;usart1_config
<LI><a href="#[4e]">&gt;&gt;</a>&nbsp;&nbsp;&nbsp;led_init
</UL>

<P><STRONG><a name="[54]"></a>GPIO_SetBits</STRONG> (Thumb, 4 bytes, Stack size 0 bytes, stm32f10x_gpio.o(.text))
<BR><BR>[Called By]<UL><LI><a href="#[8e]">&gt;&gt;</a>&nbsp;&nbsp;&nbsp;logic_config
<LI><a href="#[8c]">&gt;&gt;</a>&nbsp;&nbsp;&nbsp;sync_sw
<LI><a href="#[71]">&gt;&gt;</a>&nbsp;&nbsp;&nbsp;enc28j60_packet_receive
<LI><a href="#[70]">&gt;&gt;</a>&nbsp;&nbsp;&nbsp;enc28j60_packet_send
<LI><a href="#[6f]">&gt;&gt;</a>&nbsp;&nbsp;&nbsp;enc28j60_init
<LI><a href="#[6a]">&gt;&gt;</a>&nbsp;&nbsp;&nbsp;enc28j60_writebuf
<LI><a href="#[69]">&gt;&gt;</a>&nbsp;&nbsp;&nbsp;enc28j60_readbuf
<LI><a href="#[68]">&gt;&gt;</a>&nbsp;&nbsp;&nbsp;enc28j60_writeop
<LI><a href="#[66]">&gt;&gt;</a>&nbsp;&nbsp;&nbsp;enc28j60_readop
<LI><a href="#[53]">&gt;&gt;</a>&nbsp;&nbsp;&nbsp;led_off
</UL>

<P><STRONG><a name="[51]"></a>GPIO_ResetBits</STRONG> (Thumb, 4 bytes, Stack size 0 bytes, stm32f10x_gpio.o(.text))
<BR><BR>[Called By]<UL><LI><a href="#[8e]">&gt;&gt;</a>&nbsp;&nbsp;&nbsp;logic_config
<LI><a href="#[8d]">&gt;&gt;</a>&nbsp;&nbsp;&nbsp;sw_config
<LI><a href="#[8c]">&gt;&gt;</a>&nbsp;&nbsp;&nbsp;sync_sw
<LI><a href="#[71]">&gt;&gt;</a>&nbsp;&nbsp;&nbsp;enc28j60_packet_receive
<LI><a href="#[70]">&gt;&gt;</a>&nbsp;&nbsp;&nbsp;enc28j60_packet_send
<LI><a href="#[6a]">&gt;&gt;</a>&nbsp;&nbsp;&nbsp;enc28j60_writebuf
<LI><a href="#[69]">&gt;&gt;</a>&nbsp;&nbsp;&nbsp;enc28j60_readbuf
<LI><a href="#[68]">&gt;&gt;</a>&nbsp;&nbsp;&nbsp;enc28j60_writeop
<LI><a href="#[66]">&gt;&gt;</a>&nbsp;&nbsp;&nbsp;enc28j60_readop
<LI><a href="#[52]">&gt;&gt;</a>&nbsp;&nbsp;&nbsp;led_on
<LI><a href="#[4e]">&gt;&gt;</a>&nbsp;&nbsp;&nbsp;led_init
</UL>

<P><STRONG><a name="[40]"></a>RCC_GetFlagStatus</STRONG> (Thumb, 42 bytes, Stack size 0 bytes, stm32f10x_rcc.o(.text), UNUSED)
<BR><BR>[Called By]<UL><LI><a href="#[3f]">&gt;&gt;</a>&nbsp;&nbsp;&nbsp;RCC_WaitForHSEStartUp
</UL>

<P><STRONG><a name="[3f]"></a>RCC_WaitForHSEStartUp</STRONG> (Thumb, 50 bytes, Stack size 0 bytes, stm32f10x_rcc.o(.text), UNUSED)
<BR><BR>[Calls]<UL><LI><a href="#[40]">&gt;&gt;</a>&nbsp;&nbsp;&nbsp;RCC_GetFlagStatus
</UL>

<P><STRONG><a name="[44]"></a>RCC_GetClocksFreq</STRONG> (Thumb, 150 bytes, Stack size 0 bytes, stm32f10x_rcc.o(.text))
<BR><BR>[Called By]<UL><LI><a href="#[46]">&gt;&gt;</a>&nbsp;&nbsp;&nbsp;USART_Init
<LI><a href="#[43]">&gt;&gt;</a>&nbsp;&nbsp;&nbsp;I2S_Init
</UL>

<P><STRONG><a name="[4f]"></a>RCC_APB2PeriphClockCmd</STRONG> (Thumb, 18 bytes, Stack size 0 bytes, stm32f10x_rcc.o(.text))
<BR><BR>[Called By]<UL><LI><a href="#[91]">&gt;&gt;</a>&nbsp;&nbsp;&nbsp;internal_temp_config
<LI><a href="#[8e]">&gt;&gt;</a>&nbsp;&nbsp;&nbsp;logic_config
<LI><a href="#[8d]">&gt;&gt;</a>&nbsp;&nbsp;&nbsp;sw_config
<LI><a href="#[79]">&gt;&gt;</a>&nbsp;&nbsp;&nbsp;pwm_config
<LI><a href="#[72]">&gt;&gt;</a>&nbsp;&nbsp;&nbsp;spi1_config
<LI><a href="#[6f]">&gt;&gt;</a>&nbsp;&nbsp;&nbsp;enc28j60_init
<LI><a href="#[59]">&gt;&gt;</a>&nbsp;&nbsp;&nbsp;usart1_config
<LI><a href="#[4e]">&gt;&gt;</a>&nbsp;&nbsp;&nbsp;led_init
</UL>

<P><STRONG><a name="[7a]"></a>RCC_APB1PeriphClockCmd</STRONG> (Thumb, 18 bytes, Stack size 0 bytes, stm32f10x_rcc.o(.text))
<BR><BR>[Called By]<UL><LI><a href="#[79]">&gt;&gt;</a>&nbsp;&nbsp;&nbsp;pwm_config
</UL>

<P><STRONG><a name="[3d]"></a>RCC_APB2PeriphResetCmd</STRONG> (Thumb, 18 bytes, Stack size 0 bytes, stm32f10x_rcc.o(.text))
<BR><BR>[Called By]<UL><LI><a href="#[4d]">&gt;&gt;</a>&nbsp;&nbsp;&nbsp;ADC_DeInit
<LI><a href="#[47]">&gt;&gt;</a>&nbsp;&nbsp;&nbsp;TIM_DeInit
<LI><a href="#[45]">&gt;&gt;</a>&nbsp;&nbsp;&nbsp;USART_DeInit
<LI><a href="#[41]">&gt;&gt;</a>&nbsp;&nbsp;&nbsp;SPI_I2S_DeInit
<LI><a href="#[3e]">&gt;&gt;</a>&nbsp;&nbsp;&nbsp;GPIO_AFIODeInit
<LI><a href="#[3c]">&gt;&gt;</a>&nbsp;&nbsp;&nbsp;GPIO_DeInit
</UL>

<P><STRONG><a name="[42]"></a>RCC_APB1PeriphResetCmd</STRONG> (Thumb, 18 bytes, Stack size 0 bytes, stm32f10x_rcc.o(.text))
<BR><BR>[Called By]<UL><LI><a href="#[47]">&gt;&gt;</a>&nbsp;&nbsp;&nbsp;TIM_DeInit
<LI><a href="#[45]">&gt;&gt;</a>&nbsp;&nbsp;&nbsp;USART_DeInit
<LI><a href="#[41]">&gt;&gt;</a>&nbsp;&nbsp;&nbsp;SPI_I2S_DeInit
</UL>

<P><STRONG><a name="[41]"></a>SPI_I2S_DeInit</STRONG> (Thumb, 100 bytes, Stack size 0 bytes, stm32f10x_spi.o(.text), UNUSED)
<BR><BR>[Calls]<UL><LI><a href="#[42]">&gt;&gt;</a>&nbsp;&nbsp;&nbsp;RCC_APB1PeriphResetCmd
<LI><a href="#[3d]">&gt;&gt;</a>&nbsp;&nbsp;&nbsp;RCC_APB2PeriphResetCmd
</UL>

<P><STRONG><a name="[74]"></a>SPI_Init</STRONG> (Thumb, 84 bytes, Stack size 0 bytes, stm32f10x_spi.o(.text))
<BR><BR>[Called By]<UL><LI><a href="#[72]">&gt;&gt;</a>&nbsp;&nbsp;&nbsp;spi1_config
</UL>

<P><STRONG><a name="[43]"></a>I2S_Init</STRONG> (Thumb, 172 bytes, Stack size 0 bytes, stm32f10x_spi.o(.text), UNUSED)
<BR><BR>[Calls]<UL><LI><a href="#[44]">&gt;&gt;</a>&nbsp;&nbsp;&nbsp;RCC_GetClocksFreq
</UL>

<P><STRONG><a name="[73]"></a>SPI_Cmd</STRONG> (Thumb, 18 bytes, Stack size 0 bytes, stm32f10x_spi.o(.text))
<BR><BR>[Called By]<UL><LI><a href="#[72]">&gt;&gt;</a>&nbsp;&nbsp;&nbsp;spi1_config
</UL>

<P><STRONG><a name="[77]"></a>SPI_I2S_SendData</STRONG> (Thumb, 4 bytes, Stack size 0 bytes, stm32f10x_spi.o(.text))
<BR><BR>[Called By]<UL><LI><a href="#[67]">&gt;&gt;</a>&nbsp;&nbsp;&nbsp;spi_rw
</UL>

<P><STRONG><a name="[78]"></a>SPI_I2S_ReceiveData</STRONG> (Thumb, 4 bytes, Stack size 0 bytes, stm32f10x_spi.o(.text))
<BR><BR>[Called By]<UL><LI><a href="#[67]">&gt;&gt;</a>&nbsp;&nbsp;&nbsp;spi_rw
</UL>

<P><STRONG><a name="[75]"></a>SPI_SSOutputCmd</STRONG> (Thumb, 18 bytes, Stack size 0 bytes, stm32f10x_spi.o(.text))
<BR><BR>[Called By]<UL><LI><a href="#[72]">&gt;&gt;</a>&nbsp;&nbsp;&nbsp;spi1_config
</UL>

<P><STRONG><a name="[76]"></a>SPI_I2S_GetFlagStatus</STRONG> (Thumb, 14 bytes, Stack size 0 bytes, stm32f10x_spi.o(.text))
<BR><BR>[Called By]<UL><LI><a href="#[67]">&gt;&gt;</a>&nbsp;&nbsp;&nbsp;spi_rw
</UL>

<P><STRONG><a name="[45]"></a>USART_DeInit</STRONG> (Thumb, 164 bytes, Stack size 0 bytes, stm32f10x_usart.o(.text), UNUSED)
<BR><BR>[Calls]<UL><LI><a href="#[42]">&gt;&gt;</a>&nbsp;&nbsp;&nbsp;RCC_APB1PeriphResetCmd
<LI><a href="#[3d]">&gt;&gt;</a>&nbsp;&nbsp;&nbsp;RCC_APB2PeriphResetCmd
</UL>

<P><STRONG><a name="[46]"></a>USART_Init</STRONG> (Thumb, 174 bytes, Stack size 0 bytes, stm32f10x_usart.o(.text))
<BR><BR>[Calls]<UL><LI><a href="#[44]">&gt;&gt;</a>&nbsp;&nbsp;&nbsp;RCC_GetClocksFreq
</UL>
<BR>[Called By]<UL><LI><a href="#[59]">&gt;&gt;</a>&nbsp;&nbsp;&nbsp;usart1_config
</UL>

<P><STRONG><a name="[5a]"></a>USART_Cmd</STRONG> (Thumb, 18 bytes, Stack size 0 bytes, stm32f10x_usart.o(.text))
<BR><BR>[Called By]<UL><LI><a href="#[59]">&gt;&gt;</a>&nbsp;&nbsp;&nbsp;usart1_config
</UL>

<P><STRONG><a name="[5d]"></a>USART_SendData</STRONG> (Thumb, 8 bytes, Stack size 0 bytes, stm32f10x_usart.o(.text))
<BR><BR>[Called By]<UL><LI><a href="#[65]">&gt;&gt;</a>&nbsp;&nbsp;&nbsp;print_arg
<LI><a href="#[62]">&gt;&gt;</a>&nbsp;&nbsp;&nbsp;print_float
<LI><a href="#[61]">&gt;&gt;</a>&nbsp;&nbsp;&nbsp;print_int
<LI><a href="#[60]">&gt;&gt;</a>&nbsp;&nbsp;&nbsp;print_n_byte
<LI><a href="#[5f]">&gt;&gt;</a>&nbsp;&nbsp;&nbsp;print_str
<LI><a href="#[5e]">&gt;&gt;</a>&nbsp;&nbsp;&nbsp;print_byte
<LI><a href="#[5b]">&gt;&gt;</a>&nbsp;&nbsp;&nbsp;fputc
</UL>

<P><STRONG><a name="[5c]"></a>USART_GetFlagStatus</STRONG> (Thumb, 14 bytes, Stack size 0 bytes, stm32f10x_usart.o(.text))
<BR><BR>[Called By]<UL><LI><a href="#[65]">&gt;&gt;</a>&nbsp;&nbsp;&nbsp;print_arg
<LI><a href="#[62]">&gt;&gt;</a>&nbsp;&nbsp;&nbsp;print_float
<LI><a href="#[61]">&gt;&gt;</a>&nbsp;&nbsp;&nbsp;print_int
<LI><a href="#[60]">&gt;&gt;</a>&nbsp;&nbsp;&nbsp;print_n_byte
<LI><a href="#[5f]">&gt;&gt;</a>&nbsp;&nbsp;&nbsp;print_str
<LI><a href="#[5e]">&gt;&gt;</a>&nbsp;&nbsp;&nbsp;print_byte
<LI><a href="#[5b]">&gt;&gt;</a>&nbsp;&nbsp;&nbsp;fputc
</UL>

<P><STRONG><a name="[47]"></a>TIM_DeInit</STRONG> (Thumb, 550 bytes, Stack size 0 bytes, stm32f10x_tim.o(.text))
<BR><BR>[Calls]<UL><LI><a href="#[42]">&gt;&gt;</a>&nbsp;&nbsp;&nbsp;RCC_APB1PeriphResetCmd
<LI><a href="#[3d]">&gt;&gt;</a>&nbsp;&nbsp;&nbsp;RCC_APB2PeriphResetCmd
</UL>
<BR>[Called By]<UL><LI><a href="#[79]">&gt;&gt;</a>&nbsp;&nbsp;&nbsp;pwm_config
</UL>

<P><STRONG><a name="[7b]"></a>TIM_TimeBaseInit</STRONG> (Thumb, 148 bytes, Stack size 0 bytes, stm32f10x_tim.o(.text))
<BR><BR>[Called By]<UL><LI><a href="#[79]">&gt;&gt;</a>&nbsp;&nbsp;&nbsp;pwm_config
</UL>

<P><STRONG><a name="[84]"></a>TIM_OC1Init</STRONG> (Thumb, 132 bytes, Stack size 0 bytes, stm32f10x_tim.o(.text))
<BR><BR>[Called By]<UL><LI><a href="#[79]">&gt;&gt;</a>&nbsp;&nbsp;&nbsp;pwm_config
</UL>

<P><STRONG><a name="[7d]"></a>TIM_OC2Init</STRONG> (Thumb, 134 bytes, Stack size 0 bytes, stm32f10x_tim.o(.text))
<BR><BR>[Called By]<UL><LI><a href="#[79]">&gt;&gt;</a>&nbsp;&nbsp;&nbsp;pwm_config
</UL>

<P><STRONG><a name="[7e]"></a>TIM_OC3Init</STRONG> (Thumb, 132 bytes, Stack size 0 bytes, stm32f10x_tim.o(.text))
<BR><BR>[Called By]<UL><LI><a href="#[79]">&gt;&gt;</a>&nbsp;&nbsp;&nbsp;pwm_config
</UL>

<P><STRONG><a name="[7f]"></a>TIM_OC4Init</STRONG> (Thumb, 106 bytes, Stack size 0 bytes, stm32f10x_tim.o(.text))
<BR><BR>[Called By]<UL><LI><a href="#[79]">&gt;&gt;</a>&nbsp;&nbsp;&nbsp;pwm_config
</UL>

<P><STRONG><a name="[48]"></a>TIM_ICInit</STRONG> (Thumb, 332 bytes, Stack size 0 bytes, stm32f10x_tim.o(.text), UNUSED)
<BR><BR>[Calls]<UL><LI><a href="#[49]">&gt;&gt;</a>&nbsp;&nbsp;&nbsp;TI1_Config
<LI><a href="#[4a]">&gt;&gt;</a>&nbsp;&nbsp;&nbsp;TI2_Config
</UL>

<P><STRONG><a name="[4b]"></a>TIM_PWMIConfig</STRONG> (Thumb, 158 bytes, Stack size 0 bytes, stm32f10x_tim.o(.text), UNUSED)
<BR><BR>[Calls]<UL><LI><a href="#[49]">&gt;&gt;</a>&nbsp;&nbsp;&nbsp;TI1_Config
<LI><a href="#[4a]">&gt;&gt;</a>&nbsp;&nbsp;&nbsp;TI2_Config
</UL>

<P><STRONG><a name="[83]"></a>TIM_Cmd</STRONG> (Thumb, 18 bytes, Stack size 0 bytes, stm32f10x_tim.o(.text))
<BR><BR>[Called By]<UL><LI><a href="#[79]">&gt;&gt;</a>&nbsp;&nbsp;&nbsp;pwm_config
</UL>

<P><STRONG><a name="[86]"></a>TIM_CtrlPWMOutputs</STRONG> (Thumb, 22 bytes, Stack size 0 bytes, stm32f10x_tim.o(.text))
<BR><BR>[Called By]<UL><LI><a href="#[79]">&gt;&gt;</a>&nbsp;&nbsp;&nbsp;pwm_config
</UL>

<P><STRONG><a name="[4c]"></a>TIM_TIxExternalClockConfig</STRONG> (Thumb, 48 bytes, Stack size 0 bytes, stm32f10x_tim.o(.text), UNUSED)
<BR><BR>[Calls]<UL><LI><a href="#[49]">&gt;&gt;</a>&nbsp;&nbsp;&nbsp;TI1_Config
<LI><a href="#[4a]">&gt;&gt;</a>&nbsp;&nbsp;&nbsp;TI2_Config
</UL>

<P><STRONG><a name="[7c]"></a>TIM_ARRPreloadConfig</STRONG> (Thumb, 18 bytes, Stack size 0 bytes, stm32f10x_tim.o(.text))
<BR><BR>[Called By]<UL><LI><a href="#[79]">&gt;&gt;</a>&nbsp;&nbsp;&nbsp;pwm_config
</UL>

<P><STRONG><a name="[85]"></a>TIM_OC1PreloadConfig</STRONG> (Thumb, 12 bytes, Stack size 0 bytes, stm32f10x_tim.o(.text))
<BR><BR>[Called By]<UL><LI><a href="#[79]">&gt;&gt;</a>&nbsp;&nbsp;&nbsp;pwm_config
</UL>

<P><STRONG><a name="[80]"></a>TIM_OC2PreloadConfig</STRONG> (Thumb, 20 bytes, Stack size 0 bytes, stm32f10x_tim.o(.text))
<BR><BR>[Called By]<UL><LI><a href="#[79]">&gt;&gt;</a>&nbsp;&nbsp;&nbsp;pwm_config
</UL>

<P><STRONG><a name="[81]"></a>TIM_OC3PreloadConfig</STRONG> (Thumb, 12 bytes, Stack size 0 bytes, stm32f10x_tim.o(.text))
<BR><BR>[Called By]<UL><LI><a href="#[79]">&gt;&gt;</a>&nbsp;&nbsp;&nbsp;pwm_config
</UL>

<P><STRONG><a name="[82]"></a>TIM_OC4PreloadConfig</STRONG> (Thumb, 20 bytes, Stack size 0 bytes, stm32f10x_tim.o(.text))
<BR><BR>[Called By]<UL><LI><a href="#[79]">&gt;&gt;</a>&nbsp;&nbsp;&nbsp;pwm_config
</UL>

<P><STRONG><a name="[88]"></a>TIM_SetCompare1</STRONG> (Thumb, 4 bytes, Stack size 0 bytes, stm32f10x_tim.o(.text))
<BR><BR>[Called By]<UL><LI><a href="#[87]">&gt;&gt;</a>&nbsp;&nbsp;&nbsp;sync_pwm
</UL>

<P><STRONG><a name="[8a]"></a>TIM_SetCompare2</STRONG> (Thumb, 4 bytes, Stack size 0 bytes, stm32f10x_tim.o(.text))
<BR><BR>[Called By]<UL><LI><a href="#[87]">&gt;&gt;</a>&nbsp;&nbsp;&nbsp;sync_pwm
</UL>

<P><STRONG><a name="[8b]"></a>TIM_SetCompare3</STRONG> (Thumb, 4 bytes, Stack size 0 bytes, stm32f10x_tim.o(.text))
<BR><BR>[Called By]<UL><LI><a href="#[87]">&gt;&gt;</a>&nbsp;&nbsp;&nbsp;sync_pwm
</UL>

<P><STRONG><a name="[89]"></a>TIM_SetCompare4</STRONG> (Thumb, 6 bytes, Stack size 0 bytes, stm32f10x_tim.o(.text))
<BR><BR>[Called By]<UL><LI><a href="#[87]">&gt;&gt;</a>&nbsp;&nbsp;&nbsp;sync_pwm
</UL>

<P><STRONG><a name="[4d]"></a>ADC_DeInit</STRONG> (Thumb, 100 bytes, Stack size 0 bytes, stm32f10x_adc.o(.text))
<BR><BR>[Calls]<UL><LI><a href="#[3d]">&gt;&gt;</a>&nbsp;&nbsp;&nbsp;RCC_APB2PeriphResetCmd
</UL>
<BR>[Called By]<UL><LI><a href="#[91]">&gt;&gt;</a>&nbsp;&nbsp;&nbsp;internal_temp_config
</UL>

<P><STRONG><a name="[92]"></a>ADC_Init</STRONG> (Thumb, 70 bytes, Stack size 0 bytes, stm32f10x_adc.o(.text))
<BR><BR>[Called By]<UL><LI><a href="#[91]">&gt;&gt;</a>&nbsp;&nbsp;&nbsp;internal_temp_config
</UL>

<P><STRONG><a name="[93]"></a>ADC_Cmd</STRONG> (Thumb, 18 bytes, Stack size 0 bytes, stm32f10x_adc.o(.text))
<BR><BR>[Called By]<UL><LI><a href="#[91]">&gt;&gt;</a>&nbsp;&nbsp;&nbsp;internal_temp_config
</UL>

<P><STRONG><a name="[94]"></a>ADC_ResetCalibration</STRONG> (Thumb, 10 bytes, Stack size 0 bytes, stm32f10x_adc.o(.text))
<BR><BR>[Called By]<UL><LI><a href="#[91]">&gt;&gt;</a>&nbsp;&nbsp;&nbsp;internal_temp_config
</UL>

<P><STRONG><a name="[95]"></a>ADC_GetResetCalibrationStatus</STRONG> (Thumb, 16 bytes, Stack size 0 bytes, stm32f10x_adc.o(.text))
<BR><BR>[Called By]<UL><LI><a href="#[91]">&gt;&gt;</a>&nbsp;&nbsp;&nbsp;internal_temp_config
</UL>

<P><STRONG><a name="[96]"></a>ADC_StartCalibration</STRONG> (Thumb, 10 bytes, Stack size 0 bytes, stm32f10x_adc.o(.text))
<BR><BR>[Called By]<UL><LI><a href="#[91]">&gt;&gt;</a>&nbsp;&nbsp;&nbsp;internal_temp_config
</UL>

<P><STRONG><a name="[97]"></a>ADC_GetCalibrationStatus</STRONG> (Thumb, 16 bytes, Stack size 0 bytes, stm32f10x_adc.o(.text))
<BR><BR>[Called By]<UL><LI><a href="#[91]">&gt;&gt;</a>&nbsp;&nbsp;&nbsp;internal_temp_config
</UL>

<P><STRONG><a name="[9a]"></a>ADC_SoftwareStartConvCmd</STRONG> (Thumb, 18 bytes, Stack size 0 bytes, stm32f10x_adc.o(.text))
<BR><BR>[Called By]<UL><LI><a href="#[9b]">&gt;&gt;</a>&nbsp;&nbsp;&nbsp;get_temp
<LI><a href="#[91]">&gt;&gt;</a>&nbsp;&nbsp;&nbsp;internal_temp_config
</UL>

<P><STRONG><a name="[98]"></a>ADC_RegularChannelConfig</STRONG> (Thumb, 144 bytes, Stack size 0 bytes, stm32f10x_adc.o(.text))
<BR><BR>[Called By]<UL><LI><a href="#[9b]">&gt;&gt;</a>&nbsp;&nbsp;&nbsp;get_temp
<LI><a href="#[91]">&gt;&gt;</a>&nbsp;&nbsp;&nbsp;internal_temp_config
</UL>

<P><STRONG><a name="[9d]"></a>ADC_GetConversionValue</STRONG> (Thumb, 6 bytes, Stack size 0 bytes, stm32f10x_adc.o(.text))
<BR><BR>[Called By]<UL><LI><a href="#[9b]">&gt;&gt;</a>&nbsp;&nbsp;&nbsp;get_temp
</UL>

<P><STRONG><a name="[99]"></a>ADC_TempSensorVrefintCmd</STRONG> (Thumb, 20 bytes, Stack size 0 bytes, stm32f10x_adc.o(.text))
<BR><BR>[Called By]<UL><LI><a href="#[91]">&gt;&gt;</a>&nbsp;&nbsp;&nbsp;internal_temp_config
</UL>

<P><STRONG><a name="[9c]"></a>ADC_GetFlagStatus</STRONG> (Thumb, 14 bytes, Stack size 0 bytes, stm32f10x_adc.o(.text))
<BR><BR>[Called By]<UL><LI><a href="#[9b]">&gt;&gt;</a>&nbsp;&nbsp;&nbsp;get_temp
</UL>

<P><STRONG><a name="[4e]"></a>led_init</STRONG> (Thumb, 50 bytes, Stack size 0 bytes, bsp_led.o(.text))
<BR><BR>[Calls]<UL><LI><a href="#[4f]">&gt;&gt;</a>&nbsp;&nbsp;&nbsp;RCC_APB2PeriphClockCmd
<LI><a href="#[51]">&gt;&gt;</a>&nbsp;&nbsp;&nbsp;GPIO_ResetBits
<LI><a href="#[50]">&gt;&gt;</a>&nbsp;&nbsp;&nbsp;GPIO_Init
</UL>
<BR>[Called By]<UL><LI><a href="#[35]">&gt;&gt;</a>&nbsp;&nbsp;&nbsp;main
</UL>

<P><STRONG><a name="[52]"></a>led_on</STRONG> (Thumb, 10 bytes, Stack size 0 bytes, bsp_led.o(.text))
<BR><BR>[Calls]<UL><LI><a href="#[51]">&gt;&gt;</a>&nbsp;&nbsp;&nbsp;GPIO_ResetBits
</UL>
<BR>[Called By]<UL><LI><a href="#[ed]">&gt;&gt;</a>&nbsp;&nbsp;&nbsp;status_led_task
</UL>

<P><STRONG><a name="[53]"></a>led_off</STRONG> (Thumb, 10 bytes, Stack size 0 bytes, bsp_led.o(.text))
<BR><BR>[Calls]<UL><LI><a href="#[54]">&gt;&gt;</a>&nbsp;&nbsp;&nbsp;GPIO_SetBits
</UL>
<BR>[Called By]<UL><LI><a href="#[ed]">&gt;&gt;</a>&nbsp;&nbsp;&nbsp;status_led_task
</UL>

<P><STRONG><a name="[55]"></a>systick_config</STRONG> (Thumb, 56 bytes, Stack size 0 bytes, bsp_systick.o(.text))
<BR><BR>[Calls]<UL><LI><a href="#[56]">&gt;&gt;</a>&nbsp;&nbsp;&nbsp;SysTick_CLKSourceConfig
</UL>
<BR>[Called By]<UL><LI><a href="#[39]">&gt;&gt;</a>&nbsp;&nbsp;&nbsp;start_task
</UL>

<P><STRONG><a name="[57]"></a>delay_ms</STRONG> (Thumb, 88 bytes, Stack size 0 bytes, bsp_systick.o(.text))
<BR><BR>[Calls]<UL><LI><a href="#[58]">&gt;&gt;</a>&nbsp;&nbsp;&nbsp;OSTimeDly
</UL>
<BR>[Called By]<UL><LI><a href="#[ed]">&gt;&gt;</a>&nbsp;&nbsp;&nbsp;status_led_task
</UL>

<P><STRONG><a name="[59]"></a>usart1_config</STRONG> (Thumb, 122 bytes, Stack size 0 bytes, bsp_usart.o(.text))
<BR><BR>[Calls]<UL><LI><a href="#[5a]">&gt;&gt;</a>&nbsp;&nbsp;&nbsp;USART_Cmd
<LI><a href="#[46]">&gt;&gt;</a>&nbsp;&nbsp;&nbsp;USART_Init
<LI><a href="#[4f]">&gt;&gt;</a>&nbsp;&nbsp;&nbsp;RCC_APB2PeriphClockCmd
<LI><a href="#[50]">&gt;&gt;</a>&nbsp;&nbsp;&nbsp;GPIO_Init
</UL>
<BR>[Called By]<UL><LI><a href="#[35]">&gt;&gt;</a>&nbsp;&nbsp;&nbsp;main
</UL>

<P><STRONG><a name="[5b]"></a>fputc</STRONG> (Thumb, 30 bytes, Stack size 0 bytes, bsp_usart.o(.text), UNUSED)
<BR><BR>[Calls]<UL><LI><a href="#[5c]">&gt;&gt;</a>&nbsp;&nbsp;&nbsp;USART_GetFlagStatus
<LI><a href="#[5d]">&gt;&gt;</a>&nbsp;&nbsp;&nbsp;USART_SendData
</UL>

<P><STRONG><a name="[5e]"></a>print_byte</STRONG> (Thumb, 30 bytes, Stack size 0 bytes, bsp_usart.o(.text), UNUSED)
<BR><BR>[Calls]<UL><LI><a href="#[5c]">&gt;&gt;</a>&nbsp;&nbsp;&nbsp;USART_GetFlagStatus
<LI><a href="#[5d]">&gt;&gt;</a>&nbsp;&nbsp;&nbsp;USART_SendData
</UL>

<P><STRONG><a name="[5f]"></a>print_str</STRONG> (Thumb, 44 bytes, Stack size 0 bytes, bsp_usart.o(.text))
<BR><BR>[Calls]<UL><LI><a href="#[5c]">&gt;&gt;</a>&nbsp;&nbsp;&nbsp;USART_GetFlagStatus
<LI><a href="#[5d]">&gt;&gt;</a>&nbsp;&nbsp;&nbsp;USART_SendData
</UL>
<BR>[Called By]<UL><LI><a href="#[35]">&gt;&gt;</a>&nbsp;&nbsp;&nbsp;main
</UL>

<P><STRONG><a name="[60]"></a>print_n_byte</STRONG> (Thumb, 44 bytes, Stack size 0 bytes, bsp_usart.o(.text), UNUSED)
<BR><BR>[Calls]<UL><LI><a href="#[5c]">&gt;&gt;</a>&nbsp;&nbsp;&nbsp;USART_GetFlagStatus
<LI><a href="#[5d]">&gt;&gt;</a>&nbsp;&nbsp;&nbsp;USART_SendData
</UL>

<P><STRONG><a name="[61]"></a>print_int</STRONG> (Thumb, 176 bytes, Stack size 0 bytes, bsp_usart.o(.text), UNUSED)
<BR><BR>[Calls]<UL><LI><a href="#[5c]">&gt;&gt;</a>&nbsp;&nbsp;&nbsp;USART_GetFlagStatus
<LI><a href="#[5d]">&gt;&gt;</a>&nbsp;&nbsp;&nbsp;USART_SendData
</UL>
<BR>[Called By]<UL><LI><a href="#[65]">&gt;&gt;</a>&nbsp;&nbsp;&nbsp;print_arg
<LI><a href="#[62]">&gt;&gt;</a>&nbsp;&nbsp;&nbsp;print_float
</UL>

<P><STRONG><a name="[62]"></a>print_float</STRONG> (Thumb, 50 bytes, Stack size 0 bytes, bsp_usart.o(.text), UNUSED)
<BR><BR>[Calls]<UL><LI><a href="#[63]">&gt;&gt;</a>&nbsp;&nbsp;&nbsp;__aeabi_fmul
<LI><a href="#[64]">&gt;&gt;</a>&nbsp;&nbsp;&nbsp;__aeabi_f2iz
<LI><a href="#[61]">&gt;&gt;</a>&nbsp;&nbsp;&nbsp;print_int
<LI><a href="#[5c]">&gt;&gt;</a>&nbsp;&nbsp;&nbsp;USART_GetFlagStatus
<LI><a href="#[5d]">&gt;&gt;</a>&nbsp;&nbsp;&nbsp;USART_SendData
</UL>

<P><STRONG><a name="[65]"></a>print_arg</STRONG> (Thumb, 78 bytes, Stack size 0 bytes, bsp_usart.o(.text), UNUSED)
<BR><BR>[Calls]<UL><LI><a href="#[61]">&gt;&gt;</a>&nbsp;&nbsp;&nbsp;print_int
<LI><a href="#[5c]">&gt;&gt;</a>&nbsp;&nbsp;&nbsp;USART_GetFlagStatus
<LI><a href="#[5d]">&gt;&gt;</a>&nbsp;&nbsp;&nbsp;USART_SendData
</UL>

<P><STRONG><a name="[66]"></a>enc28j60_readop</STRONG> (Thumb, 60 bytes, Stack size 0 bytes, bsp_enc28j60.o(.text))
<BR><BR>[Calls]<UL><LI><a href="#[67]">&gt;&gt;</a>&nbsp;&nbsp;&nbsp;spi_rw
<LI><a href="#[51]">&gt;&gt;</a>&nbsp;&nbsp;&nbsp;GPIO_ResetBits
<LI><a href="#[54]">&gt;&gt;</a>&nbsp;&nbsp;&nbsp;GPIO_SetBits
</UL>
<BR>[Called By]<UL><LI><a href="#[71]">&gt;&gt;</a>&nbsp;&nbsp;&nbsp;enc28j60_packet_receive
<LI><a href="#[70]">&gt;&gt;</a>&nbsp;&nbsp;&nbsp;enc28j60_packet_send
<LI><a href="#[6f]">&gt;&gt;</a>&nbsp;&nbsp;&nbsp;enc28j60_init
<LI><a href="#[6e]">&gt;&gt;</a>&nbsp;&nbsp;&nbsp;enc28j60_writephy
<LI><a href="#[6c]">&gt;&gt;</a>&nbsp;&nbsp;&nbsp;enc28j60_read
</UL>

<P><STRONG><a name="[68]"></a>enc28j60_writeop</STRONG> (Thumb, 48 bytes, Stack size 0 bytes, bsp_enc28j60.o(.text))
<BR><BR>[Calls]<UL><LI><a href="#[67]">&gt;&gt;</a>&nbsp;&nbsp;&nbsp;spi_rw
<LI><a href="#[51]">&gt;&gt;</a>&nbsp;&nbsp;&nbsp;GPIO_ResetBits
<LI><a href="#[54]">&gt;&gt;</a>&nbsp;&nbsp;&nbsp;GPIO_SetBits
</UL>
<BR>[Called By]<UL><LI><a href="#[71]">&gt;&gt;</a>&nbsp;&nbsp;&nbsp;enc28j60_packet_receive
<LI><a href="#[70]">&gt;&gt;</a>&nbsp;&nbsp;&nbsp;enc28j60_packet_send
<LI><a href="#[6f]">&gt;&gt;</a>&nbsp;&nbsp;&nbsp;enc28j60_init
<LI><a href="#[6e]">&gt;&gt;</a>&nbsp;&nbsp;&nbsp;enc28j60_writephy
<LI><a href="#[6d]">&gt;&gt;</a>&nbsp;&nbsp;&nbsp;enc28j60_write
<LI><a href="#[6b]">&gt;&gt;</a>&nbsp;&nbsp;&nbsp;enc28j60_setbank
</UL>

<P><STRONG><a name="[69]"></a>enc28j60_readbuf</STRONG> (Thumb, 54 bytes, Stack size 0 bytes, bsp_enc28j60.o(.text), UNUSED)
<BR><BR>[Calls]<UL><LI><a href="#[67]">&gt;&gt;</a>&nbsp;&nbsp;&nbsp;spi_rw
<LI><a href="#[51]">&gt;&gt;</a>&nbsp;&nbsp;&nbsp;GPIO_ResetBits
<LI><a href="#[54]">&gt;&gt;</a>&nbsp;&nbsp;&nbsp;GPIO_SetBits
</UL>

<P><STRONG><a name="[6a]"></a>enc28j60_writebuf</STRONG> (Thumb, 52 bytes, Stack size 0 bytes, bsp_enc28j60.o(.text), UNUSED)
<BR><BR>[Calls]<UL><LI><a href="#[67]">&gt;&gt;</a>&nbsp;&nbsp;&nbsp;spi_rw
<LI><a href="#[51]">&gt;&gt;</a>&nbsp;&nbsp;&nbsp;GPIO_ResetBits
<LI><a href="#[54]">&gt;&gt;</a>&nbsp;&nbsp;&nbsp;GPIO_SetBits
</UL>

<P><STRONG><a name="[6b]"></a>enc28j60_setbank</STRONG> (Thumb, 44 bytes, Stack size 0 bytes, bsp_enc28j60.o(.text))
<BR><BR>[Calls]<UL><LI><a href="#[68]">&gt;&gt;</a>&nbsp;&nbsp;&nbsp;enc28j60_writeop
</UL>
<BR>[Called By]<UL><LI><a href="#[71]">&gt;&gt;</a>&nbsp;&nbsp;&nbsp;enc28j60_packet_receive
<LI><a href="#[70]">&gt;&gt;</a>&nbsp;&nbsp;&nbsp;enc28j60_packet_send
<LI><a href="#[6f]">&gt;&gt;</a>&nbsp;&nbsp;&nbsp;enc28j60_init
<LI><a href="#[6e]">&gt;&gt;</a>&nbsp;&nbsp;&nbsp;enc28j60_writephy
<LI><a href="#[6d]">&gt;&gt;</a>&nbsp;&nbsp;&nbsp;enc28j60_write
<LI><a href="#[6c]">&gt;&gt;</a>&nbsp;&nbsp;&nbsp;enc28j60_read
</UL>

<P><STRONG><a name="[6c]"></a>enc28j60_read</STRONG> (Thumb, 18 bytes, Stack size 0 bytes, bsp_enc28j60.o(.text), UNUSED)
<BR><BR>[Calls]<UL><LI><a href="#[6b]">&gt;&gt;</a>&nbsp;&nbsp;&nbsp;enc28j60_setbank
<LI><a href="#[66]">&gt;&gt;</a>&nbsp;&nbsp;&nbsp;enc28j60_readop
</UL>

<P><STRONG><a name="[6d]"></a>enc28j60_write</STRONG> (Thumb, 22 bytes, Stack size 0 bytes, bsp_enc28j60.o(.text), UNUSED)
<BR><BR>[Calls]<UL><LI><a href="#[6b]">&gt;&gt;</a>&nbsp;&nbsp;&nbsp;enc28j60_setbank
<LI><a href="#[68]">&gt;&gt;</a>&nbsp;&nbsp;&nbsp;enc28j60_writeop
</UL>

<P><STRONG><a name="[6e]"></a>enc28j60_writephy</STRONG> (Thumb, 88 bytes, Stack size 0 bytes, bsp_enc28j60.o(.text))
<BR><BR>[Calls]<UL><LI><a href="#[6b]">&gt;&gt;</a>&nbsp;&nbsp;&nbsp;enc28j60_setbank
<LI><a href="#[68]">&gt;&gt;</a>&nbsp;&nbsp;&nbsp;enc28j60_writeop
<LI><a href="#[66]">&gt;&gt;</a>&nbsp;&nbsp;&nbsp;enc28j60_readop
</UL>
<BR>[Called By]<UL><LI><a href="#[6f]">&gt;&gt;</a>&nbsp;&nbsp;&nbsp;enc28j60_init
</UL>

<P><STRONG><a name="[6f]"></a>enc28j60_init</STRONG> (Thumb, 712 bytes, Stack size 0 bytes, bsp_enc28j60.o(.text))
<BR><BR>[Calls]<UL><LI><a href="#[6e]">&gt;&gt;</a>&nbsp;&nbsp;&nbsp;enc28j60_writephy
<LI><a href="#[6b]">&gt;&gt;</a>&nbsp;&nbsp;&nbsp;enc28j60_setbank
<LI><a href="#[68]">&gt;&gt;</a>&nbsp;&nbsp;&nbsp;enc28j60_writeop
<LI><a href="#[66]">&gt;&gt;</a>&nbsp;&nbsp;&nbsp;enc28j60_readop
<LI><a href="#[4f]">&gt;&gt;</a>&nbsp;&nbsp;&nbsp;RCC_APB2PeriphClockCmd
<LI><a href="#[54]">&gt;&gt;</a>&nbsp;&nbsp;&nbsp;GPIO_SetBits
<LI><a href="#[50]">&gt;&gt;</a>&nbsp;&nbsp;&nbsp;GPIO_Init
</UL>
<BR>[Called By]<UL><LI><a href="#[ff]">&gt;&gt;</a>&nbsp;&nbsp;&nbsp;tapdev_init
</UL>

<P><STRONG><a name="[70]"></a>enc28j60_packet_send</STRONG> (Thumb, 226 bytes, Stack size 0 bytes, bsp_enc28j60.o(.text))
<BR><BR>[Calls]<UL><LI><a href="#[67]">&gt;&gt;</a>&nbsp;&nbsp;&nbsp;spi_rw
<LI><a href="#[6b]">&gt;&gt;</a>&nbsp;&nbsp;&nbsp;enc28j60_setbank
<LI><a href="#[68]">&gt;&gt;</a>&nbsp;&nbsp;&nbsp;enc28j60_writeop
<LI><a href="#[66]">&gt;&gt;</a>&nbsp;&nbsp;&nbsp;enc28j60_readop
<LI><a href="#[51]">&gt;&gt;</a>&nbsp;&nbsp;&nbsp;GPIO_ResetBits
<LI><a href="#[54]">&gt;&gt;</a>&nbsp;&nbsp;&nbsp;GPIO_SetBits
</UL>
<BR>[Called By]<UL><LI><a href="#[101]">&gt;&gt;</a>&nbsp;&nbsp;&nbsp;tapdev_send
</UL>

<P><STRONG><a name="[71]"></a>enc28j60_packet_receive</STRONG> (Thumb, 276 bytes, Stack size 0 bytes, bsp_enc28j60.o(.text))
<BR><BR>[Calls]<UL><LI><a href="#[67]">&gt;&gt;</a>&nbsp;&nbsp;&nbsp;spi_rw
<LI><a href="#[6b]">&gt;&gt;</a>&nbsp;&nbsp;&nbsp;enc28j60_setbank
<LI><a href="#[68]">&gt;&gt;</a>&nbsp;&nbsp;&nbsp;enc28j60_writeop
<LI><a href="#[66]">&gt;&gt;</a>&nbsp;&nbsp;&nbsp;enc28j60_readop
<LI><a href="#[51]">&gt;&gt;</a>&nbsp;&nbsp;&nbsp;GPIO_ResetBits
<LI><a href="#[54]">&gt;&gt;</a>&nbsp;&nbsp;&nbsp;GPIO_SetBits
</UL>
<BR>[Called By]<UL><LI><a href="#[100]">&gt;&gt;</a>&nbsp;&nbsp;&nbsp;tapdev_read
</UL>

<P><STRONG><a name="[72]"></a>spi1_config</STRONG> (Thumb, 158 bytes, Stack size 0 bytes, bsp_spi.o(.text))
<BR><BR>[Calls]<UL><LI><a href="#[75]">&gt;&gt;</a>&nbsp;&nbsp;&nbsp;SPI_SSOutputCmd
<LI><a href="#[73]">&gt;&gt;</a>&nbsp;&nbsp;&nbsp;SPI_Cmd
<LI><a href="#[74]">&gt;&gt;</a>&nbsp;&nbsp;&nbsp;SPI_Init
<LI><a href="#[4f]">&gt;&gt;</a>&nbsp;&nbsp;&nbsp;RCC_APB2PeriphClockCmd
<LI><a href="#[50]">&gt;&gt;</a>&nbsp;&nbsp;&nbsp;GPIO_Init
</UL>
<BR>[Called By]<UL><LI><a href="#[102]">&gt;&gt;</a>&nbsp;&nbsp;&nbsp;tcp_server_init
</UL>

<P><STRONG><a name="[67]"></a>spi_rw</STRONG> (Thumb, 48 bytes, Stack size 0 bytes, bsp_spi.o(.text))
<BR><BR>[Calls]<UL><LI><a href="#[76]">&gt;&gt;</a>&nbsp;&nbsp;&nbsp;SPI_I2S_GetFlagStatus
<LI><a href="#[78]">&gt;&gt;</a>&nbsp;&nbsp;&nbsp;SPI_I2S_ReceiveData
<LI><a href="#[77]">&gt;&gt;</a>&nbsp;&nbsp;&nbsp;SPI_I2S_SendData
</UL>
<BR>[Called By]<UL><LI><a href="#[71]">&gt;&gt;</a>&nbsp;&nbsp;&nbsp;enc28j60_packet_receive
<LI><a href="#[70]">&gt;&gt;</a>&nbsp;&nbsp;&nbsp;enc28j60_packet_send
<LI><a href="#[6a]">&gt;&gt;</a>&nbsp;&nbsp;&nbsp;enc28j60_writebuf
<LI><a href="#[69]">&gt;&gt;</a>&nbsp;&nbsp;&nbsp;enc28j60_readbuf
<LI><a href="#[68]">&gt;&gt;</a>&nbsp;&nbsp;&nbsp;enc28j60_writeop
<LI><a href="#[66]">&gt;&gt;</a>&nbsp;&nbsp;&nbsp;enc28j60_readop
</UL>

<P><STRONG><a name="[79]"></a>pwm_config</STRONG> (Thumb, 320 bytes, Stack size 0 bytes, bsp_pwm.o(.text))
<BR><BR>[Calls]<UL><LI><a href="#[82]">&gt;&gt;</a>&nbsp;&nbsp;&nbsp;TIM_OC4PreloadConfig
<LI><a href="#[81]">&gt;&gt;</a>&nbsp;&nbsp;&nbsp;TIM_OC3PreloadConfig
<LI><a href="#[80]">&gt;&gt;</a>&nbsp;&nbsp;&nbsp;TIM_OC2PreloadConfig
<LI><a href="#[85]">&gt;&gt;</a>&nbsp;&nbsp;&nbsp;TIM_OC1PreloadConfig
<LI><a href="#[7c]">&gt;&gt;</a>&nbsp;&nbsp;&nbsp;TIM_ARRPreloadConfig
<LI><a href="#[86]">&gt;&gt;</a>&nbsp;&nbsp;&nbsp;TIM_CtrlPWMOutputs
<LI><a href="#[83]">&gt;&gt;</a>&nbsp;&nbsp;&nbsp;TIM_Cmd
<LI><a href="#[7f]">&gt;&gt;</a>&nbsp;&nbsp;&nbsp;TIM_OC4Init
<LI><a href="#[7e]">&gt;&gt;</a>&nbsp;&nbsp;&nbsp;TIM_OC3Init
<LI><a href="#[7d]">&gt;&gt;</a>&nbsp;&nbsp;&nbsp;TIM_OC2Init
<LI><a href="#[84]">&gt;&gt;</a>&nbsp;&nbsp;&nbsp;TIM_OC1Init
<LI><a href="#[7b]">&gt;&gt;</a>&nbsp;&nbsp;&nbsp;TIM_TimeBaseInit
<LI><a href="#[47]">&gt;&gt;</a>&nbsp;&nbsp;&nbsp;TIM_DeInit
<LI><a href="#[7a]">&gt;&gt;</a>&nbsp;&nbsp;&nbsp;RCC_APB1PeriphClockCmd
<LI><a href="#[4f]">&gt;&gt;</a>&nbsp;&nbsp;&nbsp;RCC_APB2PeriphClockCmd
<LI><a href="#[50]">&gt;&gt;</a>&nbsp;&nbsp;&nbsp;GPIO_Init
</UL>
<BR>[Called By]<UL><LI><a href="#[35]">&gt;&gt;</a>&nbsp;&nbsp;&nbsp;main
</UL>

<P><STRONG><a name="[87]"></a>sync_pwm</STRONG> (Thumb, 82 bytes, Stack size 0 bytes, bsp_pwm.o(.text))
<BR><BR>[Calls]<UL><LI><a href="#[89]">&gt;&gt;</a>&nbsp;&nbsp;&nbsp;TIM_SetCompare4
<LI><a href="#[8b]">&gt;&gt;</a>&nbsp;&nbsp;&nbsp;TIM_SetCompare3
<LI><a href="#[8a]">&gt;&gt;</a>&nbsp;&nbsp;&nbsp;TIM_SetCompare2
<LI><a href="#[88]">&gt;&gt;</a>&nbsp;&nbsp;&nbsp;TIM_SetCompare1
</UL>
<BR>[Called By]<UL><LI><a href="#[35]">&gt;&gt;</a>&nbsp;&nbsp;&nbsp;main
<LI><a href="#[e8]">&gt;&gt;</a>&nbsp;&nbsp;&nbsp;sig_process_task
</UL>

<P><STRONG><a name="[8c]"></a>sync_sw</STRONG> (Thumb, 62 bytes, Stack size 0 bytes, bsp_sw.o(.text))
<BR><BR>[Calls]<UL><LI><a href="#[51]">&gt;&gt;</a>&nbsp;&nbsp;&nbsp;GPIO_ResetBits
<LI><a href="#[54]">&gt;&gt;</a>&nbsp;&nbsp;&nbsp;GPIO_SetBits
</UL>
<BR>[Called By]<UL><LI><a href="#[e8]">&gt;&gt;</a>&nbsp;&nbsp;&nbsp;sig_process_task
</UL>

<P><STRONG><a name="[8d]"></a>sw_config</STRONG> (Thumb, 90 bytes, Stack size 0 bytes, bsp_sw.o(.text))
<BR><BR>[Calls]<UL><LI><a href="#[4f]">&gt;&gt;</a>&nbsp;&nbsp;&nbsp;RCC_APB2PeriphClockCmd
<LI><a href="#[51]">&gt;&gt;</a>&nbsp;&nbsp;&nbsp;GPIO_ResetBits
<LI><a href="#[50]">&gt;&gt;</a>&nbsp;&nbsp;&nbsp;GPIO_Init
</UL>
<BR>[Called By]<UL><LI><a href="#[35]">&gt;&gt;</a>&nbsp;&nbsp;&nbsp;main
</UL>

<P><STRONG><a name="[90]"></a>_74hc595_send_n_char</STRONG> (Thumb, 220 bytes, Stack size 0 bytes, bsp_74hc595.o(.text))
<BR><BR>[Called By]<UL><LI><a href="#[8f]">&gt;&gt;</a>&nbsp;&nbsp;&nbsp;sync_logic
</UL>

<P><STRONG><a name="[8e]"></a>logic_config</STRONG> (Thumb, 60 bytes, Stack size 0 bytes, bsp_logic.o(.text))
<BR><BR>[Calls]<UL><LI><a href="#[4f]">&gt;&gt;</a>&nbsp;&nbsp;&nbsp;RCC_APB2PeriphClockCmd
<LI><a href="#[51]">&gt;&gt;</a>&nbsp;&nbsp;&nbsp;GPIO_ResetBits
<LI><a href="#[54]">&gt;&gt;</a>&nbsp;&nbsp;&nbsp;GPIO_SetBits
<LI><a href="#[50]">&gt;&gt;</a>&nbsp;&nbsp;&nbsp;GPIO_Init
</UL>
<BR>[Called By]<UL><LI><a href="#[35]">&gt;&gt;</a>&nbsp;&nbsp;&nbsp;main
</UL>

<P><STRONG><a name="[8f]"></a>sync_logic</STRONG> (Thumb, 4 bytes, Stack size 0 bytes, bsp_logic.o(.text))
<BR><BR>[Calls]<UL><LI><a href="#[90]">&gt;&gt;</a>&nbsp;&nbsp;&nbsp;_74hc595_send_n_char
</UL>
<BR>[Called By]<UL><LI><a href="#[e8]">&gt;&gt;</a>&nbsp;&nbsp;&nbsp;sig_process_task
</UL>

<P><STRONG><a name="[91]"></a>internal_temp_config</STRONG> (Thumb, 124 bytes, Stack size 0 bytes, bsp_temp.o(.text))
<BR><BR>[Calls]<UL><LI><a href="#[99]">&gt;&gt;</a>&nbsp;&nbsp;&nbsp;ADC_TempSensorVrefintCmd
<LI><a href="#[98]">&gt;&gt;</a>&nbsp;&nbsp;&nbsp;ADC_RegularChannelConfig
<LI><a href="#[9a]">&gt;&gt;</a>&nbsp;&nbsp;&nbsp;ADC_SoftwareStartConvCmd
<LI><a href="#[97]">&gt;&gt;</a>&nbsp;&nbsp;&nbsp;ADC_GetCalibrationStatus
<LI><a href="#[96]">&gt;&gt;</a>&nbsp;&nbsp;&nbsp;ADC_StartCalibration
<LI><a href="#[95]">&gt;&gt;</a>&nbsp;&nbsp;&nbsp;ADC_GetResetCalibrationStatus
<LI><a href="#[94]">&gt;&gt;</a>&nbsp;&nbsp;&nbsp;ADC_ResetCalibration
<LI><a href="#[93]">&gt;&gt;</a>&nbsp;&nbsp;&nbsp;ADC_Cmd
<LI><a href="#[92]">&gt;&gt;</a>&nbsp;&nbsp;&nbsp;ADC_Init
<LI><a href="#[4d]">&gt;&gt;</a>&nbsp;&nbsp;&nbsp;ADC_DeInit
<LI><a href="#[4f]">&gt;&gt;</a>&nbsp;&nbsp;&nbsp;RCC_APB2PeriphClockCmd
</UL>
<BR>[Called By]<UL><LI><a href="#[35]">&gt;&gt;</a>&nbsp;&nbsp;&nbsp;main
</UL>

<P><STRONG><a name="[9b]"></a>get_temp</STRONG> (Thumb, 118 bytes, Stack size 0 bytes, bsp_temp.o(.text))
<BR><BR>[Calls]<UL><LI><a href="#[9e]">&gt;&gt;</a>&nbsp;&nbsp;&nbsp;__aeabi_i2d
<LI><a href="#[a1]">&gt;&gt;</a>&nbsp;&nbsp;&nbsp;__aeabi_dmul
<LI><a href="#[9f]">&gt;&gt;</a>&nbsp;&nbsp;&nbsp;__aeabi_ddiv
<LI><a href="#[a0]">&gt;&gt;</a>&nbsp;&nbsp;&nbsp;__aeabi_dadd
<LI><a href="#[a2]">&gt;&gt;</a>&nbsp;&nbsp;&nbsp;__aeabi_d2iz
<LI><a href="#[9c]">&gt;&gt;</a>&nbsp;&nbsp;&nbsp;ADC_GetFlagStatus
<LI><a href="#[9d]">&gt;&gt;</a>&nbsp;&nbsp;&nbsp;ADC_GetConversionValue
<LI><a href="#[98]">&gt;&gt;</a>&nbsp;&nbsp;&nbsp;ADC_RegularChannelConfig
<LI><a href="#[9a]">&gt;&gt;</a>&nbsp;&nbsp;&nbsp;ADC_SoftwareStartConvCmd
</UL>
<BR>[Called By]<UL><LI><a href="#[e8]">&gt;&gt;</a>&nbsp;&nbsp;&nbsp;sig_process_task
</UL>

<P><STRONG><a name="[a4]"></a>OS_CPU_SR_Save</STRONG> (Thumb, 0 bytes, Stack size 0 bytes, os_cpu_a.o(.text))
<BR><BR>[Called By]<UL><LI><a href="#[39]">&gt;&gt;</a>&nbsp;&nbsp;&nbsp;start_task
<LI><a href="#[ee]">&gt;&gt;</a>&nbsp;&nbsp;&nbsp;eth_task
<LI><a href="#[e8]">&gt;&gt;</a>&nbsp;&nbsp;&nbsp;sig_process_task
<LI><a href="#[e4]">&gt;&gt;</a>&nbsp;&nbsp;&nbsp;OSTimeSet
<LI><a href="#[e3]">&gt;&gt;</a>&nbsp;&nbsp;&nbsp;OSTimeGet
<LI><a href="#[e2]">&gt;&gt;</a>&nbsp;&nbsp;&nbsp;OSTimeDlyResume
<LI><a href="#[df]">&gt;&gt;</a>&nbsp;&nbsp;&nbsp;OSTaskQuery
<LI><a href="#[de]">&gt;&gt;</a>&nbsp;&nbsp;&nbsp;OSTaskSuspend
<LI><a href="#[dd]">&gt;&gt;</a>&nbsp;&nbsp;&nbsp;OSTaskResume
<LI><a href="#[da]">&gt;&gt;</a>&nbsp;&nbsp;&nbsp;OSTaskNameGet
<LI><a href="#[d8]">&gt;&gt;</a>&nbsp;&nbsp;&nbsp;OSTaskCreate
<LI><a href="#[d7]">&gt;&gt;</a>&nbsp;&nbsp;&nbsp;OSSemSet
<LI><a href="#[d6]">&gt;&gt;</a>&nbsp;&nbsp;&nbsp;OSSemQuery
<LI><a href="#[d5]">&gt;&gt;</a>&nbsp;&nbsp;&nbsp;OSSemPost
<LI><a href="#[d4]">&gt;&gt;</a>&nbsp;&nbsp;&nbsp;OSSemPendAbort
<LI><a href="#[d3]">&gt;&gt;</a>&nbsp;&nbsp;&nbsp;OSSemPend
<LI><a href="#[d2]">&gt;&gt;</a>&nbsp;&nbsp;&nbsp;OSSemDel
<LI><a href="#[d1]">&gt;&gt;</a>&nbsp;&nbsp;&nbsp;OSSemCreate
<LI><a href="#[d0]">&gt;&gt;</a>&nbsp;&nbsp;&nbsp;OSSemAccept
<LI><a href="#[ce]">&gt;&gt;</a>&nbsp;&nbsp;&nbsp;OSQQuery
<LI><a href="#[cd]">&gt;&gt;</a>&nbsp;&nbsp;&nbsp;OSQPostOpt
<LI><a href="#[cc]">&gt;&gt;</a>&nbsp;&nbsp;&nbsp;OSQPostFront
<LI><a href="#[cb]">&gt;&gt;</a>&nbsp;&nbsp;&nbsp;OSQPost
<LI><a href="#[ca]">&gt;&gt;</a>&nbsp;&nbsp;&nbsp;OSQPendAbort
<LI><a href="#[c7]">&gt;&gt;</a>&nbsp;&nbsp;&nbsp;OSQPend
<LI><a href="#[c6]">&gt;&gt;</a>&nbsp;&nbsp;&nbsp;OSQFlush
<LI><a href="#[c5]">&gt;&gt;</a>&nbsp;&nbsp;&nbsp;OSQDel
<LI><a href="#[c3]">&gt;&gt;</a>&nbsp;&nbsp;&nbsp;OSQCreate
<LI><a href="#[c2]">&gt;&gt;</a>&nbsp;&nbsp;&nbsp;OSQAccept
<LI><a href="#[be]">&gt;&gt;</a>&nbsp;&nbsp;&nbsp;OSTaskStkChk
<LI><a href="#[b2]">&gt;&gt;</a>&nbsp;&nbsp;&nbsp;OSTaskNameSet
<LI><a href="#[b1]">&gt;&gt;</a>&nbsp;&nbsp;&nbsp;OSTaskCreateExt
<LI><a href="#[bf]">&gt;&gt;</a>&nbsp;&nbsp;&nbsp;OS_TCBInit
<LI><a href="#[ba]">&gt;&gt;</a>&nbsp;&nbsp;&nbsp;OSTimeTick
<LI><a href="#[b7]">&gt;&gt;</a>&nbsp;&nbsp;&nbsp;OSSchedUnlock
<LI><a href="#[b6]">&gt;&gt;</a>&nbsp;&nbsp;&nbsp;OSSchedLock
<LI><a href="#[b4]">&gt;&gt;</a>&nbsp;&nbsp;&nbsp;OSIntExit
<LI><a href="#[ac]">&gt;&gt;</a>&nbsp;&nbsp;&nbsp;OS_TaskIdle
<LI><a href="#[a9]">&gt;&gt;</a>&nbsp;&nbsp;&nbsp;OSEventPendMulti
<LI><a href="#[a7]">&gt;&gt;</a>&nbsp;&nbsp;&nbsp;OS_Sched
<LI><a href="#[a6]">&gt;&gt;</a>&nbsp;&nbsp;&nbsp;OSEventNameSet
<LI><a href="#[a3]">&gt;&gt;</a>&nbsp;&nbsp;&nbsp;OSEventNameGet
<LI><a href="#[58]">&gt;&gt;</a>&nbsp;&nbsp;&nbsp;OSTimeDly
</UL>

<P><STRONG><a name="[a5]"></a>OS_CPU_SR_Restore</STRONG> (Thumb, 0 bytes, Stack size 0 bytes, os_cpu_a.o(.text))
<BR><BR>[Called By]<UL><LI><a href="#[39]">&gt;&gt;</a>&nbsp;&nbsp;&nbsp;start_task
<LI><a href="#[ee]">&gt;&gt;</a>&nbsp;&nbsp;&nbsp;eth_task
<LI><a href="#[e8]">&gt;&gt;</a>&nbsp;&nbsp;&nbsp;sig_process_task
<LI><a href="#[e4]">&gt;&gt;</a>&nbsp;&nbsp;&nbsp;OSTimeSet
<LI><a href="#[e3]">&gt;&gt;</a>&nbsp;&nbsp;&nbsp;OSTimeGet
<LI><a href="#[e2]">&gt;&gt;</a>&nbsp;&nbsp;&nbsp;OSTimeDlyResume
<LI><a href="#[df]">&gt;&gt;</a>&nbsp;&nbsp;&nbsp;OSTaskQuery
<LI><a href="#[de]">&gt;&gt;</a>&nbsp;&nbsp;&nbsp;OSTaskSuspend
<LI><a href="#[dd]">&gt;&gt;</a>&nbsp;&nbsp;&nbsp;OSTaskResume
<LI><a href="#[da]">&gt;&gt;</a>&nbsp;&nbsp;&nbsp;OSTaskNameGet
<LI><a href="#[d8]">&gt;&gt;</a>&nbsp;&nbsp;&nbsp;OSTaskCreate
<LI><a href="#[d7]">&gt;&gt;</a>&nbsp;&nbsp;&nbsp;OSSemSet
<LI><a href="#[d6]">&gt;&gt;</a>&nbsp;&nbsp;&nbsp;OSSemQuery
<LI><a href="#[d5]">&gt;&gt;</a>&nbsp;&nbsp;&nbsp;OSSemPost
<LI><a href="#[d4]">&gt;&gt;</a>&nbsp;&nbsp;&nbsp;OSSemPendAbort
<LI><a href="#[d3]">&gt;&gt;</a>&nbsp;&nbsp;&nbsp;OSSemPend
<LI><a href="#[d2]">&gt;&gt;</a>&nbsp;&nbsp;&nbsp;OSSemDel
<LI><a href="#[d1]">&gt;&gt;</a>&nbsp;&nbsp;&nbsp;OSSemCreate
<LI><a href="#[d0]">&gt;&gt;</a>&nbsp;&nbsp;&nbsp;OSSemAccept
<LI><a href="#[ce]">&gt;&gt;</a>&nbsp;&nbsp;&nbsp;OSQQuery
<LI><a href="#[cd]">&gt;&gt;</a>&nbsp;&nbsp;&nbsp;OSQPostOpt
<LI><a href="#[cc]">&gt;&gt;</a>&nbsp;&nbsp;&nbsp;OSQPostFront
<LI><a href="#[cb]">&gt;&gt;</a>&nbsp;&nbsp;&nbsp;OSQPost
<LI><a href="#[ca]">&gt;&gt;</a>&nbsp;&nbsp;&nbsp;OSQPendAbort
<LI><a href="#[c7]">&gt;&gt;</a>&nbsp;&nbsp;&nbsp;OSQPend
<LI><a href="#[c6]">&gt;&gt;</a>&nbsp;&nbsp;&nbsp;OSQFlush
<LI><a href="#[c5]">&gt;&gt;</a>&nbsp;&nbsp;&nbsp;OSQDel
<LI><a href="#[c3]">&gt;&gt;</a>&nbsp;&nbsp;&nbsp;OSQCreate
<LI><a href="#[c2]">&gt;&gt;</a>&nbsp;&nbsp;&nbsp;OSQAccept
<LI><a href="#[be]">&gt;&gt;</a>&nbsp;&nbsp;&nbsp;OSTaskStkChk
<LI><a href="#[b2]">&gt;&gt;</a>&nbsp;&nbsp;&nbsp;OSTaskNameSet
<LI><a href="#[b1]">&gt;&gt;</a>&nbsp;&nbsp;&nbsp;OSTaskCreateExt
<LI><a href="#[bf]">&gt;&gt;</a>&nbsp;&nbsp;&nbsp;OS_TCBInit
<LI><a href="#[ba]">&gt;&gt;</a>&nbsp;&nbsp;&nbsp;OSTimeTick
<LI><a href="#[b7]">&gt;&gt;</a>&nbsp;&nbsp;&nbsp;OSSchedUnlock
<LI><a href="#[b6]">&gt;&gt;</a>&nbsp;&nbsp;&nbsp;OSSchedLock
<LI><a href="#[b4]">&gt;&gt;</a>&nbsp;&nbsp;&nbsp;OSIntExit
<LI><a href="#[ac]">&gt;&gt;</a>&nbsp;&nbsp;&nbsp;OS_TaskIdle
<LI><a href="#[a9]">&gt;&gt;</a>&nbsp;&nbsp;&nbsp;OSEventPendMulti
<LI><a href="#[a7]">&gt;&gt;</a>&nbsp;&nbsp;&nbsp;OS_Sched
<LI><a href="#[a6]">&gt;&gt;</a>&nbsp;&nbsp;&nbsp;OSEventNameSet
<LI><a href="#[a3]">&gt;&gt;</a>&nbsp;&nbsp;&nbsp;OSEventNameGet
<LI><a href="#[58]">&gt;&gt;</a>&nbsp;&nbsp;&nbsp;OSTimeDly
</UL>

<P><STRONG><a name="[b9]"></a>OSStartHighRdy</STRONG> (Thumb, 0 bytes, Stack size 0 bytes, os_cpu_a.o(.text))
<BR><BR>[Called By]<UL><LI><a href="#[b8]">&gt;&gt;</a>&nbsp;&nbsp;&nbsp;OSStart
</UL>

<P><STRONG><a name="[a8]"></a>OSCtxSw</STRONG> (Thumb, 0 bytes, Stack size 0 bytes, os_cpu_a.o(.text))
<BR><BR>[Called By]<UL><LI><a href="#[a7]">&gt;&gt;</a>&nbsp;&nbsp;&nbsp;OS_Sched
</UL>

<P><STRONG><a name="[b5]"></a>OSIntCtxSw</STRONG> (Thumb, 0 bytes, Stack size 0 bytes, os_cpu_a.o(.text))
<BR><BR>[Called By]<UL><LI><a href="#[b4]">&gt;&gt;</a>&nbsp;&nbsp;&nbsp;OSIntExit
</UL>

<P><STRONG><a name="[8]"></a>PendSV_Handler</STRONG> (Thumb, 0 bytes, Stack size 0 bytes, os_cpu_a.o(.text))
<BR>[Address Reference Count : 1]<UL><LI> startup_stm32f10x_md.o(RESET)
</UL>
<P><STRONG><a name="[af]"></a>OSInitHookBegin</STRONG> (Thumb, 2 bytes, Stack size 0 bytes, os_cpu_c.o(.text))
<BR><BR>[Called By]<UL><LI><a href="#[ae]">&gt;&gt;</a>&nbsp;&nbsp;&nbsp;OSInit
</UL>

<P><STRONG><a name="[b3]"></a>OSInitHookEnd</STRONG> (Thumb, 2 bytes, Stack size 0 bytes, os_cpu_c.o(.text))
<BR><BR>[Called By]<UL><LI><a href="#[ae]">&gt;&gt;</a>&nbsp;&nbsp;&nbsp;OSInit
</UL>

<P><STRONG><a name="[c1]"></a>OSTaskCreateHook</STRONG> (Thumb, 2 bytes, Stack size 0 bytes, os_cpu_c.o(.text))
<BR><BR>[Called By]<UL><LI><a href="#[bf]">&gt;&gt;</a>&nbsp;&nbsp;&nbsp;OS_TCBInit
</UL>

<P><STRONG><a name="[ad]"></a>OSTaskIdleHook</STRONG> (Thumb, 2 bytes, Stack size 0 bytes, os_cpu_c.o(.text))
<BR><BR>[Called By]<UL><LI><a href="#[ac]">&gt;&gt;</a>&nbsp;&nbsp;&nbsp;OS_TaskIdle
</UL>

<P><STRONG><a name="[d9]"></a>OSTaskStkInit</STRONG> (Thumb, 116 bytes, Stack size 0 bytes, os_cpu_c.o(.text))
<BR><BR>[Called By]<UL><LI><a href="#[d8]">&gt;&gt;</a>&nbsp;&nbsp;&nbsp;OSTaskCreate
<LI><a href="#[b1]">&gt;&gt;</a>&nbsp;&nbsp;&nbsp;OSTaskCreateExt
</UL>

<P><STRONG><a name="[38]"></a>OSTaskSwHook</STRONG> (Thumb, 2 bytes, Stack size 0 bytes, os_cpu_c.o(.text))
<BR>[Address Reference Count : 1]<UL><LI> os_cpu_a.o(.text)
</UL>
<P><STRONG><a name="[c0]"></a>OSTCBInitHook</STRONG> (Thumb, 2 bytes, Stack size 0 bytes, os_cpu_c.o(.text))
<BR><BR>[Called By]<UL><LI><a href="#[bf]">&gt;&gt;</a>&nbsp;&nbsp;&nbsp;OS_TCBInit
</UL>

<P><STRONG><a name="[bb]"></a>OSTimeTickHook</STRONG> (Thumb, 2 bytes, Stack size 0 bytes, os_cpu_c.o(.text))
<BR><BR>[Called By]<UL><LI><a href="#[ba]">&gt;&gt;</a>&nbsp;&nbsp;&nbsp;OSTimeTick
</UL>

<P><STRONG><a name="[db]"></a>OS_StrCopy</STRONG> (Thumb, 30 bytes, Stack size 0 bytes, os_core.o(.text))
<BR><BR>[Called By]<UL><LI><a href="#[da]">&gt;&gt;</a>&nbsp;&nbsp;&nbsp;OSTaskNameGet
<LI><a href="#[b2]">&gt;&gt;</a>&nbsp;&nbsp;&nbsp;OSTaskNameSet
</UL>

<P><STRONG><a name="[a3]"></a>OSEventNameGet</STRONG> (Thumb, 102 bytes, Stack size 0 bytes, os_core.o(.text), UNUSED)
<BR><BR>[Calls]<UL><LI><a href="#[a5]">&gt;&gt;</a>&nbsp;&nbsp;&nbsp;OS_CPU_SR_Restore
<LI><a href="#[a4]">&gt;&gt;</a>&nbsp;&nbsp;&nbsp;OS_CPU_SR_Save
</UL>

<P><STRONG><a name="[dc]"></a>OS_StrLen</STRONG> (Thumb, 22 bytes, Stack size 0 bytes, os_core.o(.text))
<BR><BR>[Called By]<UL><LI><a href="#[b2]">&gt;&gt;</a>&nbsp;&nbsp;&nbsp;OSTaskNameSet
</UL>

<P><STRONG><a name="[a6]"></a>OSEventNameSet</STRONG> (Thumb, 128 bytes, Stack size 0 bytes, os_core.o(.text), UNUSED)
<BR><BR>[Calls]<UL><LI><a href="#[a5]">&gt;&gt;</a>&nbsp;&nbsp;&nbsp;OS_CPU_SR_Restore
<LI><a href="#[a4]">&gt;&gt;</a>&nbsp;&nbsp;&nbsp;OS_CPU_SR_Save
</UL>

<P><STRONG><a name="[ab]"></a>OS_EventTaskRemoveMulti</STRONG> (Thumb, 54 bytes, Stack size 0 bytes, os_core.o(.text))
<BR><BR>[Called By]<UL><LI><a href="#[bc]">&gt;&gt;</a>&nbsp;&nbsp;&nbsp;OS_EventTaskRdy
<LI><a href="#[a9]">&gt;&gt;</a>&nbsp;&nbsp;&nbsp;OSEventPendMulti
</UL>

<P><STRONG><a name="[a7]"></a>OS_Sched</STRONG> (Thumb, 82 bytes, Stack size 0 bytes, os_core.o(.text))
<BR><BR>[Calls]<UL><LI><a href="#[a8]">&gt;&gt;</a>&nbsp;&nbsp;&nbsp;OSCtxSw
<LI><a href="#[a5]">&gt;&gt;</a>&nbsp;&nbsp;&nbsp;OS_CPU_SR_Restore
<LI><a href="#[a4]">&gt;&gt;</a>&nbsp;&nbsp;&nbsp;OS_CPU_SR_Save
</UL>
<BR>[Called By]<UL><LI><a href="#[e2]">&gt;&gt;</a>&nbsp;&nbsp;&nbsp;OSTimeDlyResume
<LI><a href="#[de]">&gt;&gt;</a>&nbsp;&nbsp;&nbsp;OSTaskSuspend
<LI><a href="#[dd]">&gt;&gt;</a>&nbsp;&nbsp;&nbsp;OSTaskResume
<LI><a href="#[d8]">&gt;&gt;</a>&nbsp;&nbsp;&nbsp;OSTaskCreate
<LI><a href="#[d5]">&gt;&gt;</a>&nbsp;&nbsp;&nbsp;OSSemPost
<LI><a href="#[d4]">&gt;&gt;</a>&nbsp;&nbsp;&nbsp;OSSemPendAbort
<LI><a href="#[d3]">&gt;&gt;</a>&nbsp;&nbsp;&nbsp;OSSemPend
<LI><a href="#[d2]">&gt;&gt;</a>&nbsp;&nbsp;&nbsp;OSSemDel
<LI><a href="#[cd]">&gt;&gt;</a>&nbsp;&nbsp;&nbsp;OSQPostOpt
<LI><a href="#[cc]">&gt;&gt;</a>&nbsp;&nbsp;&nbsp;OSQPostFront
<LI><a href="#[cb]">&gt;&gt;</a>&nbsp;&nbsp;&nbsp;OSQPost
<LI><a href="#[ca]">&gt;&gt;</a>&nbsp;&nbsp;&nbsp;OSQPendAbort
<LI><a href="#[c7]">&gt;&gt;</a>&nbsp;&nbsp;&nbsp;OSQPend
<LI><a href="#[c5]">&gt;&gt;</a>&nbsp;&nbsp;&nbsp;OSQDel
<LI><a href="#[b1]">&gt;&gt;</a>&nbsp;&nbsp;&nbsp;OSTaskCreateExt
<LI><a href="#[b7]">&gt;&gt;</a>&nbsp;&nbsp;&nbsp;OSSchedUnlock
<LI><a href="#[a9]">&gt;&gt;</a>&nbsp;&nbsp;&nbsp;OSEventPendMulti
<LI><a href="#[58]">&gt;&gt;</a>&nbsp;&nbsp;&nbsp;OSTimeDly
</UL>

<P><STRONG><a name="[aa]"></a>OS_EventTaskWaitMulti</STRONG> (Thumb, 104 bytes, Stack size 0 bytes, os_core.o(.text), UNUSED)
<BR><BR>[Called By]<UL><LI><a href="#[a9]">&gt;&gt;</a>&nbsp;&nbsp;&nbsp;OSEventPendMulti
</UL>

<P><STRONG><a name="[a9]"></a>OSEventPendMulti</STRONG> (Thumb, 466 bytes, Stack size 0 bytes, os_core.o(.text), UNUSED)
<BR><BR>[Calls]<UL><LI><a href="#[aa]">&gt;&gt;</a>&nbsp;&nbsp;&nbsp;OS_EventTaskWaitMulti
<LI><a href="#[a7]">&gt;&gt;</a>&nbsp;&nbsp;&nbsp;OS_Sched
<LI><a href="#[ab]">&gt;&gt;</a>&nbsp;&nbsp;&nbsp;OS_EventTaskRemoveMulti
<LI><a href="#[a5]">&gt;&gt;</a>&nbsp;&nbsp;&nbsp;OS_CPU_SR_Restore
<LI><a href="#[a4]">&gt;&gt;</a>&nbsp;&nbsp;&nbsp;OS_CPU_SR_Save
</UL>

<P><STRONG><a name="[ac]"></a>OS_TaskIdle</STRONG> (Thumb, 22 bytes, Stack size 0 bytes, os_core.o(.text))
<BR><BR>[Calls]<UL><LI><a href="#[ad]">&gt;&gt;</a>&nbsp;&nbsp;&nbsp;OSTaskIdleHook
<LI><a href="#[a5]">&gt;&gt;</a>&nbsp;&nbsp;&nbsp;OS_CPU_SR_Restore
<LI><a href="#[a4]">&gt;&gt;</a>&nbsp;&nbsp;&nbsp;OS_CPU_SR_Save
</UL>
<BR>[Address Reference Count : 1]<UL><LI> os_core.o(.text)
</UL>
<P><STRONG><a name="[cf]"></a>OS_MemClr</STRONG> (Thumb, 38 bytes, Stack size 0 bytes, os_core.o(.text))
<BR><BR>[Called By]<UL><LI><a href="#[b0]">&gt;&gt;</a>&nbsp;&nbsp;&nbsp;OS_QInit
</UL>

<P><STRONG><a name="[ae]"></a>OSInit</STRONG> (Thumb, 262 bytes, Stack size 0 bytes, os_core.o(.text))
<BR><BR>[Calls]<UL><LI><a href="#[b0]">&gt;&gt;</a>&nbsp;&nbsp;&nbsp;OS_QInit
<LI><a href="#[b2]">&gt;&gt;</a>&nbsp;&nbsp;&nbsp;OSTaskNameSet
<LI><a href="#[b1]">&gt;&gt;</a>&nbsp;&nbsp;&nbsp;OSTaskCreateExt
<LI><a href="#[b3]">&gt;&gt;</a>&nbsp;&nbsp;&nbsp;OSInitHookEnd
<LI><a href="#[af]">&gt;&gt;</a>&nbsp;&nbsp;&nbsp;OSInitHookBegin
</UL>
<BR>[Called By]<UL><LI><a href="#[35]">&gt;&gt;</a>&nbsp;&nbsp;&nbsp;main
</UL>

<P><STRONG><a name="[10d]"></a>OSIntEnter</STRONG> (Thumb, 22 bytes, Stack size 0 bytes, os_core.o(.text))
<BR><BR>[Called By]<UL><LI><a href="#[9]">&gt;&gt;</a>&nbsp;&nbsp;&nbsp;SysTick_Handler
</UL>

<P><STRONG><a name="[b4]"></a>OSIntExit</STRONG> (Thumb, 96 bytes, Stack size 0 bytes, os_core.o(.text))
<BR><BR>[Calls]<UL><LI><a href="#[b5]">&gt;&gt;</a>&nbsp;&nbsp;&nbsp;OSIntCtxSw
<LI><a href="#[a5]">&gt;&gt;</a>&nbsp;&nbsp;&nbsp;OS_CPU_SR_Restore
<LI><a href="#[a4]">&gt;&gt;</a>&nbsp;&nbsp;&nbsp;OS_CPU_SR_Save
</UL>
<BR>[Called By]<UL><LI><a href="#[9]">&gt;&gt;</a>&nbsp;&nbsp;&nbsp;SysTick_Handler
</UL>

<P><STRONG><a name="[b6]"></a>OSSchedLock</STRONG> (Thumb, 38 bytes, Stack size 0 bytes, os_core.o(.text), UNUSED)
<BR><BR>[Calls]<UL><LI><a href="#[a5]">&gt;&gt;</a>&nbsp;&nbsp;&nbsp;OS_CPU_SR_Restore
<LI><a href="#[a4]">&gt;&gt;</a>&nbsp;&nbsp;&nbsp;OS_CPU_SR_Save
</UL>

<P><STRONG><a name="[b7]"></a>OSSchedUnlock</STRONG> (Thumb, 54 bytes, Stack size 0 bytes, os_core.o(.text), UNUSED)
<BR><BR>[Calls]<UL><LI><a href="#[a7]">&gt;&gt;</a>&nbsp;&nbsp;&nbsp;OS_Sched
<LI><a href="#[a5]">&gt;&gt;</a>&nbsp;&nbsp;&nbsp;OS_CPU_SR_Restore
<LI><a href="#[a4]">&gt;&gt;</a>&nbsp;&nbsp;&nbsp;OS_CPU_SR_Save
</UL>

<P><STRONG><a name="[b8]"></a>OSStart</STRONG> (Thumb, 46 bytes, Stack size 0 bytes, os_core.o(.text))
<BR><BR>[Calls]<UL><LI><a href="#[b9]">&gt;&gt;</a>&nbsp;&nbsp;&nbsp;OSStartHighRdy
</UL>
<BR>[Called By]<UL><LI><a href="#[35]">&gt;&gt;</a>&nbsp;&nbsp;&nbsp;main
</UL>

<P><STRONG><a name="[ba]"></a>OSTimeTick</STRONG> (Thumb, 176 bytes, Stack size 0 bytes, os_core.o(.text))
<BR><BR>[Calls]<UL><LI><a href="#[bb]">&gt;&gt;</a>&nbsp;&nbsp;&nbsp;OSTimeTickHook
<LI><a href="#[a5]">&gt;&gt;</a>&nbsp;&nbsp;&nbsp;OS_CPU_SR_Restore
<LI><a href="#[a4]">&gt;&gt;</a>&nbsp;&nbsp;&nbsp;OS_CPU_SR_Save
</UL>
<BR>[Called By]<UL><LI><a href="#[9]">&gt;&gt;</a>&nbsp;&nbsp;&nbsp;SysTick_Handler
</UL>

<P><STRONG><a name="[c9]"></a>OS_EventTaskRemove</STRONG> (Thumb, 36 bytes, Stack size 0 bytes, os_core.o(.text))
<BR><BR>[Called By]<UL><LI><a href="#[d3]">&gt;&gt;</a>&nbsp;&nbsp;&nbsp;OSSemPend
<LI><a href="#[c7]">&gt;&gt;</a>&nbsp;&nbsp;&nbsp;OSQPend
</UL>

<P><STRONG><a name="[bc]"></a>OS_EventTaskRdy</STRONG> (Thumb, 138 bytes, Stack size 0 bytes, os_core.o(.text))
<BR><BR>[Calls]<UL><LI><a href="#[ab]">&gt;&gt;</a>&nbsp;&nbsp;&nbsp;OS_EventTaskRemoveMulti
</UL>
<BR>[Called By]<UL><LI><a href="#[d5]">&gt;&gt;</a>&nbsp;&nbsp;&nbsp;OSSemPost
<LI><a href="#[d4]">&gt;&gt;</a>&nbsp;&nbsp;&nbsp;OSSemPendAbort
<LI><a href="#[d2]">&gt;&gt;</a>&nbsp;&nbsp;&nbsp;OSSemDel
<LI><a href="#[cd]">&gt;&gt;</a>&nbsp;&nbsp;&nbsp;OSQPostOpt
<LI><a href="#[cc]">&gt;&gt;</a>&nbsp;&nbsp;&nbsp;OSQPostFront
<LI><a href="#[cb]">&gt;&gt;</a>&nbsp;&nbsp;&nbsp;OSQPost
<LI><a href="#[ca]">&gt;&gt;</a>&nbsp;&nbsp;&nbsp;OSQPendAbort
<LI><a href="#[c5]">&gt;&gt;</a>&nbsp;&nbsp;&nbsp;OSQDel
</UL>

<P><STRONG><a name="[c8]"></a>OS_EventTaskWait</STRONG> (Thumb, 88 bytes, Stack size 0 bytes, os_core.o(.text))
<BR><BR>[Called By]<UL><LI><a href="#[d3]">&gt;&gt;</a>&nbsp;&nbsp;&nbsp;OSSemPend
<LI><a href="#[c7]">&gt;&gt;</a>&nbsp;&nbsp;&nbsp;OSQPend
</UL>

<P><STRONG><a name="[c4]"></a>OS_EventWaitListInit</STRONG> (Thumb, 24 bytes, Stack size 0 bytes, os_core.o(.text))
<BR><BR>[Called By]<UL><LI><a href="#[d1]">&gt;&gt;</a>&nbsp;&nbsp;&nbsp;OSSemCreate
<LI><a href="#[c3]">&gt;&gt;</a>&nbsp;&nbsp;&nbsp;OSQCreate
</UL>

<P><STRONG><a name="[e0]"></a>OS_MemCopy</STRONG> (Thumb, 70 bytes, Stack size 0 bytes, os_core.o(.text), UNUSED)
<BR><BR>[Called By]<UL><LI><a href="#[df]">&gt;&gt;</a>&nbsp;&nbsp;&nbsp;OSTaskQuery
</UL>

<P><STRONG><a name="[bd]"></a>OS_TaskStatStkChk</STRONG> (Thumb, 58 bytes, Stack size 0 bytes, os_core.o(.text), UNUSED)
<BR><BR>[Calls]<UL><LI><a href="#[be]">&gt;&gt;</a>&nbsp;&nbsp;&nbsp;OSTaskStkChk
</UL>

<P><STRONG><a name="[bf]"></a>OS_TCBInit</STRONG> (Thumb, 248 bytes, Stack size 0 bytes, os_core.o(.text))
<BR><BR>[Calls]<UL><LI><a href="#[c0]">&gt;&gt;</a>&nbsp;&nbsp;&nbsp;OSTCBInitHook
<LI><a href="#[c1]">&gt;&gt;</a>&nbsp;&nbsp;&nbsp;OSTaskCreateHook
<LI><a href="#[a5]">&gt;&gt;</a>&nbsp;&nbsp;&nbsp;OS_CPU_SR_Restore
<LI><a href="#[a4]">&gt;&gt;</a>&nbsp;&nbsp;&nbsp;OS_CPU_SR_Save
</UL>
<BR>[Called By]<UL><LI><a href="#[d8]">&gt;&gt;</a>&nbsp;&nbsp;&nbsp;OSTaskCreate
<LI><a href="#[b1]">&gt;&gt;</a>&nbsp;&nbsp;&nbsp;OSTaskCreateExt
</UL>

<P><STRONG><a name="[c2]"></a>OSQAccept</STRONG> (Thumb, 78 bytes, Stack size 0 bytes, os_q.o(.text), UNUSED)
<BR><BR>[Calls]<UL><LI><a href="#[a5]">&gt;&gt;</a>&nbsp;&nbsp;&nbsp;OS_CPU_SR_Restore
<LI><a href="#[a4]">&gt;&gt;</a>&nbsp;&nbsp;&nbsp;OS_CPU_SR_Save
</UL>

<P><STRONG><a name="[c3]"></a>OSQCreate</STRONG> (Thumb, 134 bytes, Stack size 0 bytes, os_q.o(.text), UNUSED)
<BR><BR>[Calls]<UL><LI><a href="#[c4]">&gt;&gt;</a>&nbsp;&nbsp;&nbsp;OS_EventWaitListInit
<LI><a href="#[a5]">&gt;&gt;</a>&nbsp;&nbsp;&nbsp;OS_CPU_SR_Restore
<LI><a href="#[a4]">&gt;&gt;</a>&nbsp;&nbsp;&nbsp;OS_CPU_SR_Save
</UL>

<P><STRONG><a name="[c5]"></a>OSQDel</STRONG> (Thumb, 224 bytes, Stack size 0 bytes, os_q.o(.text), UNUSED)
<BR><BR>[Calls]<UL><LI><a href="#[bc]">&gt;&gt;</a>&nbsp;&nbsp;&nbsp;OS_EventTaskRdy
<LI><a href="#[a7]">&gt;&gt;</a>&nbsp;&nbsp;&nbsp;OS_Sched
<LI><a href="#[a5]">&gt;&gt;</a>&nbsp;&nbsp;&nbsp;OS_CPU_SR_Restore
<LI><a href="#[a4]">&gt;&gt;</a>&nbsp;&nbsp;&nbsp;OS_CPU_SR_Save
</UL>

<P><STRONG><a name="[c6]"></a>OSQFlush</STRONG> (Thumb, 32 bytes, Stack size 0 bytes, os_q.o(.text), UNUSED)
<BR><BR>[Calls]<UL><LI><a href="#[a5]">&gt;&gt;</a>&nbsp;&nbsp;&nbsp;OS_CPU_SR_Restore
<LI><a href="#[a4]">&gt;&gt;</a>&nbsp;&nbsp;&nbsp;OS_CPU_SR_Save
</UL>

<P><STRONG><a name="[c7]"></a>OSQPend</STRONG> (Thumb, 218 bytes, Stack size 0 bytes, os_q.o(.text), UNUSED)
<BR><BR>[Calls]<UL><LI><a href="#[c8]">&gt;&gt;</a>&nbsp;&nbsp;&nbsp;OS_EventTaskWait
<LI><a href="#[c9]">&gt;&gt;</a>&nbsp;&nbsp;&nbsp;OS_EventTaskRemove
<LI><a href="#[a7]">&gt;&gt;</a>&nbsp;&nbsp;&nbsp;OS_Sched
<LI><a href="#[a5]">&gt;&gt;</a>&nbsp;&nbsp;&nbsp;OS_CPU_SR_Restore
<LI><a href="#[a4]">&gt;&gt;</a>&nbsp;&nbsp;&nbsp;OS_CPU_SR_Save
</UL>

<P><STRONG><a name="[ca]"></a>OSQPendAbort</STRONG> (Thumb, 114 bytes, Stack size 0 bytes, os_q.o(.text), UNUSED)
<BR><BR>[Calls]<UL><LI><a href="#[bc]">&gt;&gt;</a>&nbsp;&nbsp;&nbsp;OS_EventTaskRdy
<LI><a href="#[a7]">&gt;&gt;</a>&nbsp;&nbsp;&nbsp;OS_Sched
<LI><a href="#[a5]">&gt;&gt;</a>&nbsp;&nbsp;&nbsp;OS_CPU_SR_Restore
<LI><a href="#[a4]">&gt;&gt;</a>&nbsp;&nbsp;&nbsp;OS_CPU_SR_Save
</UL>

<P><STRONG><a name="[cb]"></a>OSQPost</STRONG> (Thumb, 106 bytes, Stack size 0 bytes, os_q.o(.text), UNUSED)
<BR><BR>[Calls]<UL><LI><a href="#[bc]">&gt;&gt;</a>&nbsp;&nbsp;&nbsp;OS_EventTaskRdy
<LI><a href="#[a7]">&gt;&gt;</a>&nbsp;&nbsp;&nbsp;OS_Sched
<LI><a href="#[a5]">&gt;&gt;</a>&nbsp;&nbsp;&nbsp;OS_CPU_SR_Restore
<LI><a href="#[a4]">&gt;&gt;</a>&nbsp;&nbsp;&nbsp;OS_CPU_SR_Save
</UL>

<P><STRONG><a name="[cc]"></a>OSQPostFront</STRONG> (Thumb, 106 bytes, Stack size 0 bytes, os_q.o(.text), UNUSED)
<BR><BR>[Calls]<UL><LI><a href="#[bc]">&gt;&gt;</a>&nbsp;&nbsp;&nbsp;OS_EventTaskRdy
<LI><a href="#[a7]">&gt;&gt;</a>&nbsp;&nbsp;&nbsp;OS_Sched
<LI><a href="#[a5]">&gt;&gt;</a>&nbsp;&nbsp;&nbsp;OS_CPU_SR_Restore
<LI><a href="#[a4]">&gt;&gt;</a>&nbsp;&nbsp;&nbsp;OS_CPU_SR_Save
</UL>

<P><STRONG><a name="[cd]"></a>OSQPostOpt</STRONG> (Thumb, 198 bytes, Stack size 0 bytes, os_q.o(.text), UNUSED)
<BR><BR>[Calls]<UL><LI><a href="#[bc]">&gt;&gt;</a>&nbsp;&nbsp;&nbsp;OS_EventTaskRdy
<LI><a href="#[a7]">&gt;&gt;</a>&nbsp;&nbsp;&nbsp;OS_Sched
<LI><a href="#[a5]">&gt;&gt;</a>&nbsp;&nbsp;&nbsp;OS_CPU_SR_Restore
<LI><a href="#[a4]">&gt;&gt;</a>&nbsp;&nbsp;&nbsp;OS_CPU_SR_Save
</UL>

<P><STRONG><a name="[ce]"></a>OSQQuery</STRONG> (Thumb, 92 bytes, Stack size 0 bytes, os_q.o(.text), UNUSED)
<BR><BR>[Calls]<UL><LI><a href="#[a5]">&gt;&gt;</a>&nbsp;&nbsp;&nbsp;OS_CPU_SR_Restore
<LI><a href="#[a4]">&gt;&gt;</a>&nbsp;&nbsp;&nbsp;OS_CPU_SR_Save
</UL>

<P><STRONG><a name="[b0]"></a>OS_QInit</STRONG> (Thumb, 44 bytes, Stack size 0 bytes, os_q.o(.text))
<BR><BR>[Calls]<UL><LI><a href="#[cf]">&gt;&gt;</a>&nbsp;&nbsp;&nbsp;OS_MemClr
</UL>
<BR>[Called By]<UL><LI><a href="#[ae]">&gt;&gt;</a>&nbsp;&nbsp;&nbsp;OSInit
</UL>

<P><STRONG><a name="[d0]"></a>OSSemAccept</STRONG> (Thumb, 34 bytes, Stack size 0 bytes, os_sem.o(.text), UNUSED)
<BR><BR>[Calls]<UL><LI><a href="#[a5]">&gt;&gt;</a>&nbsp;&nbsp;&nbsp;OS_CPU_SR_Restore
<LI><a href="#[a4]">&gt;&gt;</a>&nbsp;&nbsp;&nbsp;OS_CPU_SR_Save
</UL>

<P><STRONG><a name="[d1]"></a>OSSemCreate</STRONG> (Thumb, 66 bytes, Stack size 0 bytes, os_sem.o(.text))
<BR><BR>[Calls]<UL><LI><a href="#[c4]">&gt;&gt;</a>&nbsp;&nbsp;&nbsp;OS_EventWaitListInit
<LI><a href="#[a5]">&gt;&gt;</a>&nbsp;&nbsp;&nbsp;OS_CPU_SR_Restore
<LI><a href="#[a4]">&gt;&gt;</a>&nbsp;&nbsp;&nbsp;OS_CPU_SR_Save
</UL>
<BR>[Called By]<UL><LI><a href="#[39]">&gt;&gt;</a>&nbsp;&nbsp;&nbsp;start_task
</UL>

<P><STRONG><a name="[d2]"></a>OSSemDel</STRONG> (Thumb, 198 bytes, Stack size 0 bytes, os_sem.o(.text), UNUSED)
<BR><BR>[Calls]<UL><LI><a href="#[bc]">&gt;&gt;</a>&nbsp;&nbsp;&nbsp;OS_EventTaskRdy
<LI><a href="#[a7]">&gt;&gt;</a>&nbsp;&nbsp;&nbsp;OS_Sched
<LI><a href="#[a5]">&gt;&gt;</a>&nbsp;&nbsp;&nbsp;OS_CPU_SR_Restore
<LI><a href="#[a4]">&gt;&gt;</a>&nbsp;&nbsp;&nbsp;OS_CPU_SR_Save
</UL>

<P><STRONG><a name="[d3]"></a>OSSemPend</STRONG> (Thumb, 184 bytes, Stack size 0 bytes, os_sem.o(.text))
<BR><BR>[Calls]<UL><LI><a href="#[c8]">&gt;&gt;</a>&nbsp;&nbsp;&nbsp;OS_EventTaskWait
<LI><a href="#[c9]">&gt;&gt;</a>&nbsp;&nbsp;&nbsp;OS_EventTaskRemove
<LI><a href="#[a7]">&gt;&gt;</a>&nbsp;&nbsp;&nbsp;OS_Sched
<LI><a href="#[a5]">&gt;&gt;</a>&nbsp;&nbsp;&nbsp;OS_CPU_SR_Restore
<LI><a href="#[a4]">&gt;&gt;</a>&nbsp;&nbsp;&nbsp;OS_CPU_SR_Save
</UL>
<BR>[Called By]<UL><LI><a href="#[ee]">&gt;&gt;</a>&nbsp;&nbsp;&nbsp;eth_task
<LI><a href="#[e8]">&gt;&gt;</a>&nbsp;&nbsp;&nbsp;sig_process_task
</UL>

<P><STRONG><a name="[d4]"></a>OSSemPendAbort</STRONG> (Thumb, 114 bytes, Stack size 0 bytes, os_sem.o(.text), UNUSED)
<BR><BR>[Calls]<UL><LI><a href="#[bc]">&gt;&gt;</a>&nbsp;&nbsp;&nbsp;OS_EventTaskRdy
<LI><a href="#[a7]">&gt;&gt;</a>&nbsp;&nbsp;&nbsp;OS_Sched
<LI><a href="#[a5]">&gt;&gt;</a>&nbsp;&nbsp;&nbsp;OS_CPU_SR_Restore
<LI><a href="#[a4]">&gt;&gt;</a>&nbsp;&nbsp;&nbsp;OS_CPU_SR_Save
</UL>

<P><STRONG><a name="[d5]"></a>OSSemPost</STRONG> (Thumb, 82 bytes, Stack size 0 bytes, os_sem.o(.text))
<BR><BR>[Calls]<UL><LI><a href="#[bc]">&gt;&gt;</a>&nbsp;&nbsp;&nbsp;OS_EventTaskRdy
<LI><a href="#[a7]">&gt;&gt;</a>&nbsp;&nbsp;&nbsp;OS_Sched
<LI><a href="#[a5]">&gt;&gt;</a>&nbsp;&nbsp;&nbsp;OS_CPU_SR_Restore
<LI><a href="#[a4]">&gt;&gt;</a>&nbsp;&nbsp;&nbsp;OS_CPU_SR_Save
</UL>
<BR>[Called By]<UL><LI><a href="#[ee]">&gt;&gt;</a>&nbsp;&nbsp;&nbsp;eth_task
<LI><a href="#[e8]">&gt;&gt;</a>&nbsp;&nbsp;&nbsp;sig_process_task
</UL>

<P><STRONG><a name="[d6]"></a>OSSemQuery</STRONG> (Thumb, 60 bytes, Stack size 0 bytes, os_sem.o(.text), UNUSED)
<BR><BR>[Calls]<UL><LI><a href="#[a5]">&gt;&gt;</a>&nbsp;&nbsp;&nbsp;OS_CPU_SR_Restore
<LI><a href="#[a4]">&gt;&gt;</a>&nbsp;&nbsp;&nbsp;OS_CPU_SR_Save
</UL>

<P><STRONG><a name="[d7]"></a>OSSemSet</STRONG> (Thumb, 58 bytes, Stack size 0 bytes, os_sem.o(.text), UNUSED)
<BR><BR>[Calls]<UL><LI><a href="#[a5]">&gt;&gt;</a>&nbsp;&nbsp;&nbsp;OS_CPU_SR_Restore
<LI><a href="#[a4]">&gt;&gt;</a>&nbsp;&nbsp;&nbsp;OS_CPU_SR_Save
</UL>

<P><STRONG><a name="[d8]"></a>OSTaskCreate</STRONG> (Thumb, 136 bytes, Stack size 0 bytes, os_task.o(.text))
<BR><BR>[Calls]<UL><LI><a href="#[bf]">&gt;&gt;</a>&nbsp;&nbsp;&nbsp;OS_TCBInit
<LI><a href="#[a7]">&gt;&gt;</a>&nbsp;&nbsp;&nbsp;OS_Sched
<LI><a href="#[d9]">&gt;&gt;</a>&nbsp;&nbsp;&nbsp;OSTaskStkInit
<LI><a href="#[a5]">&gt;&gt;</a>&nbsp;&nbsp;&nbsp;OS_CPU_SR_Restore
<LI><a href="#[a4]">&gt;&gt;</a>&nbsp;&nbsp;&nbsp;OS_CPU_SR_Save
</UL>
<BR>[Called By]<UL><LI><a href="#[35]">&gt;&gt;</a>&nbsp;&nbsp;&nbsp;main
<LI><a href="#[39]">&gt;&gt;</a>&nbsp;&nbsp;&nbsp;start_task
</UL>

<P><STRONG><a name="[b1]"></a>OSTaskCreateExt</STRONG> (Thumb, 172 bytes, Stack size 0 bytes, os_task.o(.text))
<BR><BR>[Calls]<UL><LI><a href="#[bf]">&gt;&gt;</a>&nbsp;&nbsp;&nbsp;OS_TCBInit
<LI><a href="#[a7]">&gt;&gt;</a>&nbsp;&nbsp;&nbsp;OS_Sched
<LI><a href="#[d9]">&gt;&gt;</a>&nbsp;&nbsp;&nbsp;OSTaskStkInit
<LI><a href="#[a5]">&gt;&gt;</a>&nbsp;&nbsp;&nbsp;OS_CPU_SR_Restore
<LI><a href="#[a4]">&gt;&gt;</a>&nbsp;&nbsp;&nbsp;OS_CPU_SR_Save
</UL>
<BR>[Called By]<UL><LI><a href="#[ae]">&gt;&gt;</a>&nbsp;&nbsp;&nbsp;OSInit
</UL>

<P><STRONG><a name="[da]"></a>OSTaskNameGet</STRONG> (Thumb, 100 bytes, Stack size 0 bytes, os_task.o(.text), UNUSED)
<BR><BR>[Calls]<UL><LI><a href="#[db]">&gt;&gt;</a>&nbsp;&nbsp;&nbsp;OS_StrCopy
<LI><a href="#[a5]">&gt;&gt;</a>&nbsp;&nbsp;&nbsp;OS_CPU_SR_Restore
<LI><a href="#[a4]">&gt;&gt;</a>&nbsp;&nbsp;&nbsp;OS_CPU_SR_Save
</UL>

<P><STRONG><a name="[b2]"></a>OSTaskNameSet</STRONG> (Thumb, 116 bytes, Stack size 0 bytes, os_task.o(.text))
<BR><BR>[Calls]<UL><LI><a href="#[dc]">&gt;&gt;</a>&nbsp;&nbsp;&nbsp;OS_StrLen
<LI><a href="#[db]">&gt;&gt;</a>&nbsp;&nbsp;&nbsp;OS_StrCopy
<LI><a href="#[a5]">&gt;&gt;</a>&nbsp;&nbsp;&nbsp;OS_CPU_SR_Restore
<LI><a href="#[a4]">&gt;&gt;</a>&nbsp;&nbsp;&nbsp;OS_CPU_SR_Save
</UL>
<BR>[Called By]<UL><LI><a href="#[ae]">&gt;&gt;</a>&nbsp;&nbsp;&nbsp;OSInit
</UL>

<P><STRONG><a name="[dd]"></a>OSTaskResume</STRONG> (Thumb, 144 bytes, Stack size 0 bytes, os_task.o(.text), UNUSED)
<BR><BR>[Calls]<UL><LI><a href="#[a7]">&gt;&gt;</a>&nbsp;&nbsp;&nbsp;OS_Sched
<LI><a href="#[a5]">&gt;&gt;</a>&nbsp;&nbsp;&nbsp;OS_CPU_SR_Restore
<LI><a href="#[a4]">&gt;&gt;</a>&nbsp;&nbsp;&nbsp;OS_CPU_SR_Save
</UL>

<P><STRONG><a name="[be]"></a>OSTaskStkChk</STRONG> (Thumb, 126 bytes, Stack size 0 bytes, os_task.o(.text), UNUSED)
[...]
</UL>
<P><STRONG><a name="[f5]"></a>uip_add32</STRONG> (Thumb, 108 bytes, Stack size 0 bytes, uip.o(.text))
<BR><BR>[Called By]<UL><LI><a href="#[f6]">&gt;&gt;</a>&nbsp;&nbsp;&nbsp;uip_process
<LI><a href="#[f4]">&gt;&gt;</a>&nbsp;&nbsp;&nbsp;uip_add_rcv_nxt
</UL>

<P><STRONG><a name="[107]"></a>htons</STRONG> (Thumb, 10 bytes, Stack size 0 bytes, uip.o(.text))
<BR><BR>[Called By]<UL><LI><a href="#[ef]">&gt;&gt;</a>&nbsp;&nbsp;&nbsp;uip_polling
</UL>

<P><STRONG><a name="[f0]"></a>uip_chksum</STRONG> (Thumb, 22 bytes, Stack size 0 bytes, uip.o(.text), UNUSED)
<BR><BR>[Calls]<UL><LI><a href="#[f1]">&gt;&gt;</a>&nbsp;&nbsp;&nbsp;chksum
</UL>

<P><STRONG><a name="[f2]"></a>uip_ipchksum</STRONG> (Thumb, 32 bytes, Stack size 0 bytes, uip.o(.text), UNUSED)
<BR><BR>[Calls]<UL><LI><a href="#[f1]">&gt;&gt;</a>&nbsp;&nbsp;&nbsp;chksum
</UL>

<P><STRONG><a name="[f3]"></a>uip_tcpchksum</STRONG> (Thumb, 64 bytes, Stack size 0 bytes, uip.o(.text))
<BR><BR>[Calls]<UL><LI><a href="#[f1]">&gt;&gt;</a>&nbsp;&nbsp;&nbsp;chksum
</UL>
<BR>[Called By]<UL><LI><a href="#[f6]">&gt;&gt;</a>&nbsp;&nbsp;&nbsp;uip_process
</UL>

<P><STRONG><a name="[105]"></a>uip_init</STRONG> (Thumb, 60 bytes, Stack size 0 bytes, uip.o(.text))
<BR><BR>[Called By]<UL><LI><a href="#[102]">&gt;&gt;</a>&nbsp;&nbsp;&nbsp;tcp_server_init
</UL>

<P><STRONG><a name="[106]"></a>uip_listen</STRONG> (Thumb, 40 bytes, Stack size 0 bytes, uip.o(.text))
<BR><BR>[Called By]<UL><LI><a href="#[102]">&gt;&gt;</a>&nbsp;&nbsp;&nbsp;tcp_server_init
</UL>

<P><STRONG><a name="[f6]"></a>uip_process</STRONG> (Thumb, 2314 bytes, Stack size 0 bytes, uip.o(.text))
<BR><BR>[Calls]<UL><LI><a href="#[f7]">&gt;&gt;</a>&nbsp;&nbsp;&nbsp;tcp_sever_call
<LI><a href="#[f3]">&gt;&gt;</a>&nbsp;&nbsp;&nbsp;uip_tcpchksum
<LI><a href="#[f5]">&gt;&gt;</a>&nbsp;&nbsp;&nbsp;uip_add32
<LI><a href="#[f1]">&gt;&gt;</a>&nbsp;&nbsp;&nbsp;chksum
<LI><a href="#[f4]">&gt;&gt;</a>&nbsp;&nbsp;&nbsp;uip_add_rcv_nxt
</UL>
<BR>[Called By]<UL><LI><a href="#[ef]">&gt;&gt;</a>&nbsp;&nbsp;&nbsp;uip_polling
</UL>

<P><STRONG><a name="[f8]"></a>uip_send</STRONG> (Thumb, 28 bytes, Stack size 0 bytes, uip.o(.text))
<BR><BR>[Calls]<UL><LI><a href="#[f9]">&gt;&gt;</a>&nbsp;&nbsp;&nbsp;__aeabi_memcpy
</UL>
<BR>[Called By]<UL><LI><a href="#[f7]">&gt;&gt;</a>&nbsp;&nbsp;&nbsp;tcp_sever_call
</UL>

<P><STRONG><a name="[10a]"></a>uip_arp_timer</STRONG> (Thumb, 66 bytes, Stack size 0 bytes, uip_arp.o(.text))
<BR><BR>[Called By]<UL><LI><a href="#[ef]">&gt;&gt;</a>&nbsp;&nbsp;&nbsp;uip_polling
</UL>

<P><STRONG><a name="[fa]"></a>uip_arp_arpin</STRONG> (Thumb, 152 bytes, Stack size 0 bytes, uip_arp.o(.text))
<BR><BR>[Calls]<UL><LI><a href="#[fb]">&gt;&gt;</a>&nbsp;&nbsp;&nbsp;uip_arp_update
</UL>
<BR>[Called By]<UL><LI><a href="#[ef]">&gt;&gt;</a>&nbsp;&nbsp;&nbsp;uip_polling
</UL>

<P><STRONG><a name="[fc]"></a>uip_arp_out</STRONG> (Thumb, 304 bytes, Stack size 0 bytes, uip_arp.o(.text))
<BR><BR>[Calls]<UL><LI><a href="#[fd]">&gt;&gt;</a>&nbsp;&nbsp;&nbsp;__ARM_common_memset4_6
<LI><a href="#[fe]">&gt;&gt;</a>&nbsp;&nbsp;&nbsp;__ARM_common_memclr4_6
</UL>
<BR>[Called By]<UL><LI><a href="#[ef]">&gt;&gt;</a>&nbsp;&nbsp;&nbsp;uip_polling
</UL>

<P><STRONG><a name="[ff]"></a>tapdev_init</STRONG> (Thumb, 54 bytes, Stack size 0 bytes, tapdev.o(.text))
<BR><BR>[Calls]<UL><LI><a href="#[6f]">&gt;&gt;</a>&nbsp;&nbsp;&nbsp;enc28j60_init
</UL>
<BR>[Called By]<UL><LI><a href="#[102]">&gt;&gt;</a>&nbsp;&nbsp;&nbsp;tcp_server_init
</UL>

<P><STRONG><a name="[100]"></a>tapdev_read</STRONG> (Thumb, 10 bytes, Stack size 0 bytes, tapdev.o(.text))
<BR><BR>[Calls]<UL><LI><a href="#[71]">&gt;&gt;</a>&nbsp;&nbsp;&nbsp;enc28j60_packet_receive
</UL>
<BR>[Called By]<UL><LI><a href="#[ef]">&gt;&gt;</a>&nbsp;&nbsp;&nbsp;uip_polling
</UL>

<P><STRONG><a name="[101]"></a>tapdev_send</STRONG> (Thumb, 10 bytes, Stack size 0 bytes, tapdev.o(.text))
<BR><BR>[Calls]<UL><LI><a href="#[70]">&gt;&gt;</a>&nbsp;&nbsp;&nbsp;enc28j60_packet_send
</UL>
<BR>[Called By]<UL><LI><a href="#[ef]">&gt;&gt;</a>&nbsp;&nbsp;&nbsp;uip_polling
</UL>

<P><STRONG><a name="[104]"></a>timer_config</STRONG> (Thumb, 8 bytes, Stack size 0 bytes, timer.o(.text))
<BR><BR>[Called By]<UL><LI><a href="#[102]">&gt;&gt;</a>&nbsp;&nbsp;&nbsp;tcp_server_init
</UL>

<P><STRONG><a name="[103]"></a>timer_set</STRONG> (Thumb, 10 bytes, Stack size 0 bytes, timer.o(.text))
<BR><BR>[Called By]<UL><LI><a href="#[102]">&gt;&gt;</a>&nbsp;&nbsp;&nbsp;tcp_server_init
</UL>

<P><STRONG><a name="[109]"></a>timer_reset</STRONG> (Thumb, 10 bytes, Stack size 0 bytes, timer.o(.text))
<BR><BR>[Called By]<UL><LI><a href="#[ef]">&gt;&gt;</a>&nbsp;&nbsp;&nbsp;uip_polling
</UL>

<P><STRONG><a name="[108]"></a>timer_expired</STRONG> (Thumb, 20 bytes, Stack size 0 bytes, timer.o(.text))
<BR><BR>[Called By]<UL><LI><a href="#[ef]">&gt;&gt;</a>&nbsp;&nbsp;&nbsp;uip_polling
</UL>

<P><STRONG><a name="[102]"></a>tcp_server_init</STRONG> (Thumb, 86 bytes, Stack size 0 bytes, uip_user_call.o(.text))
<BR><BR>[Calls]<UL><LI><a href="#[103]">&gt;&gt;</a>&nbsp;&nbsp;&nbsp;timer_set
<LI><a href="#[104]">&gt;&gt;</a>&nbsp;&nbsp;&nbsp;timer_config
<LI><a href="#[ff]">&gt;&gt;</a>&nbsp;&nbsp;&nbsp;tapdev_init
<LI><a href="#[106]">&gt;&gt;</a>&nbsp;&nbsp;&nbsp;uip_listen
<LI><a href="#[105]">&gt;&gt;</a>&nbsp;&nbsp;&nbsp;uip_init
<LI><a href="#[72]">&gt;&gt;</a>&nbsp;&nbsp;&nbsp;spi1_config
</UL>
<BR>[Called By]<UL><LI><a href="#[35]">&gt;&gt;</a>&nbsp;&nbsp;&nbsp;main
</UL>

<P><STRONG><a name="[ef]"></a>uip_polling</STRONG> (Thumb, 198 bytes, Stack size 0 bytes, uip_user_call.o(.text))
<BR><BR>[Calls]<UL><LI><a href="#[108]">&gt;&gt;</a>&nbsp;&nbsp;&nbsp;timer_expired
<LI><a href="#[109]">&gt;&gt;</a>&nbsp;&nbsp;&nbsp;timer_reset
<LI><a href="#[101]">&gt;&gt;</a>&nbsp;&nbsp;&nbsp;tapdev_send
<LI><a href="#[100]">&gt;&gt;</a>&nbsp;&nbsp;&nbsp;tapdev_read
<LI><a href="#[fc]">&gt;&gt;</a>&nbsp;&nbsp;&nbsp;uip_arp_out
<LI><a href="#[fa]">&gt;&gt;</a>&nbsp;&nbsp;&nbsp;uip_arp_arpin
<LI><a href="#[10a]">&gt;&gt;</a>&nbsp;&nbsp;&nbsp;uip_arp_timer
<LI><a href="#[f6]">&gt;&gt;</a>&nbsp;&nbsp;&nbsp;uip_process
<LI><a href="#[107]">&gt;&gt;</a>&nbsp;&nbsp;&nbsp;htons
</UL>
<BR>[Called By]<UL><LI><a href="#[ee]">&gt;&gt;</a>&nbsp;&nbsp;&nbsp;eth_task
</UL>

<P><STRONG><a name="[f7]"></a>tcp_sever_call</STRONG> (Thumb, 214 bytes, Stack size 0 bytes, uip_user_call.o(.text))
<BR><BR>[Calls]<UL><LI><a href="#[e6]">&gt;&gt;</a>&nbsp;&nbsp;&nbsp;strcpy
<LI><a href="#[10b]">&gt;&gt;</a>&nbsp;&nbsp;&nbsp;strlen
<LI><a href="#[f8]">&gt;&gt;</a>&nbsp;&nbsp;&nbsp;uip_send
</UL>
<BR>[Called By]<UL><LI><a href="#[f6]">&gt;&gt;</a>&nbsp;&nbsp;&nbsp;uip_process
</UL>

<P><STRONG><a name="[35]"></a>main</STRONG> (Thumb, 118 bytes, Stack size 0 bytes, main.o(.text))
<BR><BR>[Calls]<UL><LI><a href="#[10c]">&gt;&gt;</a>&nbsp;&nbsp;&nbsp;NVIC_Config
<LI><a href="#[102]">&gt;&gt;</a>&nbsp;&nbsp;&nbsp;tcp_server_init
<LI><a href="#[d8]">&gt;&gt;</a>&nbsp;&nbsp;&nbsp;OSTaskCreate
<LI><a href="#[b8]">&gt;&gt;</a>&nbsp;&nbsp;&nbsp;OSStart
<LI><a href="#[ae]">&gt;&gt;</a>&nbsp;&nbsp;&nbsp;OSInit
<LI><a href="#[91]">&gt;&gt;</a>&nbsp;&nbsp;&nbsp;internal_temp_config
<LI><a href="#[8e]">&gt;&gt;</a>&nbsp;&nbsp;&nbsp;logic_config
<LI><a href="#[8d]">&gt;&gt;</a>&nbsp;&nbsp;&nbsp;sw_config
<LI><a href="#[87]">&gt;&gt;</a>&nbsp;&nbsp;&nbsp;sync_pwm
<LI><a href="#[79]">&gt;&gt;</a>&nbsp;&nbsp;&nbsp;pwm_config
<LI><a href="#[5f]">&gt;&gt;</a>&nbsp;&nbsp;&nbsp;print_str
<LI><a href="#[59]">&gt;&gt;</a>&nbsp;&nbsp;&nbsp;usart1_config
<LI><a href="#[4e]">&gt;&gt;</a>&nbsp;&nbsp;&nbsp;led_init
</UL>
<BR>[Address Reference Count : 1]<UL><LI> entry9a.o(.ARM.Collect$$$$0000000B)
</UL>
<P><STRONG><a name="[1]"></a>NMI_Handler</STRONG> (Thumb, 2 bytes, Stack size 0 bytes, stm32f10x_it.o(.text))
<BR>[Address Reference Count : 1]<UL><LI> startup_stm32f10x_md.o(RESET)
</UL>
<P><STRONG><a name="[2]"></a>HardFault_Handler</STRONG> (Thumb, 2 bytes, Stack size 0 bytes, stm32f10x_it.o(.text))
<BR><BR>[Calls]<UL><LI><a href="#[2]">&gt;&gt;</a>&nbsp;&nbsp;&nbsp;HardFault_Handler
</UL>
<BR>[Called By]<UL><LI><a href="#[2]">&gt;&gt;</a>&nbsp;&nbsp;&nbsp;HardFault_Handler
</UL>
<BR>[Address Reference Count : 1]<UL><LI> startup_stm32f10x_md.o(RESET)
</UL>
<P><STRONG><a name="[3]"></a>MemManage_Handler</STRONG> (Thumb, 2 bytes, Stack size 0 bytes, stm32f10x_it.o(.text))
<BR><BR>[Calls]<UL><LI><a href="#[3]">&gt;&gt;</a>&nbsp;&nbsp;&nbsp;MemManage_Handler
</UL>
<BR>[Called By]<UL><LI><a href="#[3]">&gt;&gt;</a>&nbsp;&nbsp;&nbsp;MemManage_Handler
</UL>
<BR>[Address Reference Count : 1]<UL><LI> startup_stm32f10x_md.o(RESET)
</UL>
<P><STRONG><a name="[4]"></a>BusFault_Handler</STRONG> (Thumb, 2 bytes, Stack size 0 bytes, stm32f10x_it.o(.text))
<BR><BR>[Calls]<UL><LI><a href="#[4]">&gt;&gt;</a>&nbsp;&nbsp;&nbsp;BusFault_Handler
</UL>
<BR>[Called By]<UL><LI><a href="#[4]">&gt;&gt;</a>&nbsp;&nbsp;&nbsp;BusFault_Handler
</UL>
<BR>[Address Reference Count : 1]<UL><LI> startup_stm32f10x_md.o(RESET)
</UL>
<P><STRONG><a name="[5]"></a>UsageFault_Handler</STRONG> (Thumb, 2 bytes, Stack size 0 bytes, stm32f10x_it.o(.text))
<BR><BR>[Calls]<UL><LI><a href="#[5]">&gt;&gt;</a>&nbsp;&nbsp;&nbsp;UsageFault_Handler
</UL>
<BR>[Called By]<UL><LI><a href="#[5]">&gt;&gt;</a>&nbsp;&nbsp;&nbsp;UsageFault_Handler
</UL>
<BR>[Address Reference Count : 1]<UL><LI> startup_stm32f10x_md.o(RESET)
</UL>
<P><STRONG><a name="[6]"></a>SVC_Handler</STRONG> (Thumb, 2 bytes, Stack size 0 bytes, stm32f10x_it.o(.text))
<BR>[Address Reference Count : 1]<UL><LI> startup_stm32f10x_md.o(RESET)
</UL>
<P><STRONG><a name="[7]"></a>DebugMon_Handler</STRONG> (Thumb, 2 bytes, Stack size 0 bytes, stm32f10x_it.o(.text))
<BR>[Address Reference Count : 1]<UL><LI> startup_stm32f10x_md.o(RESET)
</UL>
<P><STRONG><a name="[9]"></a>SysTick_Handler</STRONG> (Thumb, 26 bytes, Stack size 0 bytes, stm32f10x_it.o(.text))
<BR><BR>[Calls]<UL><LI><a href="#[ba]">&gt;&gt;</a>&nbsp;&nbsp;&nbsp;OSTimeTick
<LI><a href="#[b4]">&gt;&gt;</a>&nbsp;&nbsp;&nbsp;OSIntExit
<LI><a href="#[10d]">&gt;&gt;</a>&nbsp;&nbsp;&nbsp;OSIntEnter
</UL>
<BR>[Address Reference Count : 1]<UL><LI> startup_stm32f10x_md.o(RESET)
</UL>
<P><STRONG><a name="[10c]"></a>NVIC_Config</STRONG> (Thumb, 8 bytes, Stack size 0 bytes, stm32f10x_it.o(.text))
<BR><BR>[Calls]<UL><LI><a href="#[10e]">&gt;&gt;</a>&nbsp;&nbsp;&nbsp;NVIC_PriorityGroupConfig
</UL>
<BR>[Called By]<UL><LI><a href="#[35]">&gt;&gt;</a>&nbsp;&nbsp;&nbsp;main
</UL>

<P><STRONG><a name="[ea]"></a>get_all_args</STRONG> (Thumb, 172 bytes, Stack size 0 bytes, get_arg.o(.text))
<BR><BR>[Called By]<UL><LI><a href="#[e8]">&gt;&gt;</a>&nbsp;&nbsp;&nbsp;sig_process_task
</UL>

<P><STRONG><a name="[eb]"></a>put_all_args</STRONG> (Thumb, 22 bytes, Stack size 0 bytes, get_arg.o(.text))
<BR><BR>[Called By]<UL><LI><a href="#[e8]">&gt;&gt;</a>&nbsp;&nbsp;&nbsp;sig_process_task
</UL>

<P><STRONG><a name="[f9]"></a>__aeabi_memcpy</STRONG> (Thumb, 36 bytes, Stack size 0 bytes, memcpya.o(.text))
<BR><BR>[Called By]<UL><LI><a href="#[f8]">&gt;&gt;</a>&nbsp;&nbsp;&nbsp;uip_send
</UL>

<P><STRONG><a name="[10f]"></a>__aeabi_memset</STRONG> (Thumb, 14 bytes, Stack size 0 bytes, memseta.o(.text))
<BR><BR>[Called By]<UL><LI><a href="#[110]">&gt;&gt;</a>&nbsp;&nbsp;&nbsp;_memset$wrapper
<LI><a href="#[ec]">&gt;&gt;</a>&nbsp;&nbsp;&nbsp;__aeabi_memclr
</UL>

<P><STRONG><a name="[ec]"></a>__aeabi_memclr</STRONG> (Thumb, 4 bytes, Stack size 0 bytes, memseta.o(.text))
<BR><BR>[Calls]<UL><LI><a href="#[10f]">&gt;&gt;</a>&nbsp;&nbsp;&nbsp;__aeabi_memset
</UL>
<BR>[Called By]<UL><LI><a href="#[e8]">&gt;&gt;</a>&nbsp;&nbsp;&nbsp;sig_process_task
</UL>

<P><STRONG><a name="[110]"></a>_memset$wrapper</STRONG> (Thumb, 18 bytes, Stack size 0 bytes, memseta.o(.text), UNUSED)
<BR><BR>[Calls]<UL><LI><a href="#[10f]">&gt;&gt;</a>&nbsp;&nbsp;&nbsp;__aeabi_memset
</UL>

<P><STRONG><a name="[e7]"></a>strcat</STRONG> (Thumb, 24 bytes, Stack size 0 bytes, strcat.o(.text))
<BR><BR>[Called By]<UL><LI><a href="#[e5]">&gt;&gt;</a>&nbsp;&nbsp;&nbsp;sig_process_status
</UL>

<P><STRONG><a name="[10b]"></a>strlen</STRONG> (Thumb, 14 bytes, Stack size 0 bytes, strlen.o(.text))
<BR><BR>[Called By]<UL><LI><a href="#[f7]">&gt;&gt;</a>&nbsp;&nbsp;&nbsp;tcp_sever_call
</UL>

<P><STRONG><a name="[e9]"></a>memcmp</STRONG> (Thumb, 26 bytes, Stack size 0 bytes, memcmp.o(.text))
<BR><BR>[Called By]<UL><LI><a href="#[e8]">&gt;&gt;</a>&nbsp;&nbsp;&nbsp;sig_process_task
</UL>

<P><STRONG><a name="[e6]"></a>strcpy</STRONG> (Thumb, 18 bytes, Stack size 0 bytes, strcpy.o(.text))
<BR><BR>[Called By]<UL><LI><a href="#[f7]">&gt;&gt;</a>&nbsp;&nbsp;&nbsp;tcp_sever_call
<LI><a href="#[e5]">&gt;&gt;</a>&nbsp;&nbsp;&nbsp;sig_process_status
</UL>

<P><STRONG><a name="[63]"></a>__aeabi_fmul</STRONG> (Thumb, 100 bytes, Stack size 0 bytes, fmul.o(.text), UNUSED)
<BR><BR>[Called By]<UL><LI><a href="#[62]">&gt;&gt;</a>&nbsp;&nbsp;&nbsp;print_float
</UL>

<P><STRONG><a name="[a0]"></a>__aeabi_dadd</STRONG> (Thumb, 322 bytes, Stack size 0 bytes, dadd.o(.text))
<BR><BR>[Calls]<UL><LI><a href="#[112]">&gt;&gt;</a>&nbsp;&nbsp;&nbsp;__aeabi_lasr
<LI><a href="#[111]">&gt;&gt;</a>&nbsp;&nbsp;&nbsp;__aeabi_llsl
<LI><a href="#[114]">&gt;&gt;</a>&nbsp;&nbsp;&nbsp;_double_round
<LI><a href="#[113]">&gt;&gt;</a>&nbsp;&nbsp;&nbsp;_double_epilogue
</UL>
<BR>[Called By]<UL><LI><a href="#[9b]">&gt;&gt;</a>&nbsp;&nbsp;&nbsp;get_temp
<LI><a href="#[116]">&gt;&gt;</a>&nbsp;&nbsp;&nbsp;__aeabi_drsub
<LI><a href="#[115]">&gt;&gt;</a>&nbsp;&nbsp;&nbsp;__aeabi_dsub
</UL>

<P><STRONG><a name="[115]"></a>__aeabi_dsub</STRONG> (Thumb, 6 bytes, Stack size 0 bytes, dadd.o(.text), UNUSED)
<BR><BR>[Calls]<UL><LI><a href="#[a0]">&gt;&gt;</a>&nbsp;&nbsp;&nbsp;__aeabi_dadd
</UL>

<P><STRONG><a name="[116]"></a>__aeabi_drsub</STRONG> (Thumb, 6 bytes, Stack size 0 bytes, dadd.o(.text), UNUSED)
<BR><BR>[Calls]<UL><LI><a href="#[a0]">&gt;&gt;</a>&nbsp;&nbsp;&nbsp;__aeabi_dadd
</UL>

<P><STRONG><a name="[a1]"></a>__aeabi_dmul</STRONG> (Thumb, 228 bytes, Stack size 0 bytes, dmul.o(.text))
<BR><BR>[Calls]<UL><LI><a href="#[113]">&gt;&gt;</a>&nbsp;&nbsp;&nbsp;_double_epilogue
</UL>
<BR>[Called By]<UL><LI><a href="#[9b]">&gt;&gt;</a>&nbsp;&nbsp;&nbsp;get_temp
</UL>

<P><STRONG><a name="[9f]"></a>__aeabi_ddiv</STRONG> (Thumb, 222 bytes, Stack size 0 bytes, ddiv.o(.text))
<BR><BR>[Calls]<UL><LI><a href="#[114]">&gt;&gt;</a>&nbsp;&nbsp;&nbsp;_double_round
</UL>
<BR>[Called By]<UL><LI><a href="#[9b]">&gt;&gt;</a>&nbsp;&nbsp;&nbsp;get_temp
</UL>

<P><STRONG><a name="[9e]"></a>__aeabi_i2d</STRONG> (Thumb, 34 bytes, Stack size 0 bytes, dflti.o(.text))
<BR><BR>[Calls]<UL><LI><a href="#[113]">&gt;&gt;</a>&nbsp;&nbsp;&nbsp;_double_epilogue
</UL>
<BR>[Called By]<UL><LI><a href="#[9b]">&gt;&gt;</a>&nbsp;&nbsp;&nbsp;get_temp
</UL>

<P><STRONG><a name="[64]"></a>__aeabi_f2iz</STRONG> (Thumb, 50 bytes, Stack size 0 bytes, ffixi.o(.text), UNUSED)
<BR><BR>[Called By]<UL><LI><a href="#[62]">&gt;&gt;</a>&nbsp;&nbsp;&nbsp;print_float
</UL>

<P><STRONG><a name="[a2]"></a>__aeabi_d2iz</STRONG> (Thumb, 62 bytes, Stack size 0 bytes, dfixi.o(.text))
<BR><BR>[Calls]<UL><LI><a href="#[117]">&gt;&gt;</a>&nbsp;&nbsp;&nbsp;__aeabi_llsr
</UL>
<BR>[Called By]<UL><LI><a href="#[9b]">&gt;&gt;</a>&nbsp;&nbsp;&nbsp;get_temp
</UL>

<P><STRONG><a name="[111]"></a>__aeabi_llsl</STRONG> (Thumb, 30 bytes, Stack size 0 bytes, llshl.o(.text))
<BR><BR>[Called By]<UL><LI><a href="#[a0]">&gt;&gt;</a>&nbsp;&nbsp;&nbsp;__aeabi_dadd
<LI><a href="#[113]">&gt;&gt;</a>&nbsp;&nbsp;&nbsp;_double_epilogue
</UL>

<P><STRONG><a name="[117]"></a>__aeabi_llsr</STRONG> (Thumb, 32 bytes, Stack size 0 bytes, llushr.o(.text))
<BR><BR>[Called By]<UL><LI><a href="#[a2]">&gt;&gt;</a>&nbsp;&nbsp;&nbsp;__aeabi_d2iz
<LI><a href="#[113]">&gt;&gt;</a>&nbsp;&nbsp;&nbsp;_double_epilogue
</UL>

<P><STRONG><a name="[112]"></a>__aeabi_lasr</STRONG> (Thumb, 36 bytes, Stack size 0 bytes, llsshr.o(.text))
<BR><BR>[Called By]<UL><LI><a href="#[a0]">&gt;&gt;</a>&nbsp;&nbsp;&nbsp;__aeabi_dadd
</UL>

<P><STRONG><a name="[114]"></a>_double_round</STRONG> (Thumb, 30 bytes, Stack size 0 bytes, depilogue.o(.text))
<BR><BR>[Called By]<UL><LI><a href="#[9f]">&gt;&gt;</a>&nbsp;&nbsp;&nbsp;__aeabi_ddiv
<LI><a href="#[a0]">&gt;&gt;</a>&nbsp;&nbsp;&nbsp;__aeabi_dadd
<LI><a href="#[113]">&gt;&gt;</a>&nbsp;&nbsp;&nbsp;_double_epilogue
</UL>

<P><STRONG><a name="[113]"></a>_double_epilogue</STRONG> (Thumb, 156 bytes, Stack size 0 bytes, depilogue.o(.text))
<BR><BR>[Calls]<UL><LI><a href="#[117]">&gt;&gt;</a>&nbsp;&nbsp;&nbsp;__aeabi_llsr
<LI><a href="#[111]">&gt;&gt;</a>&nbsp;&nbsp;&nbsp;__aeabi_llsl
<LI><a href="#[114]">&gt;&gt;</a>&nbsp;&nbsp;&nbsp;_double_round
</UL>
<BR>[Called By]<UL><LI><a href="#[9e]">&gt;&gt;</a>&nbsp;&nbsp;&nbsp;__aeabi_i2d
<LI><a href="#[a1]">&gt;&gt;</a>&nbsp;&nbsp;&nbsp;__aeabi_dmul
<LI><a href="#[a0]">&gt;&gt;</a>&nbsp;&nbsp;&nbsp;__aeabi_dadd
</UL>

<P><STRONG><a name="[3b]"></a>__scatterload</STRONG> (Thumb, 28 bytes, Stack size 0 bytes, init.o(.text))
<BR><BR>[Calls]<UL><LI><a href="#[118]">&gt;&gt;</a>&nbsp;&nbsp;&nbsp;__main_after_scatterload
</UL>
<BR>[Called By]<UL><LI><a href="#[3a]">&gt;&gt;</a>&nbsp;&nbsp;&nbsp;_main_scatterload
</UL>

<P><STRONG><a name="[fe]"></a>__ARM_common_memclr4_6</STRONG> (Thumb, 8 bytes, Stack size 0 bytes, uip_arp.o(i.__ARM_common_memclr4_6))
<BR><BR>[Called By]<UL><LI><a href="#[fc]">&gt;&gt;</a>&nbsp;&nbsp;&nbsp;uip_arp_out
</UL>

<P><STRONG><a name="[fd]"></a>__ARM_common_memset4_6</STRONG> (Thumb, 16 bytes, Stack size 0 bytes, uip_arp.o(i.__ARM_common_memset4_6))
<BR><BR>[Called By]<UL><LI><a href="#[fc]">&gt;&gt;</a>&nbsp;&nbsp;&nbsp;uip_arp_out
</UL>
<P>
<H3>
Local Symbols
</H3>
<P><STRONG><a name="[4a]"></a>TI2_Config</STRONG> (Thumb, 124 bytes, Stack size 0 bytes, stm32f10x_tim.o(.text), UNUSED)
<BR><BR>[Called By]<UL><LI><a href="#[4c]">&gt;&gt;</a>&nbsp;&nbsp;&nbsp;TIM_TIxExternalClockConfig
<LI><a href="#[4b]">&gt;&gt;</a>&nbsp;&nbsp;&nbsp;TIM_PWMIConfig
<LI><a href="#[48]">&gt;&gt;</a>&nbsp;&nbsp;&nbsp;TIM_ICInit
</UL>

<P><STRONG><a name="[49]"></a>TI1_Config</STRONG> (Thumb, 122 bytes, Stack size 0 bytes, stm32f10x_tim.o(.text), UNUSED)
<BR><BR>[Called By]<UL><LI><a href="#[4c]">&gt;&gt;</a>&nbsp;&nbsp;&nbsp;TIM_TIxExternalClockConfig
<LI><a href="#[4b]">&gt;&gt;</a>&nbsp;&nbsp;&nbsp;TIM_PWMIConfig
<LI><a href="#[48]">&gt;&gt;</a>&nbsp;&nbsp;&nbsp;TIM_ICInit
</UL>

<P><STRONG><a name="[e5]"></a>sig_process_status</STRONG> (Thumb, 140 bytes, Stack size 0 bytes, app_mian.o(.text))
<BR><BR>[Calls]<UL><LI><a href="#[e6]">&gt;&gt;</a>&nbsp;&nbsp;&nbsp;strcpy
<LI><a href="#[e7]">&gt;&gt;</a>&nbsp;&nbsp;&nbsp;strcat
</UL>
<BR>[Called By]<UL><LI><a href="#[e8]">&gt;&gt;</a>&nbsp;&nbsp;&nbsp;sig_process_task
</UL>

<P><STRONG><a name="[f4]"></a>uip_add_rcv_nxt</STRONG> (Thumb, 38 bytes, Stack size 0 bytes, uip.o(.text))
<BR><BR>[Calls]<UL><LI><a href="#[f5]">&gt;&gt;</a>&nbsp;&nbsp;&nbsp;uip_add32
</UL>
<BR>[Called By]<UL><LI><a href="#[f6]">&gt;&gt;</a>&nbsp;&nbsp;&nbsp;uip_process
</UL>

<P><STRONG><a name="[f1]"></a>chksum</STRONG> (Thumb, 62 bytes, Stack size 0 bytes, uip.o(.text))
<BR><BR>[Called By]<UL><LI><a href="#[f6]">&gt;&gt;</a>&nbsp;&nbsp;&nbsp;uip_process
<LI><a href="#[f3]">&gt;&gt;</a>&nbsp;&nbsp;&nbsp;uip_tcpchksum
<LI><a href="#[f2]">&gt;&gt;</a>&nbsp;&nbsp;&nbsp;uip_ipchksum
<LI><a href="#[f0]">&gt;&gt;</a>&nbsp;&nbsp;&nbsp;uip_chksum
</UL>

<P><STRONG><a name="[fb]"></a>uip_arp_update</STRONG> (Thumb, 198 bytes, Stack size 0 bytes, uip_arp.o(.text))
<BR><BR>[Called By]<UL><LI><a href="#[fa]">&gt;&gt;</a>&nbsp;&nbsp;&nbsp;uip_arp_arpin
</UL>
<P>
<H3>
Undefined Global Symbols
</H3><HR></body></html>
